 PhysXCooking_64

 Timestamp is 5c236e0d (Wed Dec 26 13:03:25 2018)

 Preferred load address is 0000000180000000

 Start         Length     Name                   Class
 0001:00000000 00000640H .text$di                CODE
 0001:00000640 0002d900H .text$mn                CODE
 0001:0002df40 000000d2H .text$mn$00             CODE
 0001:0002e012 00000084H .text$x                 CODE
 0002:00000000 000001b8H .idata$5                DATA
 0002:000001b8 00000020H .00cfg                  DATA
 0002:000001d8 00000008H .CRT$XCA                DATA
 0002:000001e0 000001e0H .CRT$XCU                DATA
 0002:000003c0 00000008H .CRT$XCZ                DATA
 0002:000003c8 00000008H .CRT$XIA                DATA
 0002:000003d0 00000008H .CRT$XIZ                DATA
 0002:000003d8 00000008H .CRT$XPA                DATA
 0002:000003e0 00000008H .CRT$XPZ                DATA
 0002:000003e8 00000008H .CRT$XTA                DATA
 0002:000003f0 00000010H .CRT$XTZ                DATA
 0002:000003f8 00000000H .gfids$y                DATA
 0002:00000400 000023e8H .rdata                  DATA
 0002:000027e8 00000074H .rdata$r                DATA
 0002:0000285c 000003a4H .rdata$zzzdbg           DATA
 0002:00002c00 00000008H .rtc$IAA                DATA
 0002:00002c08 00000008H .rtc$IZZ                DATA
 0002:00002c10 00000008H .rtc$TAA                DATA
 0002:00002c18 00000008H .rtc$TZZ                DATA
 0002:00002c20 000036dcH .xdata                  DATA
 0002:000062fc 00000040H .didat$2                DATA
 0002:0000633c 00000024H .didat$3                DATA
 0002:00006360 00000210H .didat$4                DATA
 0002:00006570 00000cf0H .didat$6                DATA
 0002:00007260 00000210H .didat$7                DATA
 0002:00007470 00001d10H .edata                  DATA
 0002:00009180 00000078H .idata$2                DATA
 0002:000091f8 00000018H .idata$3                DATA
 0002:00009210 000001b8H .idata$4                DATA
 0002:000093c8 00000442H .idata$6                DATA
 0003:00000000 00000058H .data                   DATA
 0003:00000058 00000328H .data$r                 DATA
 0003:00000380 00000210H .didat$5                DATA
 0003:00000590 00000490H .bss                    DATA
 0004:00000000 0000210cH .pdata                  DATA
 0005:00000000 000006e0H _RDATA                  DATA
 0006:00000000 000000a0H .rsrc$01                DATA
 0006:000000a0 000004b0H .rsrc$02                DATA

  Address         Publics by Value              Rva+Base               Lib:Object

 0000:00000000       ___safe_se_handler_count   0000000000000000     <absolute>
 0000:00000000       __guard_iat_count          0000000000000000     <absolute>
 0000:00000000       __hybrid_code_map          0000000000000000     <absolute>
 0000:00000000       __hybrid_code_map_count    0000000000000000     <absolute>
 0000:00000000       __guard_fids_count         0000000000000000     <absolute>
 0000:00000000       ___safe_se_handler_table   0000000000000000     <absolute>
 0000:00000000       __guard_fids_table         0000000000000000     <absolute>
 0000:00000000       __guard_longjmp_table      0000000000000000     <absolute>
 0000:00000000       __enclave_config           0000000000000000     <absolute>
 0000:00000000       __guard_iat_table          0000000000000000     <absolute>
 0000:00000000       __dynamic_value_reloc_table 0000000000000000     <absolute>
 0000:00000000       __guard_longjmp_count      0000000000000000     <absolute>
 0000:00000000       __hybrid_auxiliary_iat     0000000000000000     <absolute>
 0000:00000100       __guard_flags              0000000000000100     <absolute>
 0000:00000000       __ImageBase                0000000180000000     <linker-defined>
 0001:00000640       ?ComputeNbBoundaryEdges@AdjTriangle@physx@@QEBAIXZ 0000000180001640 f   Adjacencies.obj
 0001:00000690       ?ComputeNbNeighbors@AdjTriangle@physx@@QEBAIXZ 0000000180001690 f   Adjacencies.obj
 0001:000006e0       ?HasNeighbor@AdjTriangle@physx@@QEBA_NIPEAI@Z 00000001800016e0 f   Adjacencies.obj
 0001:00000750       ?Flip@AdjTriangle@physx@@QEAAXXZ 0000000180001750 f   Adjacencies.obj
 0001:00000770       ??0Adjacencies@physx@@QEAA@XZ 0000000180001770 f   Adjacencies.obj
 0001:00000790       ??1Adjacencies@physx@@QEAA@XZ 0000000180001790 f   Adjacencies.obj
 0001:00000800       ?Load@Adjacencies@physx@@QEAA_NAEAVPxInputStream@2@@Z 0000000180001800 f   Adjacencies.obj
 0001:00000920       ?ComputeNbBoundaryEdges@Adjacencies@physx@@QEBAIXZ 0000000180001920 f   Adjacencies.obj
 0001:000009a0       ?GetBoundaryVertices@Adjacencies@physx@@QEBA_NIPEA_NPEBU?$TriangleT@I@Gu@2@@Z 00000001800019a0 f   Adjacencies.obj
 0001:00000b00       ?MakeLastRef@Adjacencies@physx@@QEAA_NAEAVAdjTriangle@2@IPEAU?$TriangleT@I@Gu@2@@Z 0000000180001b00 f   Adjacencies.obj
 0001:00000d30       ?AssignNewEdgeCode@Adjacencies@physx@@AEAAXIE@Z 0000000180001d30 f   Adjacencies.obj
 0001:00000d80       ??0AdjacenciesBuilder@physx@@QEAA@XZ 0000000180001d80 f   Adjacencies.obj
 0001:00000da0       ??1AdjacenciesBuilder@physx@@QEAA@XZ 0000000180001da0 f   Adjacencies.obj
 0001:00000db0       ?Init@AdjacenciesBuilder@physx@@QEAA_NAEBUADJACENCIESCREATE@2@@Z 0000000180001db0 f   Adjacencies.obj
 0001:00001190       ??0AdjEdge@@QEAA@XZ        0000000180002190 f i Adjacencies.obj
 0001:000011a0       ??0AdjTriangle@physx@@QEAA@XZ 00000001800021a0 f i Adjacencies.obj
 0001:000011b0       ??0Allocator@shdfnd@physx@@QEAA@PEBD@Z 00000001800021b0 f i Adjacencies.obj
 0001:000011c0       ??0PxFoundation@physx@@QEAA@AEBV01@@Z 00000001800021c0 f i Adjacencies.obj
 0001:000011d0       ??0PxFoundation@physx@@QEAA@XZ 00000001800021d0 f i Adjacencies.obj
 0001:000011e0       ??1AdjEdge@@QEAA@XZ        00000001800021e0 f i Adjacencies.obj
 0001:000011f0       ??1AdjTriangle@physx@@QEAA@XZ 00000001800021f0 f i Adjacencies.obj
 0001:00001200       ??1PxFoundation@physx@@MEAA@XZ 0000000180002200 f i Adjacencies.obj
 0001:00001210       ??4Allocator@shdfnd@physx@@QEAAAEAV012@$$QEAV012@@Z 0000000180002210 f i Adjacencies.obj
 0001:00001220       ??4Allocator@shdfnd@physx@@QEAAAEAV012@AEBV012@@Z 0000000180002220 f i Adjacencies.obj
 0001:00001230       ??4MutexImpl@shdfnd@physx@@QEAAAEAV012@AEBV012@@Z 0000000180002230 f i Adjacencies.obj
 0001:00001240       ??4PxFoundation@physx@@QEAAAEAV01@AEBV01@@Z 0000000180002240 f i Adjacencies.obj
 0001:00001250       ??_EAdjEdge@@QEAAPEAXI@Z   0000000180002250 f i Adjacencies.obj
 0001:000012d0       ??_EAdjTriangle@physx@@QEAAPEAXI@Z 00000001800022d0 f i Adjacencies.obj
 0001:00001350       ??_EPxFoundation@physx@@MEAAPEAXI@Z 0000000180002350 f i Adjacencies.obj
 0001:000013e0       ??_FAllocator@shdfnd@physx@@QEAAXXZ 00000001800023e0 f i Adjacencies.obj
 0001:000013f0       ??_FNamedAllocator@shdfnd@physx@@QEAAXXZ 00000001800023f0 f i Adjacencies.obj
 0001:00001400       ??_GPxFoundation@physx@@MEAAPEAXI@Z 0000000180002400 f i Adjacencies.obj
 0001:00001430       ??_H@YAXPEAX_K1P6APEAX0@Z@Z 0000000180002430 f i Adjacencies.obj
 0001:00001480       ??_I@YAXPEAX_K1P6AX0@Z@Z   0000000180002480 f i Adjacencies.obj
 0001:00001740       ?GetNbHits@RadixSort@Cm@physx@@QEBAIXZ 0000000180002740 f i Adjacencies.obj
 0001:00001750       ?GetNbTotalCalls@RadixSort@Cm@physx@@QEBAIXZ 0000000180002750 f i Adjacencies.obj
 0001:00001760       ?GetRanks@RadixSort@Cm@physx@@QEBAPEBIXZ 0000000180002760 f i Adjacencies.obj
 0001:00001770       ?GetRecyclable@RadixSort@Cm@physx@@QEBAPEAIXZ 0000000180002770 f i Adjacencies.obj
 0001:000019c0       ?__empty_global_delete@@YAXPEAX@Z 00000001800029c0 f i Adjacencies.obj
 0001:000019d0       ?__empty_global_delete@@YAXPEAX_K@Z 00000001800029d0 f i Adjacencies.obj
 0001:000019e0       ?getAllocator@Foundation@shdfnd@physx@@QEAAAEAVPxAllocatorCallback@3@XZ 00000001800029e0 f i Adjacencies.obj
 0001:000019f0       ?getAllocatorCallback@Foundation@shdfnd@physx@@UEAAAEAVPxAllocatorCallback@3@XZ 00000001800029f0 f i Adjacencies.obj
 0001:00001a00       ?getErrorCallback@Foundation@shdfnd@physx@@UEAAAEAVPxErrorCallback@3@XZ 0000000180002a00 f i Adjacencies.obj
 0001:00001a10       ?getErrorLevel@Foundation@shdfnd@physx@@UEBA?AW4Enum@PxErrorCode@3@XZ 0000000180002a10 f i Adjacencies.obj
 0001:00001a20       ?getInternalErrorCallback@Foundation@shdfnd@physx@@QEAAAEAVPxErrorCallback@3@XZ 0000000180002a20 f i Adjacencies.obj
 0001:00001a30       ?getNamedAllocMap@Foundation@shdfnd@physx@@QEAAAEAV?$HashMap@PEBVNamedAllocator@shdfnd@physx@@PEBDU?$Hash@PEBVNamedAllocator@shdfnd@physx@@@23@VNonTrackingAllocator@23@@23@XZ 0000000180002a30 f i Adjacencies.obj
 0001:00001a40       ?getNamedAllocMutex@Foundation@shdfnd@physx@@QEAAAEAV?$MutexT@VAllocator@shdfnd@physx@@@23@XZ 0000000180002a40 f i Adjacencies.obj
 0001:00001a50       ?getReportAllocationNames@Foundation@shdfnd@physx@@UEBA_NXZ 0000000180002a50 f i Adjacencies.obj
 0001:00001a60       ?getTempAllocFreeTable@Foundation@shdfnd@physx@@QEAAAEAV?$Array@PEATTempAllocatorChunk@shdfnd@physx@@VAllocator@23@@23@XZ 0000000180002a60 f i Adjacencies.obj
 0001:00001a70       ?getTempAllocMutex@Foundation@shdfnd@physx@@QEAAAEAV?$MutexT@VAllocator@shdfnd@physx@@@23@XZ 0000000180002a70 f i Adjacencies.obj
 0001:00001a80       ?invalidateRanks@RadixSort@Cm@physx@@QEAAXXZ 0000000180002a80 f i Adjacencies.obj
 0001:00001a90       ?setErrorLevel@Foundation@shdfnd@physx@@UEAAXW4Enum@PxErrorCode@3@@Z 0000000180002a90 f i Adjacencies.obj
 0001:00001aa0       ?setReportAllocationNames@Foundation@shdfnd@physx@@UEAAX_N@Z 0000000180002aa0 f i Adjacencies.obj
 0001:00001ab0       PxCreateCooking            0000000180002ab0 f   Cooking.obj
 0001:00001ba0       ?release@Cooking@physx@@UEAAXXZ 0000000180002ba0 f   Cooking.obj
 0001:00001bd0       ?setParams@Cooking@physx@@UEAAXAEBUPxCookingParams@2@@Z 0000000180002bd0 f   Cooking.obj
 0001:00001c30       ?getParams@Cooking@physx@@UEBAAEBUPxCookingParams@2@XZ 0000000180002c30 f   Cooking.obj
 0001:00001c40       ?platformMismatch@Cooking@physx@@UEBA_NXZ 0000000180002c40 f   Cooking.obj
 0001:00001c50       ?cookTriangleMesh@Cooking@physx@@UEBA_NAEBVPxTriangleMeshDesc@2@AEAVPxOutputStream@2@PEAW4Enum@PxTriangleMeshCookingResult@2@@Z 0000000180002c50 f   Cooking.obj
 0001:00001d90       ?createTriangleMesh@Cooking@physx@@UEBAPEAVPxTriangleMesh@2@AEBVPxTriangleMeshDesc@2@AEAVPxPhysicsInsertionCallback@2@PEAW4Enum@PxTriangleMeshCookingResult@2@@Z 0000000180002d90 f   Cooking.obj
 0001:00001ef0       ?validateTriangleMesh@Cooking@physx@@UEBA_NAEBVPxTriangleMeshDesc@2@@Z 0000000180002ef0 f   Cooking.obj
 0001:00002000       ?cookConvexMesh@Cooking@physx@@UEBA_NAEBVPxConvexMeshDesc@2@AEAVPxOutputStream@2@PEAW4Enum@PxConvexMeshCookingResult@2@@Z 0000000180003000 f   Cooking.obj
 0001:000021f0       ?createConvexMesh@Cooking@physx@@UEBAPEAVPxConvexMesh@2@AEBVPxConvexMeshDesc@2@AEAVPxPhysicsInsertionCallback@2@PEAW4Enum@PxConvexMeshCookingResult@2@@Z 00000001800031f0 f   Cooking.obj
 0001:00002480       ?validateConvexMesh@Cooking@physx@@UEBA_NAEBVPxConvexMeshDesc@2@@Z 0000000180003480 f   Cooking.obj
 0001:000024f0       ?computeHullPolygons@Cooking@physx@@UEBA_NAEBVPxSimpleTriangleMesh@2@AEAVPxAllocatorCallback@2@AEAIAEAPEAVPxVec3@2@2AEAPEAI2AEAPEAUPxHullPolygon@2@@Z 00000001800034f0 f   Cooking.obj
 0001:000026d0       ?cookHeightField@Cooking@physx@@UEBA_NAEBVPxHeightFieldDesc@2@AEAVPxOutputStream@2@@Z 00000001800036d0 f   Cooking.obj
 0001:000027d0       ?createHeightField@Cooking@physx@@UEBAPEAVPxHeightField@2@AEBVPxHeightFieldDesc@2@AEAVPxPhysicsInsertionCallback@2@@Z 00000001800037d0 f   Cooking.obj
 0001:000029a0       ?cookBVHStructure@Cooking@physx@@UEBA_NAEBVPxBVHStructureDesc@2@AEAVPxOutputStream@2@@Z 00000001800039a0 f   Cooking.obj
 0001:00002a80       ?createBVHStructure@Cooking@physx@@UEBAPEAVPxBVHStructure@2@AEBVPxBVHStructureDesc@2@AEAVPxPhysicsInsertionCallback@2@@Z 0000000180003a80 f   Cooking.obj
 0001:00002b60       ?cookConvexMeshInternal@Cooking@physx@@AEBA_NAEBVPxConvexMeshDesc@2@AEAVConvexMeshBuilder@2@PEAVConvexHullLib@2@PEAW4Enum@PxConvexMeshCookingResult@2@@Z 0000000180003b60 f   Cooking.obj
 0001:00002e10       ?cookTriangleMesh@Cooking@physx@@AEBA_NAEAVTriangleMeshBuilder@2@AEBVPxTriangleMeshDesc@2@AEAVPxOutputStream@2@PEAW4Enum@PxTriangleMeshCookingResult@2@@Z 0000000180003e10 f   Cooking.obj
 0001:00002eb0       ?createTriangleMesh@Cooking@physx@@AEBAPEAVPxTriangleMesh@2@AEAVTriangleMeshBuilder@2@AEBVPxTriangleMeshDesc@2@AEAVPxPhysicsInsertionCallback@2@PEAW4Enum@PxTriangleMeshCookingResult@2@@Z 0000000180003eb0 f   Cooking.obj
 0001:00002f60       ??0ConvexMesh@Gu@physx@@QEAA@V?$PxFlags@W4Enum@PxBaseFlag@physx@@G@2@@Z 0000000180003f60 f i Cooking.obj
 0001:00002fb0       ??0DebugText@Cm@physx@@QEAA@$$QEAU012@@Z 0000000180003fb0 f i Cooking.obj
 0001:00003090       ??0DebugText@Cm@physx@@QEAA@AEBU012@@Z 0000000180004090 f i Cooking.obj
 0001:00003170       ??0HeightFieldData@Gu@physx@@QEAA@$$QEAU012@@Z 0000000180004170 f i Cooking.obj
 0001:000031d0       ??0HeightFieldData@Gu@physx@@QEAA@AEBU012@@Z 00000001800041d0 f i Cooking.obj
 0001:00003230       ??0HeightFieldData@Gu@physx@@QEAA@W4PxEMPTY@2@@Z 0000000180004230 f i Cooking.obj
 0001:00003240       ??0HeightFieldData@Gu@physx@@QEAA@XZ 0000000180004240 f i Cooking.obj
 0001:00003250       ??0RenderOutput@Cm@physx@@QEAA@AEAVRenderBuffer@12@@Z 0000000180004250 f i Cooking.obj
 0001:000032a0       ??0RenderOutput@Cm@physx@@QEAA@AEBV012@@Z 00000001800042a0 f i Cooking.obj
 0001:00003340       ??1HeightFieldData@Gu@physx@@QEAA@XZ 0000000180004340 f i Cooking.obj
 0001:00003350       ??1PxBase@physx@@MEAA@XZ   0000000180004350 f i Cooking.obj
 0001:00003360       ??1PxConvexMesh@physx@@MEAA@XZ 0000000180004360 f i Cooking.obj
 0001:00003370       ??1PxCooking@physx@@MEAA@XZ 0000000180004370 f i Cooking.obj
 0001:00003380       ??1PxHeightField@physx@@MEAA@XZ 0000000180004380 f i Cooking.obj
 0001:00003390       ??1RefCountable@Cm@physx@@UEAA@XZ 0000000180004390 f i Cooking.obj
 0001:000033a0       ??4DebugText@Cm@physx@@QEAAAEAU012@$$QEAU012@@Z 00000001800043a0 f i Cooking.obj
 0001:00003410       ??4DebugText@Cm@physx@@QEAAAEAU012@AEBU012@@Z 0000000180004410 f i Cooking.obj
 0001:00003480       ??4FPUGuard@shdfnd@physx@@QEAAAEAV012@AEBV012@@Z 0000000180004480 f i Cooking.obj
 0001:000034a0       ??4HeightFieldData@Gu@physx@@QEAAAEAU012@$$QEAU012@@Z 00000001800044a0 f i Cooking.obj
 0001:00003500       ??4HeightFieldData@Gu@physx@@QEAAAEAU012@AEBU012@@Z 0000000180004500 f i Cooking.obj
 0001:00003560       ??_EConvexMesh@Gu@physx@@UEAAPEAXI@Z 0000000180004560 f i Cooking.obj
 0001:0000366c       ??_EConvexMesh@Gu@physx@@WBA@EAAPEAXI@Z 000000018000466c f i Cooking.obj
 0001:00003680       ??_EPxConvexMesh@physx@@MEAAPEAXI@Z 0000000180004680 f i Cooking.obj
 0001:00003710       ??_ECooking@physx@@UEAAPEAXI@Z 0000000180004710 f i Cooking.obj
 0001:00003710       ??_GCooking@physx@@UEAAPEAXI@Z 0000000180004710 f i Cooking.obj
 0001:00003760       ??_EPxBase@physx@@MEAAPEAXI@Z 0000000180004760 f i Cooking.obj
 0001:00003760       ??_GPxBase@physx@@MEAAPEAXI@Z 0000000180004760 f i Cooking.obj
 0001:00003790       ??_EPxCooking@physx@@MEAAPEAXI@Z 0000000180004790 f i Cooking.obj
 0001:00003790       ??_GPxCooking@physx@@MEAAPEAXI@Z 0000000180004790 f i Cooking.obj
 0001:000037c0       ??_GRefCountable@Cm@physx@@UEAAPEAXI@Z 00000001800047c0 f i Cooking.obj
 0001:000037c0       ??_ERefCountable@Cm@physx@@UEAAPEAXI@Z 00000001800047c0 f i Cooking.obj
 0001:000037f0       ?copy@?$Array@UPxDebugLine@physx@@VNamedAllocator@shdfnd@2@@shdfnd@physx@@KAXPEAUPxDebugLine@3@0PEBU43@@Z 00000001800047f0 f i Cooking.obj
 0001:000039a0       ?getConcreteTypeName@PxConvexMesh@physx@@UEBAPEBDXZ 00000001800049a0 f i Cooking.obj
 0001:000039b0       ?getConcreteTypeName@PxHeightField@physx@@UEBAPEBDXZ 00000001800049b0 f i Cooking.obj
 0001:000039c0       ?getConvexEdgeThreshold@HeightField@Gu@physx@@UEBAMXZ 00000001800049c0 f i Cooking.obj
 0001:000039d0       ?getFlags@HeightField@Gu@physx@@UEBA?AV?$PxFlags@W4Enum@PxHeightFieldFlag@physx@@G@3@XZ 00000001800049d0 f i Cooking.obj
 0001:000039e0       ?getFormat@HeightField@Gu@physx@@UEBA?AW4Enum@PxHeightFieldFormat@3@XZ 00000001800049e0 f i Cooking.obj
 0001:000039f0       ?getHeight@HeightField@Gu@physx@@UEBAMMM@Z 00000001800049f0 f i Cooking.obj
 0001:00003a30       ?getHeightInternal2@HeightField@Gu@physx@@QEBAMIMM@Z 0000000180004a30 f i Cooking.obj
 0001:00003ba0       ?getIndexBuffer@ConvexMesh@Gu@physx@@UEBAPEBEXZ 0000000180004ba0 f i Cooking.obj
 0001:00003be0       ?getNbColumns@HeightField@Gu@physx@@UEBAIXZ 0000000180004be0 f i Cooking.obj
 0001:00003bf0       ?getNbPolygons@ConvexMesh@Gu@physx@@UEBAIXZ 0000000180004bf0 f i Cooking.obj
 0001:00003c00       ?getNbRows@HeightField@Gu@physx@@UEBAIXZ 0000000180004c00 f i Cooking.obj
 0001:00003c10       ?getNbVertices@ConvexMesh@Gu@physx@@UEBAIXZ 0000000180004c10 f i Cooking.obj
 0001:00003c20       ?getPaddedBounds@HeightFieldData@Gu@physx@@QEBAAEBVCenterExtentsPadded@23@XZ 0000000180004c20 f i Cooking.obj
 0001:00003c30       ?getSample@HeightField@Gu@physx@@UEBAAEBUPxHeightFieldSample@3@II@Z 0000000180004c30 f i Cooking.obj
 0001:00003c40       ?getSampleStride@HeightField@Gu@physx@@UEBAIXZ 0000000180004c40 f i Cooking.obj
 0001:00003c50       ?getTimestamp@HeightField@Gu@physx@@UEBAIXZ 0000000180004c50 f i Cooking.obj
 0001:00003c60       ?getTriangleMaterialIndex@HeightField@Gu@physx@@UEBAGI@Z 0000000180004c60 f i Cooking.obj
 0001:00003c90       ?getTriangleNormal@HeightField@Gu@physx@@UEBA?AVPxVec3@3@I@Z 0000000180004c90 f i Cooking.obj
 0001:00003d90       ?getVertices@ConvexMesh@Gu@physx@@UEBAPEBVPxVec3@3@XZ 0000000180004d90 f i Cooking.obj
 0001:00003db0       ?isKindOf@PxBase@physx@@MEBA_NPEBD@Z 0000000180004db0 f i Cooking.obj
 0001:00003de0       ?isKindOf@PxConvexMesh@physx@@MEBA_NPEBD@Z 0000000180004de0 f i Cooking.obj
 0001:00003e30       ?isKindOf@PxHeightField@physx@@MEBA_NPEBD@Z 0000000180004e30 f i Cooking.obj
 0001:00003e80       ?isReleasable@PxBase@physx@@UEBA_NXZ 0000000180004e80 f i Cooking.obj
 0001:00003e90       ?onRefCountZero@RefCountable@Cm@physx@@UEAAXXZ 0000000180004e90 f i Cooking.obj
 0001:00003eb0       ?outputSegment@RenderOutput@Cm@physx@@QEAAXAEBVPxVec3@3@0@Z 0000000180004eb0 f i Cooking.obj
 0001:00003f70       ?recreate@?$Array@UPxDebugLine@physx@@VNamedAllocator@shdfnd@2@@shdfnd@physx@@IEAAXI@Z 0000000180004f70 f i Cooking.obj
 0001:00004010       ?requiresObjects@ConvexMesh@Gu@physx@@UEAAXAEAVPxProcessPxBaseCallback@3@@Z 0000000180005010 f i Cooking.obj
 0001:00004020       ?reserveSegments@RenderOutput@Cm@physx@@QEAAPEAUPxDebugLine@3@I@Z 0000000180005020 f i Cooking.obj
 0001:00004090       ??0ReducedVertexCloud@physx@@QEAA@PEBVPxVec3@1@I@Z 0000000180005090 f   CookingUtils.obj
 0001:000040b0       ??1ReducedVertexCloud@physx@@QEAA@XZ 00000001800050b0 f   CookingUtils.obj
 0001:000040c0       ?Clean@ReducedVertexCloud@physx@@QEAAAEAV12@XZ 00000001800050c0 f   CookingUtils.obj
 0001:00004130       ?Reduce@ReducedVertexCloud@physx@@QEAA_NPEAUREDUCEDCLOUD@2@@Z 0000000180005130 f   CookingUtils.obj
 0001:00004440       ??0EdgeList@Gu@physx@@QEAA@XZ 0000000180005440 f   EdgeList.obj
 0001:00004460       ??1EdgeList@Gu@physx@@QEAA@XZ 0000000180005460 f   EdgeList.obj
 0001:00004510       ?load@EdgeList@Gu@physx@@QEAA_NAEAVPxInputStream@3@@Z 0000000180005510 f   EdgeList.obj
 0001:00004720       ??0EdgeListBuilder@Gu@physx@@QEAA@XZ 0000000180005720 f   EdgeList.obj
 0001:00004740       ??1EdgeListBuilder@Gu@physx@@QEAA@XZ 0000000180005740 f   EdgeList.obj
 0001:00004750       ?init@EdgeListBuilder@Gu@physx@@QEAA_NAEBUEDGELISTCREATE@23@@Z 0000000180005750 f   EdgeList.obj
 0001:00004890       ?createFacesToEdges@EdgeListBuilder@Gu@physx@@AEAA_NIPEBIPEBG@Z 0000000180005890 f   EdgeList.obj
 0001:00004d80       ?createEdgesToFaces@EdgeListBuilder@Gu@physx@@AEAA_NIPEBIPEBG@Z 0000000180005d80 f   EdgeList.obj
 0001:00004fd0       ?computeActiveEdges@EdgeListBuilder@Gu@physx@@AEAA_NIPEBIPEBGPEBVPxVec3@3@M@Z 0000000180005fd0 f   EdgeList.obj
 0001:000065d0       ??0PxVec3@physx@@QEAA@XZ   00000001800075d0 f i EdgeList.obj
 0001:00006630       ??0MeshCleaner@physx@@QEAA@IPEBVPxVec3@1@IPEBIM@Z 0000000180007630 f   MeshCleaner.obj
 0001:00006fe0       ??1MeshCleaner@physx@@QEAA@XZ 0000000180007fe0 f   MeshCleaner.obj
 0001:00007070       ?createQuantizer@physx@@YAPEAVQuantizer@1@XZ 0000000180008070 f   Quantizer.obj
 0001:00007190       ?kmeans_cluster3d@@YAIPEBVPxVec3@physx@@IIPEAV12@PEAIMM@Z 0000000180008190 f   Quantizer.obj
 0001:000071a0       ??$kmeans_cluster@VPxVec3@physx@@M@@YAIPEBVPxVec3@physx@@IIPEAV01@PEAIMM@Z 00000001800081a0 f i Quantizer.obj
 0001:00007a80       ??1Quantizer@physx@@MEAA@XZ 0000000180008a80 f i Quantizer.obj
 0001:00007a90       ??1QuantizerImpl@@EEAA@XZ  0000000180008a90 f i Quantizer.obj
 0001:00007b10       ??_GQuantizer@physx@@MEAAPEAXI@Z 0000000180008b10 f i Quantizer.obj
 0001:00007b10       ??_EQuantizer@physx@@MEAAPEAXI@Z 0000000180008b10 f i Quantizer.obj
 0001:00007b40       ??_GQuantizerImpl@@EEAAPEAXI@Z 0000000180008b40 f i Quantizer.obj
 0001:00007b40       ??_EQuantizerImpl@@EEAAPEAXI@Z 0000000180008b40 f i Quantizer.obj
 0001:00007c10       ?getDenormalizeCenter@QuantizerImpl@@UEBAAEBVPxVec3@physx@@XZ 0000000180008c10 f i Quantizer.obj
 0001:00007c20       ?getDenormalizeScale@QuantizerImpl@@UEBAAEBVPxVec3@physx@@XZ 0000000180008c20 f i Quantizer.obj
 0001:00007c30       ?growAndPushBack@?$Array@VPxVec3@physx@@VNamedAllocator@shdfnd@2@@shdfnd@physx@@IEAAAEAVPxVec3@3@AEBV43@@Z 0000000180008c30 f i Quantizer.obj
 0001:00007dc0       ?kmeansQuantize3D@QuantizerImpl@@UEAAPEBVPxVec3@physx@@IPEBV23@I_NIAEAI@Z 0000000180008dc0 f i Quantizer.obj
 0001:00008060       ?normalizeInput@QuantizerImpl@@AEAAXIPEBVPxVec3@physx@@I@Z 0000000180009060 f i Quantizer.obj
 0001:00008470       ?release@QuantizerImpl@@UEAAXXZ 0000000180009470 f i Quantizer.obj
 0001:00008490       ??0BVHStructureBuilder@physx@@QEAA@XZ 0000000180009490 f   BVHStructureBuilder.obj
 0001:000084b0       ??1BVHStructureBuilder@physx@@QEAA@XZ 00000001800094b0 f   BVHStructureBuilder.obj
 0001:00008540       ?loadFromDesc@BVHStructureBuilder@physx@@QEAA_NAEBVPxBVHStructureDesc@2@@Z 0000000180009540 f   BVHStructureBuilder.obj
 0001:000088a0       ?save@BVHStructureBuilder@physx@@QEBA_NAEAVPxOutputStream@2@_N@Z 00000001800098a0 f   BVHStructureBuilder.obj
 0001:00008a30       ?moveData@BVHStructureBuilder@physx@@QEAAXAEAUBVHStructureData@Gu@2@@Z 0000000180009a30 f   BVHStructureBuilder.obj
 0001:00008a70       ?flatten@@YAXAEBVNodeAllocator@Gu@physx@@PEAUBVHNode@23@@Z 0000000180009a70 f   BVHStructureBuilder.obj
 0001:00008c20       ??$copy@VNamedAllocator@shdfnd@physx@@@?$Array@USlab@NodeAllocator@Gu@physx@@VNamedAllocator@shdfnd@4@@shdfnd@physx@@IEAAXAEBV012@@Z 0000000180009c20 f i BVHStructureBuilder.obj
 0001:00008ce0       ??0AABBTreeBuildNode@Gu@physx@@QEAA@AEBV012@@Z 0000000180009ce0 f i BVHStructureBuilder.obj
 0001:00008d20       ??0AABBTreeBuildNode@Gu@physx@@QEAA@XZ 0000000180009d20 f i BVHStructureBuilder.obj
 0001:00008d30       ??0AABBTreeBuildParams@Gu@physx@@QEAA@IIPEBVPxBounds3@2@@Z 0000000180009d30 f i BVHStructureBuilder.obj
 0001:00008d50       ??0BuildStats@Gu@physx@@QEAA@XZ 0000000180009d50 f i BVHStructureBuilder.obj
 0001:00008d60       ??0NodeAllocator@Gu@physx@@QEAA@AEBV012@@Z 0000000180009d60 f i BVHStructureBuilder.obj
 0001:00008dd0       ??1AABBTreeBuildNode@Gu@physx@@QEAA@XZ 0000000180009dd0 f i BVHStructureBuilder.obj
 0001:00008de0       ??1AABBTreeBuildParams@Gu@physx@@QEAA@XZ 0000000180009de0 f i BVHStructureBuilder.obj
 0001:00008e40       ??4AABBTreeBuildNode@Gu@physx@@QEAAAEAV012@AEBV012@@Z 0000000180009e40 f i BVHStructureBuilder.obj
 0001:00008e80       ??4AABBTreeBuildParams@Gu@physx@@QEAAAEAV012@AEBV012@@Z 0000000180009e80 f i BVHStructureBuilder.obj
 0001:00008ea0       ??4BuildStats@Gu@physx@@QEAAAEAU012@$$QEAU012@@Z 0000000180009ea0 f i BVHStructureBuilder.obj
 0001:00008eb0       ??4BuildStats@Gu@physx@@QEAAAEAU012@AEBU012@@Z 0000000180009eb0 f i BVHStructureBuilder.obj
 0001:00008ec0       ??4NodeAllocator@Gu@physx@@QEAAAEAV012@AEBV012@@Z 0000000180009ec0 f i BVHStructureBuilder.obj
 0001:00008f70       ??_FAABBTreeBuildParams@Gu@physx@@QEAAXXZ 0000000180009f70 f i BVHStructureBuilder.obj
 0001:00008f90       ?__global_array_delete@@YAXPEAX@Z 0000000180009f90 f i BVHStructureBuilder.obj
 0001:00008fa0       ?__global_array_delete@@YAXPEAX_K@Z 0000000180009fa0 f i BVHStructureBuilder.obj
 0001:00008fb0       ?__global_delete@@YAXPEAX@Z 0000000180009fb0 f i BVHStructureBuilder.obj
 0001:00008fc0       ?__global_delete@@YAXPEAX_K@Z 0000000180009fc0 f i BVHStructureBuilder.obj
 0001:00008fd0       ?getAABB@AABBTreeBuildNode@Gu@physx@@QEBAAEBVPxBounds3@3@XZ 0000000180009fd0 f i BVHStructureBuilder.obj
 0001:00008fe0       ?getCount@BuildStats@Gu@physx@@QEBAIXZ 0000000180009fe0 f i BVHStructureBuilder.obj
 0001:00008ff0       ?getNbPrimitives@AABBTreeBuildNode@Gu@physx@@QEBAIXZ 0000000180009ff0 f i BVHStructureBuilder.obj
 0001:00009000       ?getNbRuntimePrimitives@AABBTreeBuildNode@Gu@physx@@QEBAIXZ 000000018000a000 f i BVHStructureBuilder.obj
 0001:00009010       ?getNeg@AABBTreeBuildNode@Gu@physx@@QEBAPEBV123@XZ 000000018000a010 f i BVHStructureBuilder.obj
 0001:00009030       ?getPos@AABBTreeBuildNode@Gu@physx@@QEBAPEBV123@XZ 000000018000a030 f i BVHStructureBuilder.obj
 0001:00009040       ?getPrimitives@AABBTreeBuildNode@Gu@physx@@QEAAPEAIPEAI@Z 000000018000a040 f i BVHStructureBuilder.obj
 0001:00009050       ?getPrimitives@AABBTreeBuildNode@Gu@physx@@QEBAPEBIPEBI@Z 000000018000a050 f i BVHStructureBuilder.obj
 0001:00009060       ?increaseCount@BuildStats@Gu@physx@@QEAAXI@Z 000000018000a060 f i BVHStructureBuilder.obj
 0001:00009070       ?isLeaf@AABBTreeBuildNode@Gu@physx@@QEBA_NXZ 000000018000a070 f i BVHStructureBuilder.obj
 0001:00009080       ?recreate@?$Array@USlab@NodeAllocator@Gu@physx@@VNamedAllocator@shdfnd@4@@shdfnd@physx@@IEAAXI@Z 000000018000a080 f i BVHStructureBuilder.obj
 0001:00009150       ?reset@AABBTreeBuildParams@Gu@physx@@QEAAXXZ 000000018000a150 f i BVHStructureBuilder.obj
 0001:000091b0       ?reset@BuildStats@Gu@physx@@QEAAXXZ 000000018000a1b0 f i BVHStructureBuilder.obj
 0001:000091c0       ?setCount@BuildStats@Gu@physx@@QEAAXI@Z 000000018000a1c0 f i BVHStructureBuilder.obj
 0001:000091d0       ?setNbRunTimePrimitives@AABBTreeBuildNode@Gu@physx@@QEAAXI@Z 000000018000a1d0 f i BVHStructureBuilder.obj
 0001:000091e0       ?saveHeightField@physx@@YA_NAEBVHeightField@Gu@1@AEAVPxOutputStream@1@_N@Z 000000018000a1e0 f   HeightFieldCooking.obj
 0001:00009420       ?buildFromTriangles@RTreeCooker@physx@@SAXAEAURTree@Gu@2@PEBVPxVec3@2@IPEBGPEBIIAEAV?$Array@IVNamedAllocator@shdfnd@physx@@@shdfnd@2@PEAURemapCallback@12@MW4Enum@PxMeshCookingHint@2@@Z 000000018000a420 f   RTreeCooking.obj
 0001:000096f0       ??$partition@UBoundsLTE@physx@@@quickSelect@physx@@YAIPEIAIIIIAEBUBoundsLTE@1@@Z 000000018000a6f0 f i RTreeCooking.obj
 0001:00009890       ??$quickSelectFirstK@UBoundsLTE@physx@@@quickSelect@physx@@YAXPEIAIIIIAEBUBoundsLTE@1@@Z 000000018000a890 f i RTreeCooking.obj
 0001:00009a80       ??$smallSort@I$$CBUSortBoundsPredicate@physx@@@internal@shdfnd@physx@@YAXPEAIHHAEBUSortBoundsPredicate@2@@Z 000000018000aa80 f i RTreeCooking.obj
 0001:00009d50       ??$sort@I@shdfnd@physx@@YAXPEAII@Z 000000018000ad50 f i RTreeCooking.obj
 0001:00009da0       ??$sort@IU?$Less@I@shdfnd@physx@@VNamedAllocator@23@@shdfnd@physx@@YAXPEAIIAEBU?$Less@I@01@AEBVNamedAllocator@01@I@Z 000000018000ada0 f i RTreeCooking.obj
 0001:0000a130       ??$sort@IUSortBoundsPredicate@physx@@@shdfnd@physx@@YAXPEAIIAEBUSortBoundsPredicate@1@@Z 000000018000b130 f i RTreeCooking.obj
 0001:0000a190       ??$sort@IUSortBoundsPredicate@physx@@VNamedAllocator@shdfnd@2@@shdfnd@physx@@YAXPEAIIAEBUSortBoundsPredicate@1@AEBVNamedAllocator@01@I@Z 000000018000b190 f i RTreeCooking.obj
 0001:0000a5e0       ??0?$InlineArray@UInterval@physx@@$0EAA@VNamedAllocator@shdfnd@2@@shdfnd@physx@@QEAA@AEBVNamedAllocator@12@@Z 000000018000b5e0 f i RTreeCooking.obj
 0001:0000a6d0       ?allocate@?$Array@UInterval@physx@@V?$InlineAllocator@$0CAAA@VNamedAllocator@shdfnd@physx@@@shdfnd@2@@shdfnd@physx@@IEAAPEAUInterval@3@I@Z 000000018000b6d0 f i RTreeCooking.obj
 0001:0000b4e0       ?copy@?$Array@URTreeNodeNQ@physx@@VNamedAllocator@shdfnd@2@@shdfnd@physx@@KAXPEAURTreeNodeNQ@3@0PEBU43@@Z 000000018000c4e0 f i RTreeCooking.obj
 0001:0000b6a0       ?copy@?$Array@VPxVec3@physx@@VNamedAllocator@shdfnd@2@@shdfnd@physx@@KAXPEAVPxVec3@3@0PEBV43@@Z 000000018000c6a0 f i RTreeCooking.obj
 0001:0000b770       ?growAndPushBack@?$Array@IVNamedAllocator@shdfnd@physx@@@shdfnd@physx@@IEAAAEAIAEBI@Z 000000018000c770 f i RTreeCooking.obj
 0001:0000b860       ?growAndPushBack@?$Array@UInterval@physx@@V?$InlineAllocator@$0CAAA@VNamedAllocator@shdfnd@physx@@@shdfnd@2@@shdfnd@physx@@IEAAAEAUInterval@3@AEBU43@@Z 000000018000c860 f i RTreeCooking.obj
 0001:0000b960       ?growAndPushBack@?$Array@UPxBounds3V@physx@@VNamedAllocator@shdfnd@2@@shdfnd@physx@@IEAAAEAUPxBounds3V@3@AEBU43@@Z 000000018000c960 f i RTreeCooking.obj
 0001:0000ba60       ?growAndPushBack@?$Array@URTreeNodeNQ@physx@@VNamedAllocator@shdfnd@2@@shdfnd@physx@@IEAAAEAURTreeNodeNQ@3@AEBU43@@Z 000000018000ca60 f i RTreeCooking.obj
 0001:0000bb60       ?growAndPushBack@?$Array@URTreeNodeQ@Gu@physx@@VNamedAllocator@shdfnd@3@@shdfnd@physx@@IEAAAEAURTreeNodeQ@Gu@3@AEBU453@@Z 000000018000cb60 f i RTreeCooking.obj
 0001:0000bc60       ?recreate@?$Array@IVNamedAllocator@shdfnd@physx@@@shdfnd@physx@@IEAAXI@Z 000000018000cc60 f i RTreeCooking.obj
 0001:0000bd40       ?recreate@?$Array@UPxBounds3V@physx@@VNamedAllocator@shdfnd@2@@shdfnd@physx@@IEAAXI@Z 000000018000cd40 f i RTreeCooking.obj
 0001:0000be10       ?recreate@?$Array@URTreeNodeNQ@physx@@VNamedAllocator@shdfnd@2@@shdfnd@physx@@IEAAXI@Z 000000018000ce10 f i RTreeCooking.obj
 0001:0000beb0       ?recreate@?$Array@URTreeNodeQ@Gu@physx@@VNamedAllocator@shdfnd@3@@shdfnd@physx@@IEAAXI@Z 000000018000ceb0 f i RTreeCooking.obj
 0001:0000bf90       ?recreate@?$Array@VPxVec3@physx@@VNamedAllocator@shdfnd@2@@shdfnd@physx@@IEAAXI@Z 000000018000cf90 f i RTreeCooking.obj
 0001:0000c030       ?resize@?$Array@IVNamedAllocator@shdfnd@physx@@@shdfnd@physx@@QEAAXIAEBI@Z 000000018000d030 f i RTreeCooking.obj
 0001:0000c110       ?resizeUninitialized@?$Array@URTreeNodeNQ@physx@@VNamedAllocator@shdfnd@2@@shdfnd@physx@@QEAAXI@Z 000000018000d110 f i RTreeCooking.obj
 0001:0000c150       ?sort4@SubSortQuick@physx@@QEAAXPEIAIIAEAV?$Array@URTreeNodeNQ@physx@@VNamedAllocator@shdfnd@2@@shdfnd@2@AEAIAEAUPxBounds3V@2@I@Z 000000018000d150 f i RTreeCooking.obj
 0001:0000c4e0       ?sort4@SubSortSAH@physx@@QEAAXPEAIIAEAV?$Array@URTreeNodeNQ@physx@@VNamedAllocator@shdfnd@2@@shdfnd@2@AEAIIPEAURTreeNodeNQ@2@@Z 000000018000d4e0 f i RTreeCooking.obj
 0001:0000cbe0       ?split@SubSortSAH@physx@@QEAAIPEAII@Z 000000018000dbe0 f i RTreeCooking.obj
 0001:0000d380       ?computeLocalBounds@MeshBulider@physx@@IEAAXAEAVMeshDataBase@Gu@2@@Z 000000018000e380 f   MeshBuilder.obj
 0001:0000d410       ??0TriangleMeshBuilder@physx@@QEAA@AEAVTriangleMeshData@Gu@1@AEBUPxCookingParams@1@@Z 000000018000e410 f   TriangleMeshBuilder.obj
 0001:0000d440       ??1TriangleMeshBuilder@physx@@UEAA@XZ 000000018000e440 f   TriangleMeshBuilder.obj
 0001:0000d4b0       ?cleanMesh@TriangleMeshBuilder@physx@@QEAA_N_NPEAW4Enum@PxTriangleMeshCookingResult@2@@Z 000000018000e4b0 f   TriangleMeshBuilder.obj
 0001:0000da20       ?remapTopology@TriangleMeshBuilder@physx@@QEAAXPEBI@Z 000000018000ea20 f   TriangleMeshBuilder.obj
 0001:0000dd10       ?createSharedEdgeData@TriangleMeshBuilder@physx@@QEAAX_N0@Z 000000018000ed10 f   TriangleMeshBuilder.obj
 0001:0000e1e0       ?recordTriangleIndices@TriangleMeshBuilder@physx@@QEAAXXZ 000000018000f1e0 f   TriangleMeshBuilder.obj
 0001:0000e2e0       ?createGRBMidPhaseAndData@TriangleMeshBuilder@physx@@QEAAXI@Z 000000018000f2e0 f   TriangleMeshBuilder.obj
 0001:0000e570       ?createGRBData@TriangleMeshBuilder@physx@@QEAAXXZ 000000018000f570 f   TriangleMeshBuilder.obj
 0001:0000e650       ?loadFromDesc@TriangleMeshBuilder@physx@@QEAA_NAEBVPxTriangleMeshDesc@2@PEAW4Enum@PxTriangleMeshCookingResult@2@_N@Z 000000018000f650 f   TriangleMeshBuilder.obj
 0001:0000ead0       ?save@TriangleMeshBuilder@physx@@QEBA_NAEAVPxOutputStream@2@_NAEBUPxCookingParams@2@@Z 000000018000fad0 f   TriangleMeshBuilder.obj
 0001:0000f0a0       ?checkMeshIndicesSize@TriangleMeshBuilder@physx@@QEAAXXZ 00000001800100a0 f   TriangleMeshBuilder.obj
 0001:0000f1b0       ?importMesh@TriangleMeshBuilder@physx@@IEAA_NAEBVPxTriangleMeshDesc@2@AEBUPxCookingParams@2@PEAW4Enum@PxTriangleMeshCookingResult@2@_N@Z 00000001800101b0 f   TriangleMeshBuilder.obj
 0001:0000f560       ?releaseEdgeList@TriangleMeshBuilder@physx@@IEAAXXZ 0000000180010560 f   TriangleMeshBuilder.obj
 0001:0000f5c0       ?createEdgeList@TriangleMeshBuilder@physx@@IEAAXXZ 00000001800105c0 f   TriangleMeshBuilder.obj
 0001:0000f6f0       ??0RTreeTriangleMeshBuilder@physx@@QEAA@AEBUPxCookingParams@1@@Z 00000001800106f0 f   TriangleMeshBuilder.obj
 0001:0000f7b0       ??1RTreeTriangleMeshBuilder@physx@@UEAA@XZ 00000001800107b0 f   TriangleMeshBuilder.obj
 0001:0000f820       ?createMidPhaseStructure@RTreeTriangleMeshBuilder@physx@@UEAAXXZ 0000000180010820 f   TriangleMeshBuilder.obj
 0001:0000f950       ?saveMidPhaseStructure@RTreeTriangleMeshBuilder@physx@@UEBAXAEAVPxOutputStream@2@_N@Z 0000000180010950 f   TriangleMeshBuilder.obj
 0001:0000fb90       ??0BV4TriangleMeshBuilder@physx@@QEAA@AEBUPxCookingParams@1@@Z 0000000180010b90 f   TriangleMeshBuilder.obj
 0001:0000fc60       ??1BV4TriangleMeshBuilder@physx@@UEAA@XZ 0000000180010c60 f   TriangleMeshBuilder.obj
 0001:0000fcf0       ?createMidPhaseStructure@BV4TriangleMeshBuilder@physx@@UEAAXXZ 0000000180010cf0 f   TriangleMeshBuilder.obj
 0001:00010010       ?saveMidPhaseStructure@BV4TriangleMeshBuilder@physx@@UEBAXAEAVPxOutputStream@2@_N@Z 0000000180011010 f   TriangleMeshBuilder.obj
 0001:000101b0       ?onMeshIndexFormatChange@BV4TriangleMeshBuilder@physx@@UEAAXXZ 00000001800111b0 f   TriangleMeshBuilder.obj
 0001:000101f0       ?createMidPhaseStructure@BV32TriangleMeshBuilder@physx@@SAXAEBUPxCookingParams@2@AEAVTriangleMeshData@Gu@2@AEAVBV32Tree@52@@Z 00000001800111f0 f   TriangleMeshBuilder.obj
 0001:000103d0       ?saveMidPhaseStructure@BV32TriangleMeshBuilder@physx@@SAXPEAVBV32Tree@Gu@2@AEAVPxOutputStream@2@_N@Z 00000001800113d0 f   TriangleMeshBuilder.obj
 0001:00010570       ?findSharpVertices@GrbTrimeshCookerHelper@physx@@YAXAEAV?$Array@USortedNeighbor@GrbTrimeshCookerHelper@physx@@VNamedAllocator@shdfnd@3@@shdfnd@2@AEAV?$Array@USharpEdgeRange@GrbTrimeshCookerHelper@physx@@VNamedAllocator@shdfnd@3@@42@PEBUuint3@2@PEBUuint4@2@II@Z 0000000180011570 f   TriangleMeshBuilder.obj
 0001:00010930       ?buildVertexConnectionNew_p1@GrbTrimeshCookerHelper@physx@@YAIAEAV?$Array@USortedNeighbor@GrbTrimeshCookerHelper@physx@@VNamedAllocator@shdfnd@3@@shdfnd@2@AEAV?$Array@USharpEdgeRange@GrbTrimeshCookerHelper@physx@@VNamedAllocator@shdfnd@3@@42@PEBUuint3@2@PEBUuint4@2@II@Z 0000000180011930 f   TriangleMeshBuilder.obj
 0001:00010ae0       ?buildVertexConnectionNew_p2@GrbTrimeshCookerHelper@physx@@YAXPEAI00AEAV?$Array@USortedNeighbor@GrbTrimeshCookerHelper@physx@@VNamedAllocator@shdfnd@3@@shdfnd@2@AEAV?$Array@USharpEdgeRange@GrbTrimeshCookerHelper@physx@@VNamedAllocator@shdfnd@3@@42@I@Z 0000000180011ae0 f   TriangleMeshBuilder.obj
 0001:00010b90       ??$median3@USortedNeighbor@GrbTrimeshCookerHelper@physx@@$$CBU?$Less@USortedNeighbor@GrbTrimeshCookerHelper@physx@@@shdfnd@3@@internal@shdfnd@physx@@YAXPEAUSortedNeighbor@GrbTrimeshCookerHelper@2@HHAEBU?$Less@USortedNeighbor@GrbTrimeshCookerHelper@physx@@@12@@Z 0000000180011b90 f i TriangleMeshBuilder.obj
 0001:00010cd0       ??$sort@UEdgeTriLookup@physx@@@shdfnd@physx@@YAXPEAUEdgeTriLookup@1@I@Z 0000000180011cd0 f i TriangleMeshBuilder.obj
 0001:00010d20       ??$sort@UEdgeTriLookup@physx@@U?$Less@UEdgeTriLookup@physx@@@shdfnd@2@VNamedAllocator@42@@shdfnd@physx@@YAXPEAUEdgeTriLookup@1@IAEBU?$Less@UEdgeTriLookup@physx@@@01@AEBVNamedAllocator@01@I@Z 0000000180011d20 f i TriangleMeshBuilder.obj
 0001:00011210       ??$sort@USortedNeighbor@GrbTrimeshCookerHelper@physx@@@shdfnd@physx@@YAXPEAUSortedNeighbor@GrbTrimeshCookerHelper@1@I@Z 0000000180012210 f i TriangleMeshBuilder.obj
 0001:00011260       ??$sort@USortedNeighbor@GrbTrimeshCookerHelper@physx@@U?$Less@USortedNeighbor@GrbTrimeshCookerHelper@physx@@@shdfnd@3@VNamedAllocator@53@@shdfnd@physx@@YAXPEAUSortedNeighbor@GrbTrimeshCookerHelper@1@IAEBU?$Less@USortedNeighbor@GrbTrimeshCookerHelper@physx@@@01@AEBVNamedAllocator@01@I@Z 0000000180012260 f i TriangleMeshBuilder.obj
 0001:000116d0       ??0PxVec4@physx@@QEAA@XZ   00000001800126d0 f i TriangleMeshBuilder.obj
 0001:000116e0       ??1BV4TriangleData@Gu@physx@@UEAA@XZ 00000001800126e0 f i TriangleMeshBuilder.obj
 0001:00011720       ??1MeshDataBase@Gu@physx@@UEAA@XZ 0000000180012720 f i TriangleMeshBuilder.obj
 0001:00011800       ??1RTreeTriangleData@Gu@physx@@UEAA@XZ 0000000180012800 f i TriangleMeshBuilder.obj
 0001:00011870       ??1RemapCallback@RTreeCooker@physx@@UEAA@XZ 0000000180012870 f i TriangleMeshBuilder.obj
 0001:00011880       ??1TriangleMeshData@Gu@physx@@UEAA@XZ 0000000180012880 f i TriangleMeshBuilder.obj
 0001:00011950       ??_GBV4TriangleData@Gu@physx@@UEAAPEAXI@Z 0000000180012950 f i TriangleMeshBuilder.obj
 0001:00011950       ??_EBV4TriangleData@Gu@physx@@UEAAPEAXI@Z 0000000180012950 f i TriangleMeshBuilder.obj
 0001:000119d0       ??_EBV4TriangleMeshBuilder@physx@@UEAAPEAXI@Z 00000001800129d0 f i TriangleMeshBuilder.obj
 0001:000119d0       ??_GBV4TriangleMeshBuilder@physx@@UEAAPEAXI@Z 00000001800129d0 f i TriangleMeshBuilder.obj
 0001:00011a80       ??_GMeshDataBase@Gu@physx@@UEAAPEAXI@Z 0000000180012a80 f i TriangleMeshBuilder.obj
 0001:00011a80       ??_EMeshDataBase@Gu@physx@@UEAAPEAXI@Z 0000000180012a80 f i TriangleMeshBuilder.obj
 0001:00011ae0       ??_ERTreeCookerRemap@physx@@UEAAPEAXI@Z 0000000180012ae0 f i TriangleMeshBuilder.obj
 0001:00011ae0       ??_GRTreeCookerRemap@physx@@UEAAPEAXI@Z 0000000180012ae0 f i TriangleMeshBuilder.obj
 0001:00011b10       ??_GRTreeTriangleData@Gu@physx@@UEAAPEAXI@Z 0000000180012b10 f i TriangleMeshBuilder.obj
 0001:00011b10       ??_ERTreeTriangleData@Gu@physx@@UEAAPEAXI@Z 0000000180012b10 f i TriangleMeshBuilder.obj
 0001:00011b70       ??_GRTreeTriangleMeshBuilder@physx@@UEAAPEAXI@Z 0000000180012b70 f i TriangleMeshBuilder.obj
 0001:00011b70       ??_ERTreeTriangleMeshBuilder@physx@@UEAAPEAXI@Z 0000000180012b70 f i TriangleMeshBuilder.obj
 0001:00011c00       ??_ERemapCallback@RTreeCooker@physx@@UEAAPEAXI@Z 0000000180012c00 f i TriangleMeshBuilder.obj
 0001:00011c00       ??_GRemapCallback@RTreeCooker@physx@@UEAAPEAXI@Z 0000000180012c00 f i TriangleMeshBuilder.obj
 0001:00011c30       ??_GTriangleMeshBuilder@physx@@UEAAPEAXI@Z 0000000180012c30 f i TriangleMeshBuilder.obj
 0001:00011c30       ??_ETriangleMeshBuilder@physx@@UEAAPEAXI@Z 0000000180012c30 f i TriangleMeshBuilder.obj
 0001:00011ca0       ??_GTriangleMeshData@Gu@physx@@UEAAPEAXI@Z 0000000180012ca0 f i TriangleMeshBuilder.obj
 0001:00011ca0       ??_ETriangleMeshData@Gu@physx@@UEAAPEAXI@Z 0000000180012ca0 f i TriangleMeshBuilder.obj
 0001:00011d00       ?allocateTriangles@TriangleMeshData@Gu@physx@@QEAAPEAXI_NI@Z 0000000180012d00 f i TriangleMeshBuilder.obj
 0001:00011dd0       ?allocateVertices@MeshDataBase@Gu@physx@@QEAAPEAVPxVec3@3@I@Z 0000000180012dd0 f i TriangleMeshBuilder.obj
 0001:000124b0       ?getMidphaseID@BV4TriangleMeshBuilder@physx@@UEBA?AW4Enum@PxMeshMidPhase@2@XZ 00000001800134b0 f i TriangleMeshBuilder.obj
 0001:000124c0       ?getMidphaseID@RTreeTriangleMeshBuilder@physx@@UEBA?AW4Enum@PxMeshMidPhase@2@XZ 00000001800134c0 f i TriangleMeshBuilder.obj
 0001:000124d0       ?growAndPushBack@?$Array@USortedNeighbor@GrbTrimeshCookerHelper@physx@@VNamedAllocator@shdfnd@3@@shdfnd@physx@@IEAAAEAUSortedNeighbor@GrbTrimeshCookerHelper@3@AEBU453@@Z 00000001800134d0 f i TriangleMeshBuilder.obj
 0001:000125d0       ?onMeshIndexFormatChange@TriangleMeshBuilder@physx@@UEAAXXZ 00000001800135d0 f i TriangleMeshBuilder.obj
 0001:000125e0       ?recreate@?$Array@USharpEdgeRange@GrbTrimeshCookerHelper@physx@@VNamedAllocator@shdfnd@3@@shdfnd@physx@@IEAAXI@Z 00000001800135e0 f i TriangleMeshBuilder.obj
 0001:000126c0       ?recreate@?$Array@USortedNeighbor@GrbTrimeshCookerHelper@physx@@VNamedAllocator@shdfnd@3@@shdfnd@physx@@IEAAXI@Z 00000001800136c0 f i TriangleMeshBuilder.obj
 0001:000127a0       ?remap@RTreeCookerRemap@physx@@UEAAXPEAIII@Z 00000001800137a0 f i TriangleMeshBuilder.obj
 0001:000127c0       ?resize@?$Array@USharpEdgeRange@GrbTrimeshCookerHelper@physx@@VNamedAllocator@shdfnd@3@@shdfnd@physx@@QEAAXIAEBUSharpEdgeRange@GrbTrimeshCookerHelper@3@@Z 00000001800137c0 f i TriangleMeshBuilder.obj
 0001:000128a0       ?resizeUninitialized@?$Array@USortedNeighbor@GrbTrimeshCookerHelper@physx@@VNamedAllocator@shdfnd@3@@shdfnd@physx@@QEAAXI@Z 00000001800138a0 f i TriangleMeshBuilder.obj
 0001:000128e0       ??0BigConvexDataBuilder@physx@@QEAA@PEBUConvexHullData@Gu@1@PEAVBigConvexData@1@PEBVPxVec3@1@@Z 00000001800138e0 f   BigConvexDataBuilder.obj
 0001:00012900       ??1BigConvexDataBuilder@physx@@QEAA@XZ 0000000180013900 f   BigConvexDataBuilder.obj
 0001:00012910       ?precompute@BigConvexDataBuilder@physx@@QEAA_NI@Z 0000000180013910 f   BigConvexDataBuilder.obj
 0001:00013560       ?initialize@BigConvexDataBuilder@physx@@QEAA_NXZ 0000000180014560 f   BigConvexDataBuilder.obj
 0001:00013610       ?save@BigConvexDataBuilder@physx@@QEBA_NAEAVPxOutputStream@2@_N@Z 0000000180014610 f   BigConvexDataBuilder.obj
 0001:00013850       ?computeValencies@BigConvexDataBuilder@physx@@QEAA_NAEBVConvexHullBuilder@2@@Z 0000000180014850 f   BigConvexDataBuilder.obj
 0001:00013c40       ?saveValencies@BigConvexDataBuilder@physx@@QEBA_NAEAVPxOutputStream@2@_N@Z 0000000180014c40 f   BigConvexDataBuilder.obj
 0001:00013df0       ??0BigConvexData@physx@@QEAA@W4PxEMPTY@1@@Z 0000000180014df0 f i BigConvexDataBuilder.obj
 0001:00013e00       ??4BigConvexData@physx@@QEAAAEAV01@AEBV01@@Z 0000000180014e00 f i BigConvexDataBuilder.obj
 0001:00013e20       ?GetAdjacentVerts@BigConvexData@physx@@QEBAPEBEXZ 0000000180014e20 f i BigConvexDataBuilder.obj
 0001:00013e30       ?GetNbNeighbors@BigConvexData@physx@@QEBAGI@Z 0000000180014e30 f i BigConvexDataBuilder.obj
 0001:00013e40       ?GetNbSamples@BigConvexData@physx@@QEBAIXZ 0000000180014e40 f i BigConvexDataBuilder.obj
 0001:00013e50       ?GetNbVerts@BigConvexData@physx@@QEBAIXZ 0000000180014e50 f i BigConvexDataBuilder.obj
 0001:00013e60       ?GetNeighbors@BigConvexData@physx@@QEBAPEBEI@Z 0000000180014e60 f i BigConvexDataBuilder.obj
 0001:00013e70       ?GetOffset@BigConvexData@physx@@QEBAGI@Z 0000000180014e70 f i BigConvexDataBuilder.obj
 0001:00013e80       ?GetSubdiv@BigConvexData@physx@@QEBAIXZ 0000000180014e80 f i BigConvexDataBuilder.obj
 0001:00013e90       ?GetValencies@BigConvexData@physx@@QEBAPEBUValency@Gu@2@XZ 0000000180014e90 f i BigConvexDataBuilder.obj
 0001:00013ea0       ?GetValency@BigConvexData@physx@@QEBAGI@Z 0000000180014ea0 f i BigConvexDataBuilder.obj
 0001:00013eb0       ??0ConvexHullBuilder@physx@@QEAA@PEAUConvexHullData@Gu@1@_N@Z 0000000180014eb0 f   ConvexHullBuilder.obj
 0001:00013ee0       ??1ConvexHullBuilder@physx@@QEAA@XZ 0000000180014ee0 f   ConvexHullBuilder.obj
 0001:00013ff0       ?init@ConvexHullBuilder@physx@@QEAA_NIPEBVPxVec3@2@PEBIIIPEBUPxHullPolygon@2@_NPEAVConvexHullLib@2@@Z 0000000180014ff0 f   ConvexHullBuilder.obj
 0001:00014410       ?save@ConvexHullBuilder@physx@@QEBA_NAEAVPxOutputStream@2@_N@Z 0000000180015410 f   ConvexHullBuilder.obj
 0001:00014740       ?copy@ConvexHullBuilder@physx@@QEAA_NAEAUConvexHullData@Gu@2@AEAI@Z 0000000180015740 f   ConvexHullBuilder.obj
 0001:000149a0       ?createEdgeList@ConvexHullBuilder@physx@@QEAA_N_NI@Z 00000001800159a0 f   ConvexHullBuilder.obj
 0001:00015270       ?checkHullPolygons@ConvexHullBuilder@physx@@QEBA_NXZ 0000000180016270 f   ConvexHullBuilder.obj
 0001:00015850       ?calculateVertexMapTable@ConvexHullBuilder@physx@@QEAA_NI_N@Z 0000000180016850 f   ConvexHullBuilder.obj
 0001:00015a60       ?computeGeomCenter@ConvexHullBuilder@physx@@IEBA_NAEAVPxVec3@2@IPEAUHullTriangleData@2@@Z 0000000180016a60 f   ConvexHullBuilder.obj
 0001:00015d20       ??1ConvexHullLib@physx@@UEAA@XZ 0000000180016d20 f   ConvexHullLib.obj
 0001:00015d80       ?cleanupVertices@ConvexHullLib@physx@@IEAA_NIPEBVPxVec3@2@IAEAIPEAV32@AEAV32@3@Z 0000000180016d80 f   ConvexHullLib.obj
 0001:000161d0       ?shiftAndcleanupVertices@ConvexHullLib@physx@@IEAA_NIPEBVPxVec3@2@IAEAIPEAV32@AEAV32@3@Z 00000001800171d0 f   ConvexHullLib.obj
 0001:000166a0       ?swapLargestFace@ConvexHullLib@physx@@IEAAXAEAVPxConvexMeshDesc@2@@Z 00000001800176a0 f   ConvexHullLib.obj
 0001:00016890       ?shiftConvexMeshDesc@ConvexHullLib@physx@@IEAAXAEAVPxConvexMeshDesc@2@@Z 0000000180017890 f   ConvexHullLib.obj
 0001:00016950       ??_GConvexHullLib@physx@@UEAAPEAXI@Z 0000000180017950 f i ConvexHullLib.obj
 0001:00016950       ??_EConvexHullLib@physx@@UEAAPEAXI@Z 0000000180017950 f i ConvexHullLib.obj
 0001:00016ea0       ??0ConvexHull@physx@@QEAA@AEBVPxVec3@1@0AEBV?$Array@VPxPlane@physx@@VNamedAllocator@shdfnd@2@@shdfnd@1@@Z 0000000180017ea0 f   ConvexHullUtils.obj
 0001:00017910       ??0ConvexHull@physx@@QEAA@AEBVPxVec3@1@AEBVPxTransform@1@AEBV?$Array@VPxPlane@physx@@VNamedAllocator@shdfnd@2@@shdfnd@1@@Z 0000000180018910 f   ConvexHullUtils.obj
 0001:00018c40       ?findCandidatePlane@ConvexHull@physx@@QEBAHMM@Z 0000000180019c40 f   ConvexHullUtils.obj
 0001:000190a0       ?assertIntact@ConvexHull@physx@@QEBA_NM@Z 000000018001a0a0 f   ConvexHullUtils.obj
 0001:000193f0       ?maxNumVertsPerFace@ConvexHull@physx@@QEBAIXZ 000000018001a3f0 f   ConvexHullUtils.obj
 0001:00019470       ?convexHullCrop@physx@@YAPEAVConvexHull@1@AEBV21@AEBVPxPlane@1@M@Z 000000018001a470 f   ConvexHullUtils.obj
 0001:0001a300       ?computeOBBFromConvex@physx@@YA_NAEBVPxConvexMeshDesc@1@AEAVPxVec3@1@AEAVPxTransform@1@@Z 000000018001b300 f   ConvexHullUtils.obj
 0001:0001aa00       ?computeOBBSIMD@local@@YAXIPEBT__m128@@AEAT2@AEBT2@1@Z 000000018001ba00 f   ConvexHullUtils.obj
 0001:0001ac60       ??0Box@Gu@physx@@QEAA@AEBV012@@Z 000000018001bc60 f i ConvexHullUtils.obj
 0001:0001acc0       ??0Box@Gu@physx@@QEAA@AEBVPxVec3@2@0AEBVPxMat33@2@@Z 000000018001bcc0 f i ConvexHullUtils.obj
 0001:0001ad30       ??0Box@Gu@physx@@QEAA@XZ   000000018001bd30 f i ConvexHullUtils.obj
 0001:0001ad40       ??0HalfEdge@ConvexHull@physx@@QEAA@XZ 000000018001bd40 f i ConvexHullUtils.obj
 0001:0001ad50       ??0PxPlane@physx@@QEAA@XZ  000000018001bd50 f i ConvexHullUtils.obj
 0001:0001ad60       ??0PxQuat@physx@@QEAA@AEBVPxMat33@1@@Z 000000018001bd60 f i ConvexHullUtils.obj
 0001:0001af50       ??1Box@Gu@physx@@QEAA@XZ   000000018001bf50 f i ConvexHullUtils.obj
 0001:0001af60       ??4Box@Gu@physx@@QEAAAEBV012@AEBV012@@Z 000000018001bf60 f i ConvexHullUtils.obj
 0001:0001afc0       ?computeAABBExtent@Box@Gu@physx@@QEBA?AVPxVec3@3@XZ 000000018001bfc0 f i ConvexHullUtils.obj
 0001:0001b080       ?computeBoxPoints@Box@Gu@physx@@QEBAXPEIAVPxVec3@3@@Z 000000018001c080 f i ConvexHullUtils.obj
 0001:0001b0c0       ?copy@?$Array@VPxPlane@physx@@VNamedAllocator@shdfnd@2@@shdfnd@physx@@KAXPEAVPxPlane@3@0PEBV43@@Z 000000018001c0c0 f i ConvexHullUtils.obj
 0001:0001b1c0       ?getInverse@PxMat33@physx@@QEBA?BV12@XZ 000000018001c1c0 f i ConvexHullUtils.obj
 0001:0001b410       ?getTransform@Box@Gu@physx@@QEBA?AVPxTransform@3@XZ 000000018001c410 f i ConvexHullUtils.obj
 0001:0001b470       ?growAndPushBack@?$Array@VHalfEdge@ConvexHull@physx@@VNamedAllocator@shdfnd@3@@shdfnd@physx@@IEAAAEAVHalfEdge@ConvexHull@3@AEBV453@@Z 000000018001c470 f i ConvexHullUtils.obj
 0001:0001b560       ?growAndPushBack@?$Array@VPxPlane@physx@@VNamedAllocator@shdfnd@2@@shdfnd@physx@@IEAAAEAVPxPlane@3@AEBV43@@Z 000000018001c560 f i ConvexHullUtils.obj
 0001:0001b640       ?isValid@Box@Gu@physx@@QEBA_NXZ 000000018001c640 f i ConvexHullUtils.obj
 0001:0001b660       ?recreate@?$Array@VHalfEdge@ConvexHull@physx@@VNamedAllocator@shdfnd@3@@shdfnd@physx@@IEAAXI@Z 000000018001c660 f i ConvexHullUtils.obj
 0001:0001b740       ?recreate@?$Array@VPxPlane@physx@@VNamedAllocator@shdfnd@2@@shdfnd@physx@@IEAAXI@Z 000000018001c740 f i ConvexHullUtils.obj
 0001:0001b7e0       ?resize@?$Array@VHalfEdge@ConvexHull@physx@@VNamedAllocator@shdfnd@3@@shdfnd@physx@@QEAAXIAEBVHalfEdge@ConvexHull@3@@Z 000000018001c7e0 f i ConvexHullUtils.obj
 0001:0001b8c0       ?resize@?$Array@VPxPlane@physx@@VNamedAllocator@shdfnd@2@@shdfnd@physx@@QEAAXIAEBVPxPlane@3@@Z 000000018001c8c0 f i ConvexHullUtils.obj
 0001:0001b9e0       ?resize@?$Array@VPxVec3@physx@@VNamedAllocator@shdfnd@2@@shdfnd@physx@@QEAAXIAEBVPxVec3@3@@Z 000000018001c9e0 f i ConvexHullUtils.obj
 0001:0001bad0       ?rotate@Box@Gu@physx@@QEBA?AVPxVec3@3@AEBV43@@Z 000000018001cad0 f i ConvexHullUtils.obj
 0001:0001bb60       ?rotateInv@Box@Gu@physx@@QEBA?AVPxVec3@3@AEBV43@@Z 000000018001cb60 f i ConvexHullUtils.obj
 0001:0001bbf0       ?setAxes@Box@Gu@physx@@QEAAXAEBVPxVec3@3@00@Z 000000018001cbf0 f i ConvexHullUtils.obj
 0001:0001bc30       ?setEmpty@Box@Gu@physx@@QEAAXXZ 000000018001cc30 f i ConvexHullUtils.obj
 0001:0001bc70       ?transform@Box@Gu@physx@@QEBA?AVPxVec3@3@AEBV43@@Z 000000018001cc70 f i ConvexHullUtils.obj
 0001:0001bd10       ??0ConvexMeshBuilder@physx@@QEAA@_N@Z 000000018001cd10 f   ConvexMeshBuilder.obj
 0001:0001bd80       ??1ConvexMeshBuilder@physx@@QEAA@XZ 000000018001cd80 f   ConvexMeshBuilder.obj
 0001:0001bde0       ?build@ConvexMeshBuilder@physx@@QEAA_NAEBVPxConvexMeshDesc@2@I_NPEAVConvexHullLib@2@@Z 000000018001cde0 f   ConvexMeshBuilder.obj
 0001:0001c130       ?save@ConvexMeshBuilder@physx@@QEBA_NAEAVPxOutputStream@2@_N@Z 000000018001d130 f   ConvexMeshBuilder.obj
 0001:0001c340       ?copy@ConvexMeshBuilder@physx@@QEAA_NAEAUConvexHullData@Gu@2@AEAI@Z 000000018001d340 f   ConvexMeshBuilder.obj
 0001:0001c3d0       ?loadConvexHull@ConvexMeshBuilder@physx@@QEAA_NAEBVPxConvexMeshDesc@2@PEAVConvexHullLib@2@@Z 000000018001d3d0 f   ConvexMeshBuilder.obj
 0001:0001c680       ?computeHullPolygons@ConvexMeshBuilder@physx@@QEAA_NAEBIPEBVPxVec3@2@0PEBIAEAVPxAllocatorCallback@2@AEAIAEAPEAV32@4AEAPEAI4AEAPEAUPxHullPolygon@2@@Z 000000018001d680 f   ConvexMeshBuilder.obj
 0001:0001c8a0       ?computeGaussMaps@ConvexMeshBuilder@physx@@QEAA_NXZ 000000018001d8a0 f   ConvexMeshBuilder.obj
 0001:0001c9b0       ?computeMassInfo@ConvexMeshBuilder@physx@@QEAAX_N@Z 000000018001d9b0 f   ConvexMeshBuilder.obj
 0001:0001cd80       ?computeInternalObjects@ConvexMeshBuilder@physx@@QEAAXXZ 000000018001dd80 f   ConvexMeshBuilder.obj
 0001:0001d200       ?isFinite@PxVec3@physx@@QEBA_NXZ 000000018001e200 f i ConvexMeshBuilder.obj
 0001:0001d260       ??0ConvexPolygonsBuilder@physx@@QEAA@PEAUConvexHullData@Gu@1@_N@Z 000000018001e260 f   ConvexPolygonsBuilder.obj
 0001:0001d290       ??1ConvexPolygonsBuilder@physx@@QEAA@XZ 000000018001e290 f   ConvexPolygonsBuilder.obj
 0001:0001d2e0       ?computeHullPolygons@ConvexPolygonsBuilder@physx@@QEAA_NAEBIPEBVPxVec3@2@0PEBI@Z 000000018001e2e0 f   ConvexPolygonsBuilder.obj
 0001:0001d5e0       ?createPolygonData@ConvexPolygonsBuilder@physx@@AEAA_NXZ 000000018001e5e0 f   ConvexPolygonsBuilder.obj
 0001:0001e230       ?createTrianglesFromPolygons@ConvexPolygonsBuilder@physx@@AEAA_NXZ 000000018001f230 f   ConvexPolygonsBuilder.obj
 0001:0001ebe0       ??$copy@VNamedAllocator@shdfnd@physx@@@?$Array@VPair@@VNamedAllocator@shdfnd@physx@@@shdfnd@physx@@IEAAXAEBV012@@Z 000000018001fbe0 f i ConvexPolygonsBuilder.obj
 0001:00020f90       ?growAndPushBack@?$Array@VPair@@VNamedAllocator@shdfnd@physx@@@shdfnd@physx@@IEAAAEAVPair@@AEBV4@@Z 0000000180021f90 f i ConvexPolygonsBuilder.obj
 0001:00021090       ??0QuickHullConvexHullLib@physx@@QEAA@AEBVPxConvexMeshDesc@1@AEBUPxCookingParams@1@@Z 0000000180022090 f   QuickHullConvexHullLib.obj
 0001:00021180       ??1QuickHullConvexHullLib@physx@@UEAA@XZ 0000000180022180 f   QuickHullConvexHullLib.obj
 0001:00021250       ?createConvexHull@QuickHullConvexHullLib@physx@@UEAA?AW4Enum@PxConvexMeshCookingResult@2@XZ 0000000180022250 f   QuickHullConvexHullLib.obj
 0001:00021800       ?fillConvexMeshDesc@QuickHullConvexHullLib@physx@@UEAAXAEAVPxConvexMeshDesc@2@@Z 0000000180022800 f   QuickHullConvexHullLib.obj
 0001:00021850       ?createEdgeList@QuickHullConvexHullLib@physx@@UEAA_NIPEBEPEAPEAEPEAPEAG2@Z 0000000180022850 f   QuickHullConvexHullLib.obj
 0001:00021b20       ?expandHullOBB@QuickHullConvexHullLib@physx@@IEAA?AW4Enum@PxConvexMeshCookingResult@2@XZ 0000000180022b20 f   QuickHullConvexHullLib.obj
 0001:00021f60       ?expandHull@QuickHullConvexHullLib@physx@@IEAA?AW4Enum@PxConvexMeshCookingResult@2@XZ 0000000180022f60 f   QuickHullConvexHullLib.obj
 0001:00022810       ?cleanupForSimplex@QuickHullConvexHullLib@physx@@IEAA_NPEAVPxVec3@2@IPEAUQuickHullVertex@local@@1AEAM2@Z 0000000180023810 f   QuickHullConvexHullLib.obj
 0001:000233b0       ?fillConvexMeshDescFromQuickHull@QuickHullConvexHullLib@physx@@IEAAXAEAVPxConvexMeshDesc@2@@Z 00000001800243b0 f   QuickHullConvexHullLib.obj
 0001:00023740       ?fillConvexMeshDescFromCroppedHull@QuickHullConvexHullLib@physx@@IEAAXAEAVPxConvexMeshDesc@2@@Z 0000000180024740 f   QuickHullConvexHullLib.obj
 0001:00023940       ?getOppositeFaceDistance@QuickHullHalfEdge@local@@QEBAMXZ 0000000180024940 f   QuickHullConvexHullLib.obj
 0001:00023980       ?mergeAdjacentFace@QuickHullFace@local@@QEAA_NPEAUQuickHullHalfEdge@2@AEAV?$Array@PEAUQuickHullFace@local@@VNamedAllocator@shdfnd@physx@@@shdfnd@physx@@@Z 0000000180024980 f   QuickHullConvexHullLib.obj
 0001:00023dd0       ?checkFaceConsistency@QuickHullFace@local@@QEAA_NXZ 0000000180024dd0 f   QuickHullConvexHullLib.obj
 0001:00023de0       ?connectHalfEdges@QuickHullFace@local@@AEAAPEAU12@PEAUQuickHullHalfEdge@2@0@Z 0000000180024de0 f   QuickHullConvexHullLib.obj
 0001:00024150       ??0QuickHull@local@@QEAA@AEBUPxCookingParams@physx@@AEBVPxConvexMeshDesc@3@@Z 0000000180025150 f   QuickHullConvexHullLib.obj
 0001:00024350       ??1QuickHull@local@@QEAA@XZ 0000000180025350 f   QuickHullConvexHullLib.obj
 0001:000244a0       ?preallocate@QuickHull@local@@QEAAXI@Z 00000001800254a0 f   QuickHullConvexHullLib.obj
 0001:000245f0       ?parseInputVertices@QuickHull@local@@QEAAXPEBVPxVec3@physx@@I@Z 00000001800255f0 f   QuickHullConvexHullLib.obj
 0001:00024760       ?releaseHull@QuickHull@local@@QEAAXXZ 0000000180025760 f   QuickHullConvexHullLib.obj
 0001:000247c0       ?setPrecomputedMinMax@QuickHull@local@@QEAAXPEBUQuickHullVertex@2@0MM@Z 00000001800257c0 f   QuickHullConvexHullLib.obj
 0001:00024950       ?buildHull@QuickHull@local@@QEAA?AW4Enum@QuickHullResult@2@XZ 0000000180025950 f   QuickHullConvexHullLib.obj
 0001:00024bb0       ?maxNumVertsPerFace@QuickHull@local@@QEBAIXZ 0000000180025bb0 f   QuickHullConvexHullLib.obj
 0001:00024bf0       ?computeMinMaxVerts@QuickHull@local@@IEAAXXZ 0000000180025bf0 f   QuickHullConvexHullLib.obj
 0001:00024fd0       ?findSimplex@QuickHull@local@@IEAA_NXZ 0000000180025fd0 f   QuickHullConvexHullLib.obj
 0001:00025c00       ?addSimplex@QuickHull@local@@IEAAXPEAUQuickHullVertex@2@_N@Z 0000000180026c00 f   QuickHullConvexHullLib.obj
 0001:000260d0       ?nextPointToAdd@QuickHull@local@@IEAAPEAUQuickHullVertex@2@AEAPEAUQuickHullFace@2@@Z 00000001800270d0 f   QuickHullConvexHullLib.obj
 0001:00026230       ?addPointToHull@QuickHull@local@@IEAA_NPEBUQuickHullVertex@2@AEAUQuickHullFace@2@AEA_N@Z 0000000180027230 f   QuickHullConvexHullLib.obj
 0001:00026640       ?createTriangle@QuickHull@local@@IEAAPEAUQuickHullFace@2@AEBUQuickHullVertex@2@00@Z 0000000180027640 f   QuickHullConvexHullLib.obj
 0001:000269f0       ?addPointToFace@QuickHull@local@@IEAAXAEAUQuickHullFace@2@PEAUQuickHullVertex@2@M@Z 00000001800279f0 f   QuickHullConvexHullLib.obj
 0001:00026a40       ?removeEyePointFromFace@QuickHull@local@@IEAAXAEAUQuickHullFace@2@PEBUQuickHullVertex@2@@Z 0000000180027a40 f   QuickHullConvexHullLib.obj
 0001:00026a60       ?calculateHorizon@QuickHull@local@@IEAAXAEBVPxVec3@physx@@PEAUQuickHullHalfEdge@2@AEAUQuickHullFace@2@AEAV?$Array@PEAUQuickHullHalfEdge@local@@VNamedAllocator@shdfnd@physx@@@shdfnd@4@AEAV?$Array@PEAUQuickHullFace@local@@VNamedAllocator@shdfnd@physx@@@84@@Z 0000000180027a60 f   QuickHullConvexHullLib.obj
 0001:00026c10       ?addNewFacesFromHorizon@QuickHull@local@@IEAAXPEBUQuickHullVertex@2@AEBV?$Array@PEAUQuickHullHalfEdge@local@@VNamedAllocator@shdfnd@physx@@@shdfnd@physx@@AEAV?$Array@PEAUQuickHullFace@local@@VNamedAllocator@shdfnd@physx@@@56@@Z 0000000180027c10 f   QuickHullConvexHullLib.obj
 0001:00026d60       ?doAdjacentMerge@QuickHull@local@@IEAA_NAEAUQuickHullFace@2@_NAEA_N@Z 0000000180027d60 f   QuickHullConvexHullLib.obj
 0001:00026fd0       ?doPostAdjacentMerge@QuickHull@local@@IEAA_NAEAUQuickHullFace@2@M@Z 0000000180027fd0 f   QuickHullConvexHullLib.obj
 0001:00027110       ?deleteFacePoints@QuickHull@local@@IEAAXAEAUQuickHullFace@2@PEAU32@@Z 0000000180028110 f   QuickHullConvexHullLib.obj
 0001:00027220       ?resolveUnclaimedPoints@QuickHull@local@@IEAAXAEBV?$Array@PEAUQuickHullFace@local@@VNamedAllocator@shdfnd@physx@@@shdfnd@physx@@@Z 0000000180028220 f   QuickHullConvexHullLib.obj
 0001:00027470       ?postMergeHull@QuickHull@local@@IEAAXXZ 0000000180028470 f   QuickHullConvexHullLib.obj
 0001:000275f0       ?canMergeFaces@QuickHull@local@@IEAA_NAEBUQuickHullHalfEdge@2@@Z 00000001800285f0 f   QuickHullConvexHullLib.obj
 0001:00027e30       ?getExpandPoint@local@@YAXAEBUQuickHullHalfEdge@1@AEAUExpandPoint@1@PEBV?$Array@IVNamedAllocator@shdfnd@physx@@@shdfnd@physx@@@Z 0000000180028e30 f   QuickHullConvexHullLib.obj
 0001:00027ed0       ?addExpandPoint@local@@YAXAEBUExpandPoint@1@AEAV?$Array@UExpandPoint@local@@VNamedAllocator@shdfnd@physx@@@shdfnd@physx@@@Z 0000000180028ed0 f   QuickHullConvexHullLib.obj
 0001:00027fb0       ??0PxPlane@physx@@QEAA@AEBV01@@Z 0000000180028fb0 f i QuickHullConvexHullLib.obj
 0001:00027fd0       ??0QuickHullVertex@local@@QEAA@XZ 0000000180028fd0 f i QuickHullConvexHullLib.obj
 0001:00027fe0       ??1?$MemBlock@UQuickHullFace@local@@$00@local@@QEAA@XZ 0000000180028fe0 f i QuickHullConvexHullLib.obj
 0001:00028060       ??1?$MemBlock@UQuickHullHalfEdge@local@@$0A@@local@@QEAA@XZ 0000000180029060 f i QuickHullConvexHullLib.obj
 0001:000280e0       ??_GConvexHull@physx@@QEAAPEAXI@Z 00000001800290e0 f i QuickHullConvexHullLib.obj
 0001:000281b0       ??_EQuickHullConvexHullLib@physx@@UEAAPEAXI@Z 00000001800291b0 f i QuickHullConvexHullLib.obj
 0001:000281b0       ??_GQuickHullConvexHullLib@physx@@UEAAPEAXI@Z 00000001800291b0 f i QuickHullConvexHullLib.obj
 0001:000282b0       ??__G@YAXPEAX0_K1P6APEAX00@Z@Z 00000001800292b0 f i QuickHullConvexHullLib.obj
 0001:00028310       ?copy@?$Array@UExpandPoint@local@@VNamedAllocator@shdfnd@physx@@@shdfnd@physx@@KAXPEAUExpandPoint@local@@0PEBU45@@Z 0000000180029310 f i QuickHullConvexHullLib.obj
 0001:000283c0       ?getFreeItem@?$MemBlock@UQuickHullFace@local@@$00@local@@QEAAPEAUQuickHullFace@2@XZ 00000001800293c0 f i QuickHullConvexHullLib.obj
 0001:000284f0       ?getFreeItem@?$MemBlock@UQuickHullHalfEdge@local@@$0A@@local@@QEAAPEAUQuickHullHalfEdge@2@XZ 00000001800294f0 f i QuickHullConvexHullLib.obj
 0001:000285d0       ?growAndPushBack@?$Array@PEAUQuickHullFace@local@@VNamedAllocator@shdfnd@physx@@@shdfnd@physx@@IEAAAEAPEAUQuickHullFace@local@@AEBQEAU45@@Z 00000001800295d0 f i QuickHullConvexHullLib.obj
 0001:000286c0       ?growAndPushBack@?$Array@PEAUQuickHullHalfEdge@local@@VNamedAllocator@shdfnd@physx@@@shdfnd@physx@@IEAAAEAPEAUQuickHullHalfEdge@local@@AEBQEAU45@@Z 00000001800296c0 f i QuickHullConvexHullLib.obj
 0001:000287b0       ?growAndPushBack@?$Array@PEAUQuickHullVertex@local@@VNamedAllocator@shdfnd@physx@@@shdfnd@physx@@IEAAAEAPEAUQuickHullVertex@local@@AEBQEAU45@@Z 00000001800297b0 f i QuickHullConvexHullLib.obj
 0001:000288a0       ?growAndPushBack@?$Array@UExpandPoint@local@@VNamedAllocator@shdfnd@physx@@@shdfnd@physx@@IEAAAEAUExpandPoint@local@@AEBU45@@Z 00000001800298a0 f i QuickHullConvexHullLib.obj
 0001:000289d0       ?init@?$MemBlock@UQuickHullFace@local@@$00@local@@QEAAXI@Z 00000001800299d0 f i QuickHullConvexHullLib.obj
 0001:00028ab0       ?init@?$MemBlock@UQuickHullHalfEdge@local@@$0A@@local@@QEAAXI@Z 0000000180029ab0 f i QuickHullConvexHullLib.obj
 0001:00028b50       ?recreate@?$Array@PEAUQuickHullFace@local@@VNamedAllocator@shdfnd@physx@@@shdfnd@physx@@IEAAXI@Z 0000000180029b50 f i QuickHullConvexHullLib.obj
 0001:00028c30       ?recreate@?$Array@PEAUQuickHullHalfEdge@local@@VNamedAllocator@shdfnd@physx@@@shdfnd@physx@@IEAAXI@Z 0000000180029c30 f i QuickHullConvexHullLib.obj
 0001:00028d10       ?recreate@?$Array@PEAUQuickHullVertex@local@@VNamedAllocator@shdfnd@physx@@@shdfnd@physx@@IEAAXI@Z 0000000180029d10 f i QuickHullConvexHullLib.obj
 0001:00028df0       ?recreate@?$Array@UExpandPoint@local@@VNamedAllocator@shdfnd@physx@@@shdfnd@physx@@IEAAXI@Z 0000000180029df0 f i QuickHullConvexHullLib.obj
 0001:00028e90       ?computeVolumeIntegrals@physx@@YA_NAEBVPxSimpleTriangleMesh@1@MAEAUPxIntegrals@1@@Z 0000000180029e90 f   VolumeIntegration.obj
 0001:00028f00       ?computeVolumeIntegralsEberly@physx@@YA_NAEBVPxConvexMeshDesc@1@MAEAUPxIntegrals@1@AEBVPxVec3@1@@Z 0000000180029f00 f   VolumeIntegration.obj
 0001:00028f50       ?computeVolumeIntegralsEberlySIMD@physx@@YA_NAEBVPxConvexMeshDesc@1@MAEAUPxIntegrals@1@AEBVPxVec3@1@@Z 0000000180029f50 f   VolumeIntegration.obj
 0001:0002b3c0       PxSetPhysXCookingDelayLoadHook 000000018002c3c0 f   WindowsCookingDelayLoadHook.obj
 0001:0002b3d0       ?delayHook@@YAP6A_JXZIPEAUDelayLoadInfo@@@Z 000000018002c3d0 f   WindowsCookingDelayLoadHook.obj
 0001:0002b4a8       __imp_load_??0RadixSortBuffered@Cm@physx@@QEAA@XZ 000000018002c4a8 f   PhysXCommon_64:PhysXCommon_64.dll
 0001:0002b4b4       ??0RadixSortBuffered@Cm@physx@@QEAA@XZ 000000018002c4b4 f   PhysXCommon_64:PhysXCommon_64.dll
 0001:0002b4ba       __tailMerge_physxcommon_64_dll 000000018002c4ba     PhysXCommon_64:PhysXCommon_64.dll
 0001:0002b533       __imp_load_??1RadixSortBuffered@Cm@physx@@UEAA@XZ 000000018002c533 f   PhysXCommon_64:PhysXCommon_64.dll
 0001:0002b53f       ??1RadixSortBuffered@Cm@physx@@UEAA@XZ 000000018002c53f f   PhysXCommon_64:PhysXCommon_64.dll
 0001:0002b545       __imp_load_?Sort@RadixSortBuffered@Cm@physx@@QEAAAEAV123@PEBIIW4RadixHint@23@@Z 000000018002c545 f   PhysXCommon_64:PhysXCommon_64.dll
 0001:0002b551       ?Sort@RadixSortBuffered@Cm@physx@@QEAAAEAV123@PEBIIW4RadixHint@23@@Z 000000018002c551 f   PhysXCommon_64:PhysXCommon_64.dll
 0001:0002b557       __imp_load_?readDword@physx@@YAI_NAEAVPxInputStream@1@@Z 000000018002c557 f   PhysXCommon_64:PhysXCommon_64.dll
 0001:0002b563       ?readDword@physx@@YAI_NAEAVPxInputStream@1@@Z 000000018002c563 f   PhysXCommon_64:PhysXCommon_64.dll
 0001:0002b569       __imp_load_?ReadHeader@Gu@physx@@YA_NEEEEAEAIAEA_NAEAVPxInputStream@2@@Z 000000018002c569 f   PhysXCommon_64:PhysXCommon_64.dll
 0001:0002b575       ?ReadHeader@Gu@physx@@YA_NEEEEAEAIAEA_NAEAVPxInputStream@2@@Z 000000018002c575 f   PhysXCommon_64:PhysXCommon_64.dll
 0001:0002b57b       __imp_load_?exportExtraData@ConvexMesh@Gu@physx@@UEAAXAEAVPxSerializationContext@3@@Z 000000018002c57b f   PhysXCommon_64:PhysXCommon_64.dll
 0001:0002b587       ?exportExtraData@ConvexMesh@Gu@physx@@UEAAXAEAVPxSerializationContext@3@@Z 000000018002c587 f   PhysXCommon_64:PhysXCommon_64.dll
 0001:0002b58d       __imp_load_?onRefCountZero@ConvexMesh@Gu@physx@@UEAAXXZ 000000018002c58d f   PhysXCommon_64:PhysXCommon_64.dll
 0001:0002b599       ?onRefCountZero@ConvexMesh@Gu@physx@@UEAAXXZ 000000018002c599 f   PhysXCommon_64:PhysXCommon_64.dll
 0001:0002b59f       __imp_load_?release@ConvexMesh@Gu@physx@@UEAAXXZ 000000018002c59f f   PhysXCommon_64:PhysXCommon_64.dll
 0001:0002b5ab       ?release@ConvexMesh@Gu@physx@@UEAAXXZ 000000018002c5ab f   PhysXCommon_64:PhysXCommon_64.dll
 0001:0002b5b1       __imp_load_?getPolygonData@ConvexMesh@Gu@physx@@UEBA_NIAEAUPxHullPolygon@3@@Z 000000018002c5b1 f   PhysXCommon_64:PhysXCommon_64.dll
 0001:0002b5bd       ?getPolygonData@ConvexMesh@Gu@physx@@UEBA_NIAEAUPxHullPolygon@3@@Z 000000018002c5bd f   PhysXCommon_64:PhysXCommon_64.dll
 0001:0002b5c3       __imp_load_?isGpuCompatible@ConvexMesh@Gu@physx@@UEBA_NXZ 000000018002c5c3 f   PhysXCommon_64:PhysXCommon_64.dll
 0001:0002b5cf       ?isGpuCompatible@ConvexMesh@Gu@physx@@UEBA_NXZ 000000018002c5cf f   PhysXCommon_64:PhysXCommon_64.dll
 0001:0002b5d5       __imp_load_?getReferenceCount@ConvexMesh@Gu@physx@@UEBAIXZ 000000018002c5d5 f   PhysXCommon_64:PhysXCommon_64.dll
 0001:0002b5e1       ?getReferenceCount@ConvexMesh@Gu@physx@@UEBAIXZ 000000018002c5e1 f   PhysXCommon_64:PhysXCommon_64.dll
 0001:0002b5e7       __imp_load_?acquireReference@ConvexMesh@Gu@physx@@UEAAXXZ 000000018002c5e7 f   PhysXCommon_64:PhysXCommon_64.dll
 0001:0002b5f3       ?acquireReference@ConvexMesh@Gu@physx@@UEAAXXZ 000000018002c5f3 f   PhysXCommon_64:PhysXCommon_64.dll
 0001:0002b5f9       __imp_load_?getMassInformation@ConvexMesh@Gu@physx@@UEBAXAEAMAEAVPxMat33@3@AEAVPxVec3@3@@Z 000000018002c5f9 f   PhysXCommon_64:PhysXCommon_64.dll
 0001:0002b605       ?getMassInformation@ConvexMesh@Gu@physx@@UEBAXAEAMAEAVPxMat33@3@AEAVPxVec3@3@@Z 000000018002c605 f   PhysXCommon_64:PhysXCommon_64.dll
 0001:0002b60b       __imp_load_?getLocalBounds@ConvexMesh@Gu@physx@@UEBA?AVPxBounds3@3@XZ 000000018002c60b f   PhysXCommon_64:PhysXCommon_64.dll
 0001:0002b617       ?getLocalBounds@ConvexMesh@Gu@physx@@UEBA?AVPxBounds3@3@XZ 000000018002c617 f   PhysXCommon_64:PhysXCommon_64.dll
 0001:0002b61d       __imp_load_??1ConvexMesh@Gu@physx@@UEAA@XZ 000000018002c61d f   PhysXCommon_64:PhysXCommon_64.dll
 0001:0002b629       ??1ConvexMesh@Gu@physx@@UEAA@XZ 000000018002c629 f   PhysXCommon_64:PhysXCommon_64.dll
 0001:0002b62f       __imp_load_??0HeightField@Gu@physx@@QEAA@PEAVGuMeshFactory@2@@Z 000000018002c62f f   PhysXCommon_64:PhysXCommon_64.dll
 0001:0002b63b       ??0HeightField@Gu@physx@@QEAA@PEAVGuMeshFactory@2@@Z 000000018002c63b f   PhysXCommon_64:PhysXCommon_64.dll
 0001:0002b641       __imp_load_?loadFromDesc@HeightField@Gu@physx@@QEAA_NAEBVPxHeightFieldDesc@3@@Z 000000018002c641 f   PhysXCommon_64:PhysXCommon_64.dll
 0001:0002b64d       ?loadFromDesc@HeightField@Gu@physx@@QEAA_NAEBVPxHeightFieldDesc@3@@Z 000000018002c64d f   PhysXCommon_64:PhysXCommon_64.dll
 0001:0002b653       __imp_load_?computeCellCoordinates@HeightField@Gu@physx@@QEBAIMMAEAM0@Z 000000018002c653 f   PhysXCommon_64:PhysXCommon_64.dll
 0001:0002b65f       ?computeCellCoordinates@HeightField@Gu@physx@@QEBAIMMAEAM0@Z 000000018002c65f f   PhysXCommon_64:PhysXCommon_64.dll
 0001:0002b665       __imp_load_?releaseMemory@HeightField@Gu@physx@@QEAAXXZ 000000018002c665 f   PhysXCommon_64:PhysXCommon_64.dll
 0001:0002b671       ?releaseMemory@HeightField@Gu@physx@@QEAAXXZ 000000018002c671 f   PhysXCommon_64:PhysXCommon_64.dll
 0001:0002b677       __imp_load_??1HeightField@Gu@physx@@UEAA@XZ 000000018002c677 f   PhysXCommon_64:PhysXCommon_64.dll
 0001:0002b683       ??1HeightField@Gu@physx@@UEAA@XZ 000000018002c683 f   PhysXCommon_64:PhysXCommon_64.dll
 0001:0002b689       __imp_load_??0NodeAllocator@Gu@physx@@QEAA@XZ 000000018002c689 f   PhysXCommon_64:PhysXCommon_64.dll
 0001:0002b695       ??0NodeAllocator@Gu@physx@@QEAA@XZ 000000018002c695 f   PhysXCommon_64:PhysXCommon_64.dll
 0001:0002b69b       __imp_load_??1NodeAllocator@Gu@physx@@QEAA@XZ 000000018002c69b f   PhysXCommon_64:PhysXCommon_64.dll
 0001:0002b6a7       ??1NodeAllocator@Gu@physx@@QEAA@XZ 000000018002c6a7 f   PhysXCommon_64:PhysXCommon_64.dll
 0001:0002b6ad       __imp_load_?release@NodeAllocator@Gu@physx@@QEAAXXZ 000000018002c6ad f   PhysXCommon_64:PhysXCommon_64.dll
 0001:0002b6b9       ?release@NodeAllocator@Gu@physx@@QEAAXXZ 000000018002c6b9 f   PhysXCommon_64:PhysXCommon_64.dll
 0001:0002b6bf       __imp_load_?buildAABBTree@Gu@physx@@YA_NAEAVAABBTreeBuildParams@12@AEAVNodeAllocator@12@AEAUBuildStats@12@AEAPEAI@Z 000000018002c6bf f   PhysXCommon_64:PhysXCommon_64.dll
 0001:0002b6cb       ?buildAABBTree@Gu@physx@@YA_NAEAVAABBTreeBuildParams@12@AEAVNodeAllocator@12@AEAUBuildStats@12@AEAPEAI@Z 000000018002c6cb f   PhysXCommon_64:PhysXCommon_64.dll
 0001:0002b6d1       __imp_load_?writeDword@physx@@YAXI_NAEAVPxOutputStream@1@@Z 000000018002c6d1 f   PhysXCommon_64:PhysXCommon_64.dll
 0001:0002b6dd       ?writeDword@physx@@YAXI_NAEAVPxOutputStream@1@@Z 000000018002c6dd f   PhysXCommon_64:PhysXCommon_64.dll
 0001:0002b6e3       __imp_load_?writeFloatBuffer@physx@@YAXPEBMI_NAEAVPxOutputStream@1@@Z 000000018002c6e3 f   PhysXCommon_64:PhysXCommon_64.dll
 0001:0002b6ef       ?writeFloatBuffer@physx@@YAXPEBMI_NAEAVPxOutputStream@1@@Z 000000018002c6ef f   PhysXCommon_64:PhysXCommon_64.dll
 0001:0002b6f5       __imp_load_?writeHeader@physx@@YA_NCCCCI_NAEAVPxOutputStream@1@@Z 000000018002c6f5 f   PhysXCommon_64:PhysXCommon_64.dll
 0001:0002b701       ?writeHeader@physx@@YA_NCCCCI_NAEAVPxOutputStream@1@@Z 000000018002c701 f   PhysXCommon_64:PhysXCommon_64.dll
 0001:0002b707       __imp_load_?writeWord@physx@@YAXG_NAEAVPxOutputStream@1@@Z 000000018002c707 f   PhysXCommon_64:PhysXCommon_64.dll
 0001:0002b713       ?writeWord@physx@@YAXG_NAEAVPxOutputStream@1@@Z 000000018002c713 f   PhysXCommon_64:PhysXCommon_64.dll
 0001:0002b719       __imp_load_?writeFloat@physx@@YAXM_NAEAVPxOutputStream@1@@Z 000000018002c719 f   PhysXCommon_64:PhysXCommon_64.dll
 0001:0002b725       ?writeFloat@physx@@YAXM_NAEAVPxOutputStream@1@@Z 000000018002c725 f   PhysXCommon_64:PhysXCommon_64.dll
 0001:0002b72b       __imp_load_?computeBoundsAroundVertices@Gu@physx@@YAXAEAVPxBounds3@2@IPEIBVPxVec3@2@@Z 000000018002c72b f   PhysXCommon_64:PhysXCommon_64.dll
 0001:0002b737       ?computeBoundsAroundVertices@Gu@physx@@YAXAEAVPxBounds3@2@IPEIBVPxVec3@2@@Z 000000018002c737 f   PhysXCommon_64:PhysXCommon_64.dll
 0001:0002b73d       __imp_load_??0SourceMesh@Gu@physx@@QEAA@XZ 000000018002c73d f   PhysXCommon_64:PhysXCommon_64.dll
 0001:0002b749       ??0SourceMesh@Gu@physx@@QEAA@XZ 000000018002c749 f   PhysXCommon_64:PhysXCommon_64.dll
 0001:0002b74f       __imp_load_??1SourceMesh@Gu@physx@@QEAA@XZ 000000018002c74f f   PhysXCommon_64:PhysXCommon_64.dll
 0001:0002b75b       ??1SourceMesh@Gu@physx@@QEAA@XZ 000000018002c75b f   PhysXCommon_64:PhysXCommon_64.dll
 0001:0002b761       __imp_load_??0BV4Tree@Gu@physx@@QEAA@XZ 000000018002c761 f   PhysXCommon_64:PhysXCommon_64.dll
 0001:0002b76d       ??0BV4Tree@Gu@physx@@QEAA@XZ 000000018002c76d f   PhysXCommon_64:PhysXCommon_64.dll
 0001:0002b773       __imp_load_??1BV4Tree@Gu@physx@@QEAA@XZ 000000018002c773 f   PhysXCommon_64:PhysXCommon_64.dll
 0001:0002b77f       ??1BV4Tree@Gu@physx@@QEAA@XZ 000000018002c77f f   PhysXCommon_64:PhysXCommon_64.dll
 0001:0002b785       __imp_load_??0BV32Tree@Gu@physx@@QEAA@XZ 000000018002c785 f   PhysXCommon_64:PhysXCommon_64.dll
 0001:0002b791       ??0BV32Tree@Gu@physx@@QEAA@XZ 000000018002c791 f   PhysXCommon_64:PhysXCommon_64.dll
 0001:0002b797       __imp_load_??1BV32Tree@Gu@physx@@QEAA@XZ 000000018002c797 f   PhysXCommon_64:PhysXCommon_64.dll
 0001:0002b7a3       ??1BV32Tree@Gu@physx@@QEAA@XZ 000000018002c7a3 f   PhysXCommon_64:PhysXCommon_64.dll
 0001:0002b7a9       __imp_load_?writeWordBuffer@physx@@YAXPEBGI_NAEAVPxOutputStream@1@@Z 000000018002c7a9 f   PhysXCommon_64:PhysXCommon_64.dll
 0001:0002b7b5       ?writeWordBuffer@physx@@YAXPEBGI_NAEAVPxOutputStream@1@@Z 000000018002c7b5 f   PhysXCommon_64:PhysXCommon_64.dll
 0001:0002b7bb       __imp_load_?computeMaxIndex@physx@@YAIPEBII@Z 000000018002c7bb f   PhysXCommon_64:PhysXCommon_64.dll
 0001:0002b7c7       ?computeMaxIndex@physx@@YAIPEBII@Z 000000018002c7c7 f   PhysXCommon_64:PhysXCommon_64.dll
 0001:0002b7cd       __imp_load_?storeIndices@physx@@YAXIIPEBIAEAVPxOutputStream@1@_N@Z 000000018002c7cd f   PhysXCommon_64:PhysXCommon_64.dll
 0001:0002b7d9       ?storeIndices@physx@@YAXIIPEBIAEAVPxOutputStream@1@_N@Z 000000018002c7d9 f   PhysXCommon_64:PhysXCommon_64.dll
 0001:0002b7df       __imp_load_?BuildBV4Ex@Gu@physx@@YA_NAEAVBV4Tree@12@AEAVSourceMesh@12@MI@Z 000000018002c7df f   PhysXCommon_64:PhysXCommon_64.dll
 0001:0002b7eb       ?BuildBV4Ex@Gu@physx@@YA_NAEAVBV4Tree@12@AEAVSourceMesh@12@MI@Z 000000018002c7eb f   PhysXCommon_64:PhysXCommon_64.dll
 0001:0002b7f1       __imp_load_?BuildBV32Ex@Gu@physx@@YA_NAEAVBV32Tree@12@AEAVSourceMesh@12@MI@Z 000000018002c7f1 f   PhysXCommon_64:PhysXCommon_64.dll
 0001:0002b7fd       ?BuildBV32Ex@Gu@physx@@YA_NAEAVBV32Tree@12@AEAVSourceMesh@12@MI@Z 000000018002c7fd f   PhysXCommon_64:PhysXCommon_64.dll
 0001:0002b803       __imp_load_?computeMaxIndex@physx@@YAGPEBGI@Z 000000018002c803 f   PhysXCommon_64:PhysXCommon_64.dll
 0001:0002b80f       ?computeMaxIndex@physx@@YAGPEBGI@Z 000000018002c80f f   PhysXCommon_64:PhysXCommon_64.dll
 0001:0002b815       __imp_load_?WriteHeader@Gu@physx@@YA_NEEEEI_NAEAVPxOutputStream@2@@Z 000000018002c815 f   PhysXCommon_64:PhysXCommon_64.dll
 0001:0002b821       ?WriteHeader@Gu@physx@@YA_NEEEEI_NAEAVPxOutputStream@2@@Z 000000018002c821 f   PhysXCommon_64:PhysXCommon_64.dll
 0001:0002b827       __imp_load_?StoreIndices@Gu@physx@@YAXGIPEBGAEAVPxOutputStream@2@_N@Z 000000018002c827 f   PhysXCommon_64:PhysXCommon_64.dll
 0001:0002b833       ?StoreIndices@Gu@physx@@YAXGIPEBGAEAVPxOutputStream@2@_N@Z 000000018002c833 f   PhysXCommon_64:PhysXCommon_64.dll
 0001:0002b839       __imp_load_?CreateOffsets@BigConvexData@physx@@IEAAXXZ 000000018002c839 f   PhysXCommon_64:PhysXCommon_64.dll
 0001:0002b845       ?CreateOffsets@BigConvexData@physx@@IEAAXXZ 000000018002c845 f   PhysXCommon_64:PhysXCommon_64.dll
 0001:0002b84b       __imp_load_?computeOBBPoints@Gu@physx@@YAXPEIAVPxVec3@2@AEBV32@1111@Z 000000018002c84b f   PhysXCommon_64:PhysXCommon_64.dll
 0001:0002b857       ?computeOBBPoints@Gu@physx@@YAXPEIAVPxVec3@2@AEBV32@1111@Z 000000018002c857 f   PhysXCommon_64:PhysXCommon_64.dll
 0001:0002b85d       __imp_load_??0BigConvexData@physx@@QEAA@XZ 000000018002c85d f   PhysXCommon_64:PhysXCommon_64.dll
 0001:0002b869       ??0BigConvexData@physx@@QEAA@XZ 000000018002c869 f   PhysXCommon_64:PhysXCommon_64.dll
 0001:0002b86f       __imp_load_??1BigConvexData@physx@@QEAA@XZ 000000018002c86f f   PhysXCommon_64:PhysXCommon_64.dll
 0001:0002b87b       ??1BigConvexData@physx@@QEAA@XZ 000000018002c87b f   PhysXCommon_64:PhysXCommon_64.dll
 0001:0002b881       __imp_load_PxGetFoundation 000000018002c881 f   PhysXFoundation_64:PhysXFoundation_64.dll
 0001:0002b88d       PxGetFoundation            000000018002c88d f   PhysXFoundation_64:PhysXFoundation_64.dll
 0001:0002b893       __tailMerge_physxfoundation_64_dll 000000018002c893     PhysXFoundation_64:PhysXFoundation_64.dll
 0001:0002b90c       __imp_load_?getAllocator@shdfnd@physx@@YAAEAVPxAllocatorCallback@2@XZ 000000018002c90c f   PhysXFoundation_64:PhysXFoundation_64.dll
 0001:0002b918       ?getAllocator@shdfnd@physx@@YAAEAVPxAllocatorCallback@2@XZ 000000018002c918 f   PhysXFoundation_64:PhysXFoundation_64.dll
 0001:0002b91e       __imp_load_??0NamedAllocator@shdfnd@physx@@QEAA@PEBD@Z 000000018002c91e f   PhysXFoundation_64:PhysXFoundation_64.dll
 0001:0002b92a       ??0NamedAllocator@shdfnd@physx@@QEAA@PEBD@Z 000000018002c92a f   PhysXFoundation_64:PhysXFoundation_64.dll
 0001:0002b930       __imp_load_?getInstance@Foundation@shdfnd@physx@@SAAEAV123@XZ 000000018002c930 f   PhysXFoundation_64:PhysXFoundation_64.dll
 0001:0002b93c       ?getInstance@Foundation@shdfnd@physx@@SAAEAV123@XZ 000000018002c93c f   PhysXFoundation_64:PhysXFoundation_64.dll
 0001:0002b942       __imp_load_?error@Foundation@shdfnd@physx@@QEAAXW4Enum@PxErrorCode@3@PEBDH1ZZ 000000018002c942 f   PhysXFoundation_64:PhysXFoundation_64.dll
 0001:0002b94e       ?error@Foundation@shdfnd@physx@@QEAAXW4Enum@PxErrorCode@3@PEBDH1ZZ 000000018002c94e f   PhysXFoundation_64:PhysXFoundation_64.dll
 0001:0002b954       __imp_load_?allocate@NamedAllocator@shdfnd@physx@@QEAAPEAX_KPEBDH@Z 000000018002c954 f   PhysXFoundation_64:PhysXFoundation_64.dll
 0001:0002b960       ?allocate@NamedAllocator@shdfnd@physx@@QEAAPEAX_KPEBDH@Z 000000018002c960 f   PhysXFoundation_64:PhysXFoundation_64.dll
 0001:0002b966       __imp_load_?deallocate@NamedAllocator@shdfnd@physx@@QEAAXPEAX@Z 000000018002c966 f   PhysXFoundation_64:PhysXFoundation_64.dll
 0001:0002b972       ?deallocate@NamedAllocator@shdfnd@physx@@QEAAXPEAX@Z 000000018002c972 f   PhysXFoundation_64:PhysXFoundation_64.dll
 0001:0002b978       __imp_load_?incRefCount@Foundation@shdfnd@physx@@SAXXZ 000000018002c978 f   PhysXFoundation_64:PhysXFoundation_64.dll
 0001:0002b984       ?incRefCount@Foundation@shdfnd@physx@@SAXXZ 000000018002c984 f   PhysXFoundation_64:PhysXFoundation_64.dll
 0001:0002b98a       __imp_load_?decRefCount@Foundation@shdfnd@physx@@SAXXZ 000000018002c98a f   PhysXFoundation_64:PhysXFoundation_64.dll
 0001:0002b996       ?decRefCount@Foundation@shdfnd@physx@@SAXXZ 000000018002c996 f   PhysXFoundation_64:PhysXFoundation_64.dll
 0001:0002b99c       __imp_load_??0FPUGuard@shdfnd@physx@@QEAA@XZ 000000018002c99c f   PhysXFoundation_64:PhysXFoundation_64.dll
 0001:0002b9a8       ??0FPUGuard@shdfnd@physx@@QEAA@XZ 000000018002c9a8 f   PhysXFoundation_64:PhysXFoundation_64.dll
 0001:0002b9ae       __imp_load_??1FPUGuard@shdfnd@physx@@QEAA@XZ 000000018002c9ae f   PhysXFoundation_64:PhysXFoundation_64.dll
 0001:0002b9ba       ??1FPUGuard@shdfnd@physx@@QEAA@XZ 000000018002c9ba f   PhysXFoundation_64:PhysXFoundation_64.dll
 0001:0002b9c0       __imp_load_??1NamedAllocator@shdfnd@physx@@QEAA@XZ 000000018002c9c0 f   PhysXFoundation_64:PhysXFoundation_64.dll
 0001:0002b9cc       ??1NamedAllocator@shdfnd@physx@@QEAA@XZ 000000018002c9cc f   PhysXFoundation_64:PhysXFoundation_64.dll
 0001:0002b9d2       __imp_load_??0NamedAllocator@shdfnd@physx@@QEAA@AEBV012@@Z 000000018002c9d2 f   PhysXFoundation_64:PhysXFoundation_64.dll
 0001:0002b9de       ??0NamedAllocator@shdfnd@physx@@QEAA@AEBV012@@Z 000000018002c9de f   PhysXFoundation_64:PhysXFoundation_64.dll
 0001:0002b9e4       __imp_load_?allocate@TempAllocator@shdfnd@physx@@QEAAPEAX_KPEBDH@Z 000000018002c9e4 f   PhysXFoundation_64:PhysXFoundation_64.dll
 0001:0002b9f0       ?allocate@TempAllocator@shdfnd@physx@@QEAAPEAX_KPEBDH@Z 000000018002c9f0 f   PhysXFoundation_64:PhysXFoundation_64.dll
 0001:0002b9f6       __imp_load_?deallocate@TempAllocator@shdfnd@physx@@QEAAXPEAX@Z 000000018002c9f6 f   PhysXFoundation_64:PhysXFoundation_64.dll
 0001:0002ba02       ?deallocate@TempAllocator@shdfnd@physx@@QEAAXPEAX@Z 000000018002ca02 f   PhysXFoundation_64:PhysXFoundation_64.dll
 0001:0002ba08       __imp_load_?PxDiagonalize@physx@@YA?AVPxVec3@1@AEBVPxMat33@1@AEAVPxQuat@1@@Z 000000018002ca08 f   PhysXFoundation_64:PhysXFoundation_64.dll
 0001:0002ba14       ?PxDiagonalize@physx@@YA?AVPxVec3@1@AEBVPxMat33@1@AEAVPxQuat@1@@Z 000000018002ca14 f   PhysXFoundation_64:PhysXFoundation_64.dll
 0001:0002ba1a       LoadLibraryA               000000018002ca1a f   kernel32:KERNEL32.dll
 0001:0002ba20       ??$PFromRva@PEAP6A_JXZ@@YAPEAP6A_JXZK@Z 000000018002ca20 f i Delayimp:delayhlp.obj
 0001:0002ba30       ??$PFromRva@PEAPEAUHINSTANCE__@@@@YAPEAPEAUHINSTANCE__@@K@Z 000000018002ca30 f i Delayimp:delayhlp.obj
 0001:0002ba40       ??$PFromRva@PEAU_IMAGE_IMPORT_BY_NAME@@@@YAPEAU_IMAGE_IMPORT_BY_NAME@@K@Z 000000018002ca40 f i Delayimp:delayhlp.obj
 0001:0002ba50       ??$PFromRva@PEAU_IMAGE_THUNK_DATA64@@@@YAPEAU_IMAGE_THUNK_DATA64@@K@Z 000000018002ca50 f i Delayimp:delayhlp.obj
 0001:0002ba60       ??$PFromRva@PEBD@@YAPEBDK@Z 000000018002ca60 f i Delayimp:delayhlp.obj
[...]
 0004:00001ac4       $pdata$3$?addNewFacesFromHorizon@QuickHull@local@@IEAAXPEBUQuickHullVertex@2@AEBV?$Array@PEAUQuickHullHalfEdge@local@@VNamedAllocator@shdfnd@physx@@@shdfnd@physx@@AEAV?$Array@PEAUQuickHullFace@local@@VNamedAllocator@shdfnd@physx@@@56@@Z 000000018003cac4     QuickHullConvexHullLib.obj
 0004:00001ad0       $pdata$?doAdjacentMerge@QuickHull@local@@IEAA_NAEAUQuickHullFace@2@_NAEA_N@Z 000000018003cad0     QuickHullConvexHullLib.obj
 0004:00001adc       $pdata$1$?doAdjacentMerge@QuickHull@local@@IEAA_NAEAUQuickHullFace@2@_NAEA_N@Z 000000018003cadc     QuickHullConvexHullLib.obj
 0004:00001ae8       $pdata$?doPostAdjacentMerge@QuickHull@local@@IEAA_NAEAUQuickHullFace@2@M@Z 000000018003cae8     QuickHullConvexHullLib.obj
 0004:00001af4       $pdata$0$?doPostAdjacentMerge@QuickHull@local@@IEAA_NAEAUQuickHullFace@2@M@Z 000000018003caf4     QuickHullConvexHullLib.obj
 0004:00001b00       $pdata$1$?doPostAdjacentMerge@QuickHull@local@@IEAA_NAEAUQuickHullFace@2@M@Z 000000018003cb00     QuickHullConvexHullLib.obj
 0004:00001b0c       $pdata$?deleteFacePoints@QuickHull@local@@IEAAXAEAUQuickHullFace@2@PEAU32@@Z 000000018003cb0c     QuickHullConvexHullLib.obj
 0004:00001b18       $pdata$0$?deleteFacePoints@QuickHull@local@@IEAAXAEAUQuickHullFace@2@PEAU32@@Z 000000018003cb18     QuickHullConvexHullLib.obj
 0004:00001b24       $pdata$1$?deleteFacePoints@QuickHull@local@@IEAAXAEAUQuickHullFace@2@PEAU32@@Z 000000018003cb24     QuickHullConvexHullLib.obj
 0004:00001b30       $pdata$?resolveUnclaimedPoints@QuickHull@local@@IEAAXAEBV?$Array@PEAUQuickHullFace@local@@VNamedAllocator@shdfnd@physx@@@shdfnd@physx@@@Z 000000018003cb30     QuickHullConvexHullLib.obj
 0004:00001b3c       $pdata$?postMergeHull@QuickHull@local@@IEAAXXZ 000000018003cb3c     QuickHullConvexHullLib.obj
 0004:00001b48       $pdata$2$?postMergeHull@QuickHull@local@@IEAAXXZ 000000018003cb48     QuickHullConvexHullLib.obj
 0004:00001b54       $pdata$3$?postMergeHull@QuickHull@local@@IEAAXXZ 000000018003cb54     QuickHullConvexHullLib.obj
 0004:00001b60       $pdata$4$?postMergeHull@QuickHull@local@@IEAAXXZ 000000018003cb60     QuickHullConvexHullLib.obj
 0004:00001b6c       $pdata$?canMergeFaces@QuickHull@local@@IEAA_NAEBUQuickHullHalfEdge@2@@Z 000000018003cb6c     QuickHullConvexHullLib.obj
 0004:00001b78       $pdata$??1?$MemBlock@UQuickHullFace@local@@$00@local@@QEAA@XZ 000000018003cb78     QuickHullConvexHullLib.obj
 0004:00001b84       $pdata$0$??1?$MemBlock@UQuickHullFace@local@@$00@local@@QEAA@XZ 000000018003cb84     QuickHullConvexHullLib.obj
 0004:00001b90       $pdata$1$??1?$MemBlock@UQuickHullFace@local@@$00@local@@QEAA@XZ 000000018003cb90     QuickHullConvexHullLib.obj
 0004:00001b9c       $pdata$2$??1?$MemBlock@UQuickHullFace@local@@$00@local@@QEAA@XZ 000000018003cb9c     QuickHullConvexHullLib.obj
 0004:00001ba8       $pdata$3$??1?$MemBlock@UQuickHullFace@local@@$00@local@@QEAA@XZ 000000018003cba8     QuickHullConvexHullLib.obj
 0004:00001bb4       $pdata$??1?$MemBlock@UQuickHullHalfEdge@local@@$0A@@local@@QEAA@XZ 000000018003cbb4     QuickHullConvexHullLib.obj
 0004:00001bc0       $pdata$0$??1?$MemBlock@UQuickHullHalfEdge@local@@$0A@@local@@QEAA@XZ 000000018003cbc0     QuickHullConvexHullLib.obj
 0004:00001bcc       $pdata$1$??1?$MemBlock@UQuickHullHalfEdge@local@@$0A@@local@@QEAA@XZ 000000018003cbcc     QuickHullConvexHullLib.obj
 0004:00001bd8       $pdata$2$??1?$MemBlock@UQuickHullHalfEdge@local@@$0A@@local@@QEAA@XZ 000000018003cbd8     QuickHullConvexHullLib.obj
 0004:00001be4       $pdata$3$??1?$MemBlock@UQuickHullHalfEdge@local@@$0A@@local@@QEAA@XZ 000000018003cbe4     QuickHullConvexHullLib.obj
 0004:00001bf0       $pdata$??_GConvexHull@physx@@QEAAPEAXI@Z 000000018003cbf0     QuickHullConvexHullLib.obj
 0004:00001bfc       $pdata$??_GQuickHullConvexHullLib@physx@@UEAAPEAXI@Z 000000018003cbfc     QuickHullConvexHullLib.obj
 0004:00001c08       $pdata$??__G@YAXPEAX0_K1P6APEAX00@Z@Z 000000018003cc08     QuickHullConvexHullLib.obj
 0004:00001c14       $pdata$0$??__G@YAXPEAX0_K1P6APEAX00@Z@Z 000000018003cc14     QuickHullConvexHullLib.obj
 0004:00001c20       $pdata$1$??__G@YAXPEAX0_K1P6APEAX00@Z@Z 000000018003cc20     QuickHullConvexHullLib.obj
 0004:00001c2c       $pdata$?getFreeItem@?$MemBlock@UQuickHullFace@local@@$00@local@@QEAAPEAUQuickHullFace@2@XZ 000000018003cc2c     QuickHullConvexHullLib.obj
 0004:00001c38       $pdata$?getFreeItem@?$MemBlock@UQuickHullHalfEdge@local@@$0A@@local@@QEAAPEAUQuickHullHalfEdge@2@XZ 000000018003cc38     QuickHullConvexHullLib.obj
 0004:00001c44       $pdata$?growAndPushBack@?$Array@PEAUQuickHullFace@local@@VNamedAllocator@shdfnd@physx@@@shdfnd@physx@@IEAAAEAPEAUQuickHullFace@local@@AEBQEAU45@@Z 000000018003cc44     QuickHullConvexHullLib.obj
 0004:00001c50       $pdata$?growAndPushBack@?$Array@PEAUQuickHullHalfEdge@local@@VNamedAllocator@shdfnd@physx@@@shdfnd@physx@@IEAAAEAPEAUQuickHullHalfEdge@local@@AEBQEAU45@@Z 000000018003cc50     QuickHullConvexHullLib.obj
 0004:00001c5c       $pdata$?growAndPushBack@?$Array@PEAUQuickHullVertex@local@@VNamedAllocator@shdfnd@physx@@@shdfnd@physx@@IEAAAEAPEAUQuickHullVertex@local@@AEBQEAU45@@Z 000000018003cc5c     QuickHullConvexHullLib.obj
 0004:00001c68       $pdata$?growAndPushBack@?$Array@UExpandPoint@local@@VNamedAllocator@shdfnd@physx@@@shdfnd@physx@@IEAAAEAUExpandPoint@local@@AEBU45@@Z 000000018003cc68     QuickHullConvexHullLib.obj
 0004:00001c74       $pdata$0$?growAndPushBack@?$Array@UExpandPoint@local@@VNamedAllocator@shdfnd@physx@@@shdfnd@physx@@IEAAAEAUExpandPoint@local@@AEBU45@@Z 000000018003cc74     QuickHullConvexHullLib.obj
 0004:00001c80       $pdata$1$?growAndPushBack@?$Array@UExpandPoint@local@@VNamedAllocator@shdfnd@physx@@@shdfnd@physx@@IEAAAEAUExpandPoint@local@@AEBU45@@Z 000000018003cc80     QuickHullConvexHullLib.obj
 0004:00001c8c       $pdata$2$?growAndPushBack@?$Array@UExpandPoint@local@@VNamedAllocator@shdfnd@physx@@@shdfnd@physx@@IEAAAEAUExpandPoint@local@@AEBU45@@Z 000000018003cc8c     QuickHullConvexHullLib.obj
 0004:00001c98       $pdata$3$?growAndPushBack@?$Array@UExpandPoint@local@@VNamedAllocator@shdfnd@physx@@@shdfnd@physx@@IEAAAEAUExpandPoint@local@@AEBU45@@Z 000000018003cc98     QuickHullConvexHullLib.obj
 0004:00001ca4       $pdata$?init@?$MemBlock@UQuickHullFace@local@@$00@local@@QEAAXI@Z 000000018003cca4     QuickHullConvexHullLib.obj
 0004:00001cb0       $pdata$?init@?$MemBlock@UQuickHullHalfEdge@local@@$0A@@local@@QEAAXI@Z 000000018003ccb0     QuickHullConvexHullLib.obj
 0004:00001cbc       $pdata$?recreate@?$Array@PEAUQuickHullFace@local@@VNamedAllocator@shdfnd@physx@@@shdfnd@physx@@IEAAXI@Z 000000018003ccbc     QuickHullConvexHullLib.obj
 0004:00001cc8       $pdata$0$?recreate@?$Array@PEAUQuickHullFace@local@@VNamedAllocator@shdfnd@physx@@@shdfnd@physx@@IEAAXI@Z 000000018003ccc8     QuickHullConvexHullLib.obj
 0004:00001cd4       $pdata$1$?recreate@?$Array@PEAUQuickHullFace@local@@VNamedAllocator@shdfnd@physx@@@shdfnd@physx@@IEAAXI@Z 000000018003ccd4     QuickHullConvexHullLib.obj
 0004:00001ce0       $pdata$?recreate@?$Array@PEAUQuickHullHalfEdge@local@@VNamedAllocator@shdfnd@physx@@@shdfnd@physx@@IEAAXI@Z 000000018003cce0     QuickHullConvexHullLib.obj
 0004:00001cec       $pdata$0$?recreate@?$Array@PEAUQuickHullHalfEdge@local@@VNamedAllocator@shdfnd@physx@@@shdfnd@physx@@IEAAXI@Z 000000018003ccec     QuickHullConvexHullLib.obj
 0004:00001cf8       $pdata$1$?recreate@?$Array@PEAUQuickHullHalfEdge@local@@VNamedAllocator@shdfnd@physx@@@shdfnd@physx@@IEAAXI@Z 000000018003ccf8     QuickHullConvexHullLib.obj
 0004:00001d04       $pdata$?recreate@?$Array@PEAUQuickHullVertex@local@@VNamedAllocator@shdfnd@physx@@@shdfnd@physx@@IEAAXI@Z 000000018003cd04     QuickHullConvexHullLib.obj
 0004:00001d10       $pdata$0$?recreate@?$Array@PEAUQuickHullVertex@local@@VNamedAllocator@shdfnd@physx@@@shdfnd@physx@@IEAAXI@Z 000000018003cd10     QuickHullConvexHullLib.obj
 0004:00001d1c       $pdata$1$?recreate@?$Array@PEAUQuickHullVertex@local@@VNamedAllocator@shdfnd@physx@@@shdfnd@physx@@IEAAXI@Z 000000018003cd1c     QuickHullConvexHullLib.obj
 0004:00001d28       $pdata$?recreate@?$Array@UExpandPoint@local@@VNamedAllocator@shdfnd@physx@@@shdfnd@physx@@IEAAXI@Z 000000018003cd28     QuickHullConvexHullLib.obj
 0004:00001d34       $pdata$0$?recreate@?$Array@UExpandPoint@local@@VNamedAllocator@shdfnd@physx@@@shdfnd@physx@@IEAAXI@Z 000000018003cd34     QuickHullConvexHullLib.obj
 0004:00001d40       $pdata$1$?recreate@?$Array@UExpandPoint@local@@VNamedAllocator@shdfnd@physx@@@shdfnd@physx@@IEAAXI@Z 000000018003cd40     QuickHullConvexHullLib.obj
 0004:00001d4c       $pdata$?computeVolumeIntegrals@physx@@YA_NAEBVPxSimpleTriangleMesh@1@MAEAUPxIntegrals@1@@Z 000000018003cd4c     VolumeIntegration.obj
 0004:00001d58       $pdata$?computeVolumeIntegralsEberly@physx@@YA_NAEBVPxConvexMeshDesc@1@MAEAUPxIntegrals@1@AEBVPxVec3@1@@Z 000000018003cd58     VolumeIntegration.obj
 0004:00001d64       $pdata$?computeVolumeIntegralsEberlySIMD@physx@@YA_NAEBVPxConvexMeshDesc@1@MAEAUPxIntegrals@1@AEBVPxVec3@1@@Z 000000018003cd64     VolumeIntegration.obj
 0004:00001d70       $pdata$?computeFaceIntegrals@VolumeIntegrator@?A0xd3066bd9@physx@@AEAAXAEBUFace@123@@Z 000000018003cd70     VolumeIntegration.obj
 0004:00001d7c       $pdata$?computeProjectionIntegrals@VolumeIntegrator@?A0xd3066bd9@physx@@AEAAXAEBUFace@123@@Z 000000018003cd7c     VolumeIntegration.obj
 0004:00001d88       $pdata$?computeVolumeIntegrals@VolumeIntegrator@?A0xd3066bd9@physx@@QEAA_NAEAUPxIntegrals@3@@Z 000000018003cd88     VolumeIntegration.obj
 0004:00001d94       $pdata$?computeVolumeIntegrals@VolumeIntegratorEberly@?A0xd3066bd9@physx@@QEAA_NAEAUPxIntegrals@3@AEBVPxVec3@3@@Z 000000018003cd94     VolumeIntegration.obj
 0004:00001da0       $pdata$0$?computeVolumeIntegrals@VolumeIntegratorEberly@?A0xd3066bd9@physx@@QEAA_NAEAUPxIntegrals@3@AEBVPxVec3@3@@Z 000000018003cda0     VolumeIntegration.obj
 0004:00001dac       $pdata$6$?computeVolumeIntegrals@VolumeIntegratorEberly@?A0xd3066bd9@physx@@QEAA_NAEAUPxIntegrals@3@AEBVPxVec3@3@@Z 000000018003cdac     VolumeIntegration.obj
 0004:00001db8       $pdata$7$?computeVolumeIntegrals@VolumeIntegratorEberly@?A0xd3066bd9@physx@@QEAA_NAEAUPxIntegrals@3@AEBVPxVec3@3@@Z 000000018003cdb8     VolumeIntegration.obj
 0004:00001dc4       $pdata$8$?computeVolumeIntegrals@VolumeIntegratorEberly@?A0xd3066bd9@physx@@QEAA_NAEAUPxIntegrals@3@AEBVPxVec3@3@@Z 000000018003cdc4     VolumeIntegration.obj
 0004:00001dd0       $pdata$?computeVolumeIntegralsSIMD@VolumeIntegratorEberly@?A0xd3066bd9@physx@@QEAA_NAEAUPxIntegrals@3@AEBVPxVec3@3@@Z 000000018003cdd0     VolumeIntegration.obj
 0004:00001ddc       $pdata$0$?computeVolumeIntegralsSIMD@VolumeIntegratorEberly@?A0xd3066bd9@physx@@QEAA_NAEAUPxIntegrals@3@AEBVPxVec3@3@@Z 000000018003cddc     VolumeIntegration.obj
 0004:00001de8       $pdata$2$?computeVolumeIntegralsSIMD@VolumeIntegratorEberly@?A0xd3066bd9@physx@@QEAA_NAEAUPxIntegrals@3@AEBVPxVec3@3@@Z 000000018003cde8     VolumeIntegration.obj
 0004:00001df4       $pdata$3$?computeVolumeIntegralsSIMD@VolumeIntegratorEberly@?A0xd3066bd9@physx@@QEAA_NAEAUPxIntegrals@3@AEBVPxVec3@3@@Z 000000018003cdf4     VolumeIntegration.obj
 0004:00001e00       $pdata$4$?computeVolumeIntegralsSIMD@VolumeIntegratorEberly@?A0xd3066bd9@physx@@QEAA_NAEAUPxIntegrals@3@AEBVPxVec3@3@@Z 000000018003ce00     VolumeIntegration.obj
 0004:00001e0c       $pdata$?delayHook@@YAP6A_JXZIPEAUDelayLoadInfo@@@Z 000000018003ce0c     WindowsCookingDelayLoadHook.obj
 0004:00001e18       $pdata$1$?delayHook@@YAP6A_JXZIPEAUDelayLoadInfo@@@Z 000000018003ce18     WindowsCookingDelayLoadHook.obj
 0004:00001e24       $pdata$3$?delayHook@@YAP6A_JXZIPEAUDelayLoadInfo@@@Z 000000018003ce24     WindowsCookingDelayLoadHook.obj
 0004:00001e30       $pdata$5$?delayHook@@YAP6A_JXZIPEAUDelayLoadInfo@@@Z 000000018003ce30     WindowsCookingDelayLoadHook.obj
 0004:00001e3c       $pdata$6$?delayHook@@YAP6A_JXZIPEAUDelayLoadInfo@@@Z 000000018003ce3c     WindowsCookingDelayLoadHook.obj
 0004:00001e60       $pdata$?DloadAcquireSectionWriteAccess@@YAXXZ 000000018003ce60     Delayimp:delayhlp.obj
 0004:00001e6c       $pdata$?DloadGetSRWLockFunctionPointers@@YAEXZ 000000018003ce6c     Delayimp:delayhlp.obj
 0004:00001e78       $pdata$?DloadLock@@YAXXZ   000000018003ce78     Delayimp:delayhlp.obj
 0004:00001e84       $pdata$?DloadMakePermanentImageCommit@@YAXPEAX_K@Z 000000018003ce84     Delayimp:delayhlp.obj
 0004:00001e90       $pdata$?DloadObtainSection@@YAPEAXPEAK0@Z 000000018003ce90     Delayimp:delayhlp.obj
 0004:00001e9c       $pdata$?DloadProtectSection@@YAXKPEAK@Z 000000018003ce9c     Delayimp:delayhlp.obj
 0004:00001ea8       $pdata$?DloadReleaseSectionWriteAccess@@YAXXZ 000000018003cea8     Delayimp:delayhlp.obj
 0004:00001eb4       $pdata$?DloadUnlock@@YAXXZ 000000018003ceb4     Delayimp:delayhlp.obj
 0004:00001ec0       $pdata$?PiddFromDllName@@YAPEBUImgDelayDescr@@PEBD@Z 000000018003cec0     Delayimp:delayhlp.obj
 0004:00001ecc       $pdata$__FUnloadDelayLoadedDLL2 000000018003cecc     Delayimp:delayhlp.obj
 0004:00001ed8       $pdata$__HrLoadAllImportsForDll 000000018003ced8     Delayimp:delayhlp.obj
 0004:00001ee4       $pdata$__delayLoadHelper2  000000018003cee4     Delayimp:delayhlp.obj
 0004:00001ef0       $pdata$??_Gtype_info@@UEAAPEAXI@Z 000000018003cef0     MSVCRT:std_type_info_static.obj
 0004:00001f08       $pdata$?dllmain_crt_dispatch@@YAHQEAUHINSTANCE__@@KQEAX@Z 000000018003cf08     MSVCRT:dll_dllmain.obj
 0004:00001f14       $pdata$?dllmain_crt_process_attach@@YAHQEAUHINSTANCE__@@QEAX@Z 000000018003cf14     MSVCRT:dll_dllmain.obj
 0004:00001f20       $pdata$?dllmain_crt_process_detach@@YAH_N@Z 000000018003cf20     MSVCRT:dll_dllmain.obj
 0004:00001f2c       $pdata$?dllmain_dispatch@@YAHQEAUHINSTANCE__@@KQEAX@Z 000000018003cf2c     MSVCRT:dll_dllmain.obj
 0004:00001f38       $pdata$?dllmain_raw@@YAHQEAUHINSTANCE__@@KQEAX@Z 000000018003cf38     MSVCRT:dll_dllmain.obj
 0004:00001f44       $pdata$_DllMainCRTStartup  000000018003cf44     MSVCRT:dll_dllmain.obj
 0004:00001f5c       $pdata$__get_entropy       000000018003cf5c     MSVCRT:gs_support.obj
 0004:00001f68       $pdata$__security_init_cookie 000000018003cf68     MSVCRT:gs_support.obj
 0004:00001f74       $pdata$DllMain             000000018003cf74     MSVCRT:dll_dllmain_stub.obj
 0004:00001f80       $pdata$__scrt_initialize_default_local_stdio_options 000000018003cf80     MSVCRT:default_local_stdio_options.obj
 0004:00001f8c       $pdata$?configure_argv@__scrt_narrow_argv_policy@@SAHXZ 000000018003cf8c     MSVCRT:utility.obj
 0004:00001f98       $pdata$__scrt_acquire_startup_lock 000000018003cf98     MSVCRT:utility.obj
 0004:00001fa4       $pdata$__scrt_dllmain_after_initialize_c 000000018003cfa4     MSVCRT:utility.obj
 0004:00001fb0       $pdata$__scrt_dllmain_before_initialize_c 000000018003cfb0     MSVCRT:utility.obj
 0004:00001fbc       $pdata$__scrt_dllmain_crt_thread_attach 000000018003cfbc     MSVCRT:utility.obj
 0004:00001fc8       $pdata$__scrt_dllmain_crt_thread_detach 000000018003cfc8     MSVCRT:utility.obj
 0004:00001fd4       $pdata$__scrt_dllmain_exception_filter 000000018003cfd4     MSVCRT:utility.obj
 0004:00001fe0       $pdata$__scrt_dllmain_uninitialize_c 000000018003cfe0     MSVCRT:utility.obj
 0004:00001fec       $pdata$__scrt_dllmain_uninitialize_critical 000000018003cfec     MSVCRT:utility.obj
 0004:00001ff8       $pdata$__scrt_initialize_crt 000000018003cff8     MSVCRT:utility.obj
 0004:00002004       $pdata$__scrt_initialize_onexit_tables 000000018003d004     MSVCRT:utility.obj
 0004:00002010       $pdata$__scrt_is_nonwritable_in_current_image 000000018003d010     MSVCRT:utility.obj
 0004:0000201c       $pdata$__scrt_release_startup_lock 000000018003d01c     MSVCRT:utility.obj
 0004:00002028       $pdata$__scrt_uninitialize_crt 000000018003d028     MSVCRT:utility.obj
 0004:00002034       $pdata$_onexit             000000018003d034     MSVCRT:utility.obj
 0004:00002040       $pdata$atexit              000000018003d040     MSVCRT:utility.obj
 0004:0000204c       $pdata$__scrt_fastfail     000000018003d04c     MSVCRT:utility_desktop.obj
 0004:00002058       $pdata$__scrt_get_show_window_mode 000000018003d058     MSVCRT:utility_desktop.obj
 0004:00002064       $pdata$__scrt_is_managed_app 000000018003d064     MSVCRT:utility_desktop.obj
 0004:00002070       $pdata$__scrt_unhandled_exception_filter 000000018003d070     MSVCRT:utility_desktop.obj
 0004:0000207c       $pdata$_RTC_Initialize     000000018003d07c     MSVCRT:_initsect_.obj
 0004:00002088       $pdata$_RTC_Terminate      000000018003d088     MSVCRT:_initsect_.obj
 0004:00002094       $pdata$__isa_available_init 000000018003d094     MSVCRT:_cpu_disp_.obj
 0004:000020dc       $pdata$?fin$0@?0??dllmain_crt_process_attach@@YAHQEAUHINSTANCE__@@QEAX@Z@4HA 000000018003d0dc     MSVCRT:dll_dllmain.obj
 0004:000020e8       $pdata$?fin$0@?0??dllmain_crt_process_detach@@YAH_N@Z@4HA 000000018003d0e8     MSVCRT:dll_dllmain.obj
 0004:000020f4       $pdata$?filt$0@?0??dllmain_dispatch@@YAHQEAUHINSTANCE__@@KQEAX@Z@4HA 000000018003d0f4     MSVCRT:dll_dllmain.obj
 0004:00002100       $pdata$__scrt_is_nonwritable_in_current_image$filt$0 000000018003d100     MSVCRT:utility.obj
 0005:00000000       __spec_table               000000018003e000     MSVCRT:_svml_ssinf4_sse2_.obj
 0005:00000560       MMSA7                      000000018003e560     MSVCRT:_svml_ssinf4_sse2_.obj
 0005:00000570       MMSA3                      000000018003e570     MSVCRT:_svml_ssinf4_sse2_.obj
 0005:00000580       MMSA5                      000000018003e580     MSVCRT:_svml_ssinf4_sse2_.obj
 0005:00000590       MMSA9                      000000018003e590     MSVCRT:_svml_ssinf4_sse2_.obj
 0005:000005a0       MMSPI3                     000000018003e5a0     MSVCRT:_svml_ssinf4_sse2_.obj
 0005:000005b0       MMSPI4                     000000018003e5b0     MSVCRT:_svml_ssinf4_sse2_.obj
 0005:000005c0       MMSPI2                     000000018003e5c0     MSVCRT:_svml_ssinf4_sse2_.obj
 0005:000005d0       MMSPI1                     000000018003e5d0     MSVCRT:_svml_ssinf4_sse2_.obj
 0005:000005e0       MMIHUGE                    000000018003e5e0     MSVCRT:_svml_ssinf4_sse2_.obj
 0005:000005f0       MMSINVPI                   000000018003e5f0     MSVCRT:_svml_ssinf4_sse2_.obj
 0005:00000600       MMIABSMASK                 000000018003e600     MSVCRT:_svml_ssinf4_sse2_.obj
 0005:00000610       dbSignMask                 000000018003e610     MSVCRT:_svml_ssinf4_sse2_.obj
 0005:00000620       PI02C_4                    000000018003e620     MSVCRT:_svml_ssinf4_sse2_.obj
 0005:00000630       PI02C_3                    000000018003e630     MSVCRT:_svml_ssinf4_sse2_.obj
 0005:00000640       PI02C_2                    000000018003e640     MSVCRT:_svml_ssinf4_sse2_.obj
 0005:00000650       PI02C_1                    000000018003e650     MSVCRT:_svml_ssinf4_sse2_.obj
 0005:00000660       PI02C_0                    000000018003e660     MSVCRT:_svml_ssinf4_sse2_.obj
 0005:00000670       dbRS                       000000018003e670     MSVCRT:_svml_ssinf4_sse2_.obj
 0005:00000680       MSK_LOW_BIT                000000018003e680     MSVCRT:_svml_ssinf4_sse2_.obj
 0005:00000690       dbiOne                     000000018003e690     MSVCRT:_svml_ssinf4_sse2_.obj
 0005:000006a0       dbInvPio2                  000000018003e6a0     MSVCRT:_svml_ssinf4_sse2_.obj
 0005:000006b0       flAllOnes                  000000018003e6b0     MSVCRT:_svml_ssinf4_sse2_.obj
 0005:000006c0       flTwoPow30                 000000018003e6c0     MSVCRT:_svml_ssinf4_sse2_.obj
 0005:000006d0       MMISIGNMASK                000000018003e6d0     MSVCRT:_svml_ssinf4_sse2_.obj
 0006:000000a0       $R000000                   000000018003f0a0     PhysXCooking.res
 0006:000003d0       $R000330                   000000018003f3d0     PhysXCooking.res
