 PhysXCooking_64

 Timestamp is 5c236d38 (Wed Dec 26 12:59:52 2018)

 Preferred load address is 0000000180000000

 Start         Length     Name                   Class
 0001:00000000 00000640H .text$di                CODE
 0001:00000640 0002d710H .text$mn                CODE
 0001:0002dd50 000000d2H .text$mn$00             CODE
 0001:0002de22 00000084H .text$x                 CODE
 0002:00000000 000001b8H .idata$5                DATA
 0002:000001b8 00000020H .00cfg                  DATA
 0002:000001d8 00000008H .CRT$XCA                DATA
 0002:000001e0 000001e0H .CRT$XCU                DATA
 0002:000003c0 00000008H .CRT$XCZ                DATA
 0002:000003c8 00000008H .CRT$XIA                DATA
 0002:000003d0 00000008H .CRT$XIZ                DATA
 0002:000003d8 00000008H .CRT$XPA                DATA
 0002:000003e0 00000008H .CRT$XPZ                DATA
 0002:000003e8 00000008H .CRT$XTA                DATA
 0002:000003f0 00000010H .CRT$XTZ                DATA
 0002:000003f8 00000000H .gfids$y                DATA
 0002:00000400 00002178H .rdata                  DATA
 0002:00002578 00000074H .rdata$r                DATA
 0002:000025ec 000003a4H .rdata$zzzdbg           DATA
 0002:00002990 00000008H .rtc$IAA                DATA
 0002:00002998 00000008H .rtc$IZZ                DATA
 0002:000029a0 00000008H .rtc$TAA                DATA
 0002:000029a8 00000008H .rtc$TZZ                DATA
 0002:000029b0 0000393cH .xdata                  DATA
 0002:000062ec 00000040H .didat$2                DATA
 0002:0000632c 00000024H .didat$3                DATA
 0002:00006350 000001e8H .didat$4                DATA
 0002:00006538 00000bf8H .didat$6                DATA
 0002:00007130 000001f0H .didat$7                DATA
 0002:00007320 00001cdcH .edata                  DATA
 0002:00008ffc 00000078H .idata$2                DATA
 0002:00009074 00000014H .idata$3                DATA
 0002:00009088 000001b8H .idata$4                DATA
 0002:00009240 00000442H .idata$6                DATA
 0003:00000000 00000060H .data                   DATA
 0003:00000060 00000650H .data$r                 DATA
 0003:000006b0 000001f0H .didat$5                DATA
 0003:000008a0 00000490H .bss                    DATA
 0004:00000000 0000225cH .pdata                  DATA
 0005:00000000 000006e0H _RDATA                  DATA
 0006:00000000 000000a0H .rsrc$01                DATA
 0006:000000a0 000004b0H .rsrc$02                DATA

  Address         Publics by Value              Rva+Base               Lib:Object

 0000:00000000       ___safe_se_handler_table   0000000000000000     <absolute>
 0000:00000000       __dynamic_value_reloc_table 0000000000000000     <absolute>
 0000:00000000       __guard_fids_table         0000000000000000     <absolute>
 0000:00000000       __hybrid_auxiliary_iat     0000000000000000     <absolute>
 0000:00000000       __guard_longjmp_count      0000000000000000     <absolute>
 0000:00000000       __guard_iat_table          0000000000000000     <absolute>
 0000:00000000       __enclave_config           0000000000000000     <absolute>
 0000:00000000       __hybrid_code_map_count    0000000000000000     <absolute>
 0000:00000000       __guard_fids_count         0000000000000000     <absolute>
 0000:00000000       ___safe_se_handler_count   0000000000000000     <absolute>
 0000:00000000       __guard_iat_count          0000000000000000     <absolute>
 0000:00000000       __hybrid_code_map          0000000000000000     <absolute>
 0000:00000000       __guard_longjmp_table      0000000000000000     <absolute>
 0000:00000100       __guard_flags              0000000000000100     <absolute>
 0000:00000000       __ImageBase                0000000180000000     <linker-defined>
 0001:00000640       ?ComputeNbBoundaryEdges@AdjTriangle@physx@@QEBAIXZ 0000000180001640 f   Adjacencies.obj
 0001:00000690       ?ComputeNbNeighbors@AdjTriangle@physx@@QEBAIXZ 0000000180001690 f   Adjacencies.obj
 0001:000006e0       ?HasNeighbor@AdjTriangle@physx@@QEBA_NIPEAI@Z 00000001800016e0 f   Adjacencies.obj
 0001:00000750       ?Flip@AdjTriangle@physx@@QEAAXXZ 0000000180001750 f   Adjacencies.obj
 0001:00000770       ??0Adjacencies@physx@@QEAA@XZ 0000000180001770 f   Adjacencies.obj
 0001:00000790       ??1Adjacencies@physx@@QEAA@XZ 0000000180001790 f   Adjacencies.obj
 0001:00000800       ?Load@Adjacencies@physx@@QEAA_NAEAVPxInputStream@2@@Z 0000000180001800 f   Adjacencies.obj
 0001:00000920       ?ComputeNbBoundaryEdges@Adjacencies@physx@@QEBAIXZ 0000000180001920 f   Adjacencies.obj
 0001:000009a0       ?GetBoundaryVertices@Adjacencies@physx@@QEBA_NIPEA_NPEBU?$TriangleT@I@Gu@2@@Z 00000001800019a0 f   Adjacencies.obj
 0001:00000b00       ?MakeLastRef@Adjacencies@physx@@QEAA_NAEAVAdjTriangle@2@IPEAU?$TriangleT@I@Gu@2@@Z 0000000180001b00 f   Adjacencies.obj
 0001:00000d30       ?AssignNewEdgeCode@Adjacencies@physx@@AEAAXIE@Z 0000000180001d30 f   Adjacencies.obj
 0001:00000d80       ??0AdjacenciesBuilder@physx@@QEAA@XZ 0000000180001d80 f   Adjacencies.obj
 0001:00000da0       ??1AdjacenciesBuilder@physx@@QEAA@XZ 0000000180001da0 f   Adjacencies.obj
 0001:00000db0       ?Init@AdjacenciesBuilder@physx@@QEAA_NAEBUADJACENCIESCREATE@2@@Z 0000000180001db0 f   Adjacencies.obj
 0001:00001190       ??0AdjEdge@@QEAA@XZ        0000000180002190 f i Adjacencies.obj
 0001:000011a0       ??0AdjTriangle@physx@@QEAA@XZ 00000001800021a0 f i Adjacencies.obj
 0001:000011b0       ??0Allocator@shdfnd@physx@@QEAA@PEBD@Z 00000001800021b0 f i Adjacencies.obj
 0001:000011c0       ??0PxFoundation@physx@@QEAA@AEBV01@@Z 00000001800021c0 f i Adjacencies.obj
 0001:000011d0       ??0PxFoundation@physx@@QEAA@XZ 00000001800021d0 f i Adjacencies.obj
 0001:000011e0       ??1AdjEdge@@QEAA@XZ        00000001800021e0 f i Adjacencies.obj
 0001:000011f0       ??1AdjTriangle@physx@@QEAA@XZ 00000001800021f0 f i Adjacencies.obj
 0001:00001200       ??1PxFoundation@physx@@MEAA@XZ 0000000180002200 f i Adjacencies.obj
 0001:00001210       ??4Allocator@shdfnd@physx@@QEAAAEAV012@$$QEAV012@@Z 0000000180002210 f i Adjacencies.obj
 0001:00001220       ??4Allocator@shdfnd@physx@@QEAAAEAV012@AEBV012@@Z 0000000180002220 f i Adjacencies.obj
 0001:00001230       ??4MutexImpl@shdfnd@physx@@QEAAAEAV012@AEBV012@@Z 0000000180002230 f i Adjacencies.obj
 0001:00001240       ??4PxFoundation@physx@@QEAAAEAV01@AEBV01@@Z 0000000180002240 f i Adjacencies.obj
 0001:00001250       ??_EAdjEdge@@QEAAPEAXI@Z   0000000180002250 f i Adjacencies.obj
 0001:000012d0       ??_EAdjTriangle@physx@@QEAAPEAXI@Z 00000001800022d0 f i Adjacencies.obj
 0001:00001350       ??_EPxFoundation@physx@@MEAAPEAXI@Z 0000000180002350 f i Adjacencies.obj
 0001:000013e0       ??_FAllocator@shdfnd@physx@@QEAAXXZ 00000001800023e0 f i Adjacencies.obj
 0001:000013f0       ??_GPxFoundation@physx@@MEAAPEAXI@Z 00000001800023f0 f i Adjacencies.obj
 0001:00001420       ??_H@YAXPEAX_K1P6APEAX0@Z@Z 0000000180002420 f i Adjacencies.obj
 0001:00001470       ??_I@YAXPEAX_K1P6AX0@Z@Z   0000000180002470 f i Adjacencies.obj
 0001:00001730       ?GetNbHits@RadixSort@Cm@physx@@QEBAIXZ 0000000180002730 f i Adjacencies.obj
 0001:00001740       ?GetNbTotalCalls@RadixSort@Cm@physx@@QEBAIXZ 0000000180002740 f i Adjacencies.obj
 0001:00001750       ?GetRanks@RadixSort@Cm@physx@@QEBAPEBIXZ 0000000180002750 f i Adjacencies.obj
 0001:00001760       ?GetRecyclable@RadixSort@Cm@physx@@QEBAPEAIXZ 0000000180002760 f i Adjacencies.obj
 0001:000019b0       ?__empty_global_delete@@YAXPEAX@Z 00000001800029b0 f i Adjacencies.obj
 0001:000019c0       ?__empty_global_delete@@YAXPEAX_K@Z 00000001800029c0 f i Adjacencies.obj
 0001:000019d0       ?getAllocator@Foundation@shdfnd@physx@@QEAAAEAVPxAllocatorCallback@3@XZ 00000001800029d0 f i Adjacencies.obj
 0001:000019e0       ?getAllocatorCallback@Foundation@shdfnd@physx@@UEAAAEAVPxAllocatorCallback@3@XZ 00000001800029e0 f i Adjacencies.obj
 0001:000019f0       ?getErrorCallback@Foundation@shdfnd@physx@@UEAAAEAVPxErrorCallback@3@XZ 00000001800029f0 f i Adjacencies.obj
 0001:00001a00       ?getErrorLevel@Foundation@shdfnd@physx@@UEBA?AW4Enum@PxErrorCode@3@XZ 0000000180002a00 f i Adjacencies.obj
 0001:00001a10       ?getInternalErrorCallback@Foundation@shdfnd@physx@@QEAAAEAVPxErrorCallback@3@XZ 0000000180002a10 f i Adjacencies.obj
 0001:00001a20       ?getNamedAllocMap@Foundation@shdfnd@physx@@QEAAAEAV?$HashMap@PEBVNamedAllocator@shdfnd@physx@@PEBDU?$Hash@PEBVNamedAllocator@shdfnd@physx@@@23@VNonTrackingAllocator@23@@23@XZ 0000000180002a20 f i Adjacencies.obj
 0001:00001a30       ?getNamedAllocMutex@Foundation@shdfnd@physx@@QEAAAEAV?$MutexT@VAllocator@shdfnd@physx@@@23@XZ 0000000180002a30 f i Adjacencies.obj
 0001:00001a40       ?getReportAllocationNames@Foundation@shdfnd@physx@@UEBA_NXZ 0000000180002a40 f i Adjacencies.obj
 0001:00001a50       ?getTempAllocFreeTable@Foundation@shdfnd@physx@@QEAAAEAV?$Array@PEATTempAllocatorChunk@shdfnd@physx@@VAllocator@23@@23@XZ 0000000180002a50 f i Adjacencies.obj
 0001:00001a60       ?getTempAllocMutex@Foundation@shdfnd@physx@@QEAAAEAV?$MutexT@VAllocator@shdfnd@physx@@@23@XZ 0000000180002a60 f i Adjacencies.obj
 0001:00001a70       ?invalidateRanks@RadixSort@Cm@physx@@QEAAXXZ 0000000180002a70 f i Adjacencies.obj
 0001:00001a80       ?setErrorLevel@Foundation@shdfnd@physx@@UEAAXW4Enum@PxErrorCode@3@@Z 0000000180002a80 f i Adjacencies.obj
 0001:00001a90       ?setReportAllocationNames@Foundation@shdfnd@physx@@UEAAX_N@Z 0000000180002a90 f i Adjacencies.obj
 0001:00001aa0       PxCreateCooking            0000000180002aa0 f   Cooking.obj
 0001:00001b90       ?release@Cooking@physx@@UEAAXXZ 0000000180002b90 f   Cooking.obj
 0001:00001bc0       ?setParams@Cooking@physx@@UEAAXAEBUPxCookingParams@2@@Z 0000000180002bc0 f   Cooking.obj
 0001:00001c20       ?getParams@Cooking@physx@@UEBAAEBUPxCookingParams@2@XZ 0000000180002c20 f   Cooking.obj
 0001:00001c30       ?platformMismatch@Cooking@physx@@UEBA_NXZ 0000000180002c30 f   Cooking.obj
 0001:00001c40       ?cookTriangleMesh@Cooking@physx@@UEBA_NAEBVPxTriangleMeshDesc@2@AEAVPxOutputStream@2@PEAW4Enum@PxTriangleMeshCookingResult@2@@Z 0000000180002c40 f   Cooking.obj
 0001:00001d80       ?createTriangleMesh@Cooking@physx@@UEBAPEAVPxTriangleMesh@2@AEBVPxTriangleMeshDesc@2@AEAVPxPhysicsInsertionCallback@2@PEAW4Enum@PxTriangleMeshCookingResult@2@@Z 0000000180002d80 f   Cooking.obj
 0001:00001ee0       ?validateTriangleMesh@Cooking@physx@@UEBA_NAEBVPxTriangleMeshDesc@2@@Z 0000000180002ee0 f   Cooking.obj
 0001:00001ff0       ?cookConvexMesh@Cooking@physx@@UEBA_NAEBVPxConvexMeshDesc@2@AEAVPxOutputStream@2@PEAW4Enum@PxConvexMeshCookingResult@2@@Z 0000000180002ff0 f   Cooking.obj
 0001:000021e0       ?createConvexMesh@Cooking@physx@@UEBAPEAVPxConvexMesh@2@AEBVPxConvexMeshDesc@2@AEAVPxPhysicsInsertionCallback@2@PEAW4Enum@PxConvexMeshCookingResult@2@@Z 00000001800031e0 f   Cooking.obj
 0001:00002470       ?validateConvexMesh@Cooking@physx@@UEBA_NAEBVPxConvexMeshDesc@2@@Z 0000000180003470 f   Cooking.obj
 0001:000024e0       ?computeHullPolygons@Cooking@physx@@UEBA_NAEBVPxSimpleTriangleMesh@2@AEAVPxAllocatorCallback@2@AEAIAEAPEAVPxVec3@2@2AEAPEAI2AEAPEAUPxHullPolygon@2@@Z 00000001800034e0 f   Cooking.obj
 0001:000026c0       ?cookHeightField@Cooking@physx@@UEBA_NAEBVPxHeightFieldDesc@2@AEAVPxOutputStream@2@@Z 00000001800036c0 f   Cooking.obj
 0001:000027a0       ?createHeightField@Cooking@physx@@UEBAPEAVPxHeightField@2@AEBVPxHeightFieldDesc@2@AEAVPxPhysicsInsertionCallback@2@@Z 00000001800037a0 f   Cooking.obj
 0001:00002900       ?cookBVHStructure@Cooking@physx@@UEBA_NAEBVPxBVHStructureDesc@2@AEAVPxOutputStream@2@@Z 0000000180003900 f   Cooking.obj
 0001:000029b0       ?createBVHStructure@Cooking@physx@@UEBAPEAVPxBVHStructure@2@AEBVPxBVHStructureDesc@2@AEAVPxPhysicsInsertionCallback@2@@Z 00000001800039b0 f   Cooking.obj
 0001:00002a60       ?cookConvexMeshInternal@Cooking@physx@@AEBA_NAEBVPxConvexMeshDesc@2@AEAVConvexMeshBuilder@2@PEAVConvexHullLib@2@PEAW4Enum@PxConvexMeshCookingResult@2@@Z 0000000180003a60 f   Cooking.obj
 0001:00002d10       ?cookTriangleMesh@Cooking@physx@@AEBA_NAEAVTriangleMeshBuilder@2@AEBVPxTriangleMeshDesc@2@AEAVPxOutputStream@2@PEAW4Enum@PxTriangleMeshCookingResult@2@@Z 0000000180003d10 f   Cooking.obj
 0001:00002db0       ?createTriangleMesh@Cooking@physx@@AEBAPEAVPxTriangleMesh@2@AEAVTriangleMeshBuilder@2@AEBVPxTriangleMeshDesc@2@AEAVPxPhysicsInsertionCallback@2@PEAW4Enum@PxTriangleMeshCookingResult@2@@Z 0000000180003db0 f   Cooking.obj
 0001:00002e60       ??0ConvexMesh@Gu@physx@@QEAA@V?$PxFlags@W4Enum@PxBaseFlag@physx@@G@2@@Z 0000000180003e60 f i Cooking.obj
 0001:00002eb0       ??0DebugText@Cm@physx@@QEAA@$$QEAU012@@Z 0000000180003eb0 f i Cooking.obj
 0001:00002f90       ??0DebugText@Cm@physx@@QEAA@AEBU012@@Z 0000000180003f90 f i Cooking.obj
 0001:00003070       ??0HeightFieldData@Gu@physx@@QEAA@$$QEAU012@@Z 0000000180004070 f i Cooking.obj
 0001:000030d0       ??0HeightFieldData@Gu@physx@@QEAA@AEBU012@@Z 00000001800040d0 f i Cooking.obj
 0001:00003130       ??0HeightFieldData@Gu@physx@@QEAA@W4PxEMPTY@2@@Z 0000000180004130 f i Cooking.obj
 0001:00003140       ??0HeightFieldData@Gu@physx@@QEAA@XZ 0000000180004140 f i Cooking.obj
 0001:00003150       ??0RenderOutput@Cm@physx@@QEAA@AEAVRenderBuffer@12@@Z 0000000180004150 f i Cooking.obj
 0001:000031a0       ??0RenderOutput@Cm@physx@@QEAA@AEBV012@@Z 00000001800041a0 f i Cooking.obj
 0001:00003240       ??1HeightFieldData@Gu@physx@@QEAA@XZ 0000000180004240 f i Cooking.obj
 0001:00003250       ??1PxBase@physx@@MEAA@XZ   0000000180004250 f i Cooking.obj
 0001:00003260       ??1PxConvexMesh@physx@@MEAA@XZ 0000000180004260 f i Cooking.obj
 0001:00003270       ??1PxCooking@physx@@MEAA@XZ 0000000180004270 f i Cooking.obj
 0001:00003280       ??1PxHeightField@physx@@MEAA@XZ 0000000180004280 f i Cooking.obj
 0001:00003290       ??1RefCountable@Cm@physx@@UEAA@XZ 0000000180004290 f i Cooking.obj
 0001:000032a0       ??4DebugText@Cm@physx@@QEAAAEAU012@$$QEAU012@@Z 00000001800042a0 f i Cooking.obj
 0001:00003310       ??4DebugText@Cm@physx@@QEAAAEAU012@AEBU012@@Z 0000000180004310 f i Cooking.obj
 0001:00003380       ??4FPUGuard@shdfnd@physx@@QEAAAEAV012@AEBV012@@Z 0000000180004380 f i Cooking.obj
 0001:000033a0       ??4HeightFieldData@Gu@physx@@QEAAAEAU012@$$QEAU012@@Z 00000001800043a0 f i Cooking.obj
 0001:00003400       ??4HeightFieldData@Gu@physx@@QEAAAEAU012@AEBU012@@Z 0000000180004400 f i Cooking.obj
 0001:00003460       ??_EConvexMesh@Gu@physx@@UEAAPEAXI@Z 0000000180004460 f i Cooking.obj
 0001:0000356c       ??_EConvexMesh@Gu@physx@@WBA@EAAPEAXI@Z 000000018000456c f i Cooking.obj
 0001:00003580       ??_EPxConvexMesh@physx@@MEAAPEAXI@Z 0000000180004580 f i Cooking.obj
 0001:00003610       ??_ECooking@physx@@UEAAPEAXI@Z 0000000180004610 f i Cooking.obj
 0001:00003610       ??_GCooking@physx@@UEAAPEAXI@Z 0000000180004610 f i Cooking.obj
 0001:00003660       ??_GPxBase@physx@@MEAAPEAXI@Z 0000000180004660 f i Cooking.obj
 0001:00003660       ??_EPxBase@physx@@MEAAPEAXI@Z 0000000180004660 f i Cooking.obj
 0001:00003690       ??_GPxCooking@physx@@MEAAPEAXI@Z 0000000180004690 f i Cooking.obj
 0001:00003690       ??_EPxCooking@physx@@MEAAPEAXI@Z 0000000180004690 f i Cooking.obj
 0001:000036c0       ??_GRefCountable@Cm@physx@@UEAAPEAXI@Z 00000001800046c0 f i Cooking.obj
 0001:000036c0       ??_ERefCountable@Cm@physx@@UEAAPEAXI@Z 00000001800046c0 f i Cooking.obj
 0001:000036f0       ?allocate@?$Array@UPxDebugLine@physx@@V?$ReflectionAllocator@UPxDebugLine@physx@@@shdfnd@2@@shdfnd@physx@@IEAAPEAUPxDebugLine@3@I@Z 00000001800046f0 f i Cooking.obj
 0001:00003790       ?copy@?$Array@UPxDebugLine@physx@@V?$ReflectionAllocator@UPxDebugLine@physx@@@shdfnd@2@@shdfnd@physx@@KAXPEAUPxDebugLine@3@0PEBU43@@Z 0000000180004790 f i Cooking.obj
 0001:00003940       ?getConcreteTypeName@PxConvexMesh@physx@@UEBAPEBDXZ 0000000180004940 f i Cooking.obj
 0001:00003950       ?getConcreteTypeName@PxHeightField@physx@@UEBAPEBDXZ 0000000180004950 f i Cooking.obj
 0001:00003960       ?getConvexEdgeThreshold@HeightField@Gu@physx@@UEBAMXZ 0000000180004960 f i Cooking.obj
 0001:00003970       ?getFlags@HeightField@Gu@physx@@UEBA?AV?$PxFlags@W4Enum@PxHeightFieldFlag@physx@@G@3@XZ 0000000180004970 f i Cooking.obj
 0001:00003980       ?getFormat@HeightField@Gu@physx@@UEBA?AW4Enum@PxHeightFieldFormat@3@XZ 0000000180004980 f i Cooking.obj
 0001:00003990       ?getHeight@HeightField@Gu@physx@@UEBAMMM@Z 0000000180004990 f i Cooking.obj
 0001:000039d0       ?getHeightInternal2@HeightField@Gu@physx@@QEBAMIMM@Z 00000001800049d0 f i Cooking.obj
 0001:00003b40       ?getIndexBuffer@ConvexMesh@Gu@physx@@UEBAPEBEXZ 0000000180004b40 f i Cooking.obj
 0001:00003b80       ?getNbColumns@HeightField@Gu@physx@@UEBAIXZ 0000000180004b80 f i Cooking.obj
 0001:00003b90       ?getNbPolygons@ConvexMesh@Gu@physx@@UEBAIXZ 0000000180004b90 f i Cooking.obj
 0001:00003ba0       ?getNbRows@HeightField@Gu@physx@@UEBAIXZ 0000000180004ba0 f i Cooking.obj
 0001:00003bb0       ?getNbVertices@ConvexMesh@Gu@physx@@UEBAIXZ 0000000180004bb0 f i Cooking.obj
 0001:00003bc0       ?getPaddedBounds@HeightFieldData@Gu@physx@@QEBAAEBVCenterExtentsPadded@23@XZ 0000000180004bc0 f i Cooking.obj
 0001:00003bd0       ?getSample@HeightField@Gu@physx@@UEBAAEBUPxHeightFieldSample@3@II@Z 0000000180004bd0 f i Cooking.obj
 0001:00003be0       ?getSampleStride@HeightField@Gu@physx@@UEBAIXZ 0000000180004be0 f i Cooking.obj
 0001:00003bf0       ?getTimestamp@HeightField@Gu@physx@@UEBAIXZ 0000000180004bf0 f i Cooking.obj
 0001:00003c00       ?getTriangleMaterialIndex@HeightField@Gu@physx@@UEBAGI@Z 0000000180004c00 f i Cooking.obj
 0001:00003c30       ?getTriangleNormal@HeightField@Gu@physx@@UEBA?AVPxVec3@3@I@Z 0000000180004c30 f i Cooking.obj
 0001:00003d30       ?getVertices@ConvexMesh@Gu@physx@@UEBAPEBVPxVec3@3@XZ 0000000180004d30 f i Cooking.obj
 0001:00003d50       ?isKindOf@PxBase@physx@@MEBA_NPEBD@Z 0000000180004d50 f i Cooking.obj
 0001:00003d80       ?isKindOf@PxConvexMesh@physx@@MEBA_NPEBD@Z 0000000180004d80 f i Cooking.obj
 0001:00003dd0       ?isKindOf@PxHeightField@physx@@MEBA_NPEBD@Z 0000000180004dd0 f i Cooking.obj
 0001:00003e20       ?isReleasable@PxBase@physx@@UEBA_NXZ 0000000180004e20 f i Cooking.obj
 0001:00003e30       ?onRefCountZero@RefCountable@Cm@physx@@UEAAXXZ 0000000180004e30 f i Cooking.obj
 0001:00003e50       ?outputSegment@RenderOutput@Cm@physx@@QEAAXAEBVPxVec3@3@0@Z 0000000180004e50 f i Cooking.obj
 0001:00003f10       ?recreate@?$Array@UPxDebugLine@physx@@V?$ReflectionAllocator@UPxDebugLine@physx@@@shdfnd@2@@shdfnd@physx@@IEAAXI@Z 0000000180004f10 f i Cooking.obj
 0001:00003f90       ?requiresObjects@ConvexMesh@Gu@physx@@UEAAXAEAVPxProcessPxBaseCallback@3@@Z 0000000180004f90 f i Cooking.obj
 0001:00003fa0       ?reserveSegments@RenderOutput@Cm@physx@@QEAAPEAUPxDebugLine@3@I@Z 0000000180004fa0 f i Cooking.obj
 0001:00004010       ??0ReducedVertexCloud@physx@@QEAA@PEBVPxVec3@1@I@Z 0000000180005010 f   CookingUtils.obj
 0001:00004030       ??1ReducedVertexCloud@physx@@QEAA@XZ 0000000180005030 f   CookingUtils.obj
 0001:00004040       ?Clean@ReducedVertexCloud@physx@@QEAAAEAV12@XZ 0000000180005040 f   CookingUtils.obj
 0001:000040b0       ?Reduce@ReducedVertexCloud@physx@@QEAA_NPEAUREDUCEDCLOUD@2@@Z 00000001800050b0 f   CookingUtils.obj
 0001:000043d0       ??0EdgeList@Gu@physx@@QEAA@XZ 00000001800053d0 f   EdgeList.obj
 0001:000043f0       ??1EdgeList@Gu@physx@@QEAA@XZ 00000001800053f0 f   EdgeList.obj
 0001:000044a0       ?load@EdgeList@Gu@physx@@QEAA_NAEAVPxInputStream@3@@Z 00000001800054a0 f   EdgeList.obj
 0001:00004690       ??0EdgeListBuilder@Gu@physx@@QEAA@XZ 0000000180005690 f   EdgeList.obj
 0001:000046b0       ??1EdgeListBuilder@Gu@physx@@QEAA@XZ 00000001800056b0 f   EdgeList.obj
 0001:000046c0       ?init@EdgeListBuilder@Gu@physx@@QEAA_NAEBUEDGELISTCREATE@23@@Z 00000001800056c0 f   EdgeList.obj
 0001:00004800       ?createFacesToEdges@EdgeListBuilder@Gu@physx@@AEAA_NIPEBIPEBG@Z 0000000180005800 f   EdgeList.obj
 0001:00004d00       ?createEdgesToFaces@EdgeListBuilder@Gu@physx@@AEAA_NIPEBIPEBG@Z 0000000180005d00 f   EdgeList.obj
 0001:00004f60       ?computeActiveEdges@EdgeListBuilder@Gu@physx@@AEAA_NIPEBIPEBGPEBVPxVec3@3@M@Z 0000000180005f60 f   EdgeList.obj
 0001:000064f0       ??0PxVec3@physx@@QEAA@XZ   00000001800074f0 f i EdgeList.obj
 0001:00006550       ??0MeshCleaner@physx@@QEAA@IPEBVPxVec3@1@IPEBIM@Z 0000000180007550 f   MeshCleaner.obj
 0001:00006ee0       ??1MeshCleaner@physx@@QEAA@XZ 0000000180007ee0 f   MeshCleaner.obj
 0001:00006f70       ?createQuantizer@physx@@YAPEAVQuantizer@1@XZ 0000000180007f70 f   Quantizer.obj
 0001:00007020       ?kmeans_cluster3d@@YAIPEBVPxVec3@physx@@IIPEAV12@PEAIMM@Z 0000000180008020 f   Quantizer.obj
 0001:00007030       ??$kmeans_cluster@VPxVec3@physx@@M@@YAIPEBVPxVec3@physx@@IIPEAV01@PEAIMM@Z 0000000180008030 f i Quantizer.obj
 0001:00007910       ??1Quantizer@physx@@MEAA@XZ 0000000180008910 f i Quantizer.obj
 0001:00007920       ??1QuantizerImpl@@EEAA@XZ  0000000180008920 f i Quantizer.obj
 0001:000079a0       ??_EQuantizer@physx@@MEAAPEAXI@Z 00000001800089a0 f i Quantizer.obj
 0001:000079a0       ??_GQuantizer@physx@@MEAAPEAXI@Z 00000001800089a0 f i Quantizer.obj
 0001:000079d0       ??_GQuantizerImpl@@EEAAPEAXI@Z 00000001800089d0 f i Quantizer.obj
 0001:000079d0       ??_EQuantizerImpl@@EEAAPEAXI@Z 00000001800089d0 f i Quantizer.obj
 0001:00007aa0       ?getDenormalizeCenter@QuantizerImpl@@UEBAAEBVPxVec3@physx@@XZ 0000000180008aa0 f i Quantizer.obj
 0001:00007ab0       ?getDenormalizeScale@QuantizerImpl@@UEBAAEBVPxVec3@physx@@XZ 0000000180008ab0 f i Quantizer.obj
 0001:00007ac0       ?growAndPushBack@?$Array@VPxVec3@physx@@V?$ReflectionAllocator@VPxVec3@physx@@@shdfnd@2@@shdfnd@physx@@IEAAAEAVPxVec3@3@AEBV43@@Z 0000000180008ac0 f i Quantizer.obj
 0001:00007ca0       ?kmeansQuantize3D@QuantizerImpl@@UEAAPEBVPxVec3@physx@@IPEBV23@I_NIAEAI@Z 0000000180008ca0 f i Quantizer.obj
 0001:00007f00       ?normalizeInput@QuantizerImpl@@AEAAXIPEBVPxVec3@physx@@I@Z 0000000180008f00 f i Quantizer.obj
 0001:00008310       ?release@QuantizerImpl@@UEAAXXZ 0000000180009310 f i Quantizer.obj
 0001:00008330       ??0BVHStructureBuilder@physx@@QEAA@XZ 0000000180009330 f   BVHStructureBuilder.obj
 0001:00008350       ??1BVHStructureBuilder@physx@@QEAA@XZ 0000000180009350 f   BVHStructureBuilder.obj
 0001:000083e0       ?loadFromDesc@BVHStructureBuilder@physx@@QEAA_NAEBVPxBVHStructureDesc@2@@Z 00000001800093e0 f   BVHStructureBuilder.obj
 0001:00008780       ?save@BVHStructureBuilder@physx@@QEBA_NAEAVPxOutputStream@2@_N@Z 0000000180009780 f   BVHStructureBuilder.obj
 0001:00008910       ?moveData@BVHStructureBuilder@physx@@QEAAXAEAUBVHStructureData@Gu@2@@Z 0000000180009910 f   BVHStructureBuilder.obj
 0001:00008950       ?flatten@@YAXAEBVNodeAllocator@Gu@physx@@PEAUBVHNode@23@@Z 0000000180009950 f   BVHStructureBuilder.obj
 0001:00008b00       ??$copy@V?$ReflectionAllocator@USlab@NodeAllocator@Gu@physx@@@shdfnd@physx@@@?$Array@USlab@NodeAllocator@Gu@physx@@V?$ReflectionAllocator@USlab@NodeAllocator@Gu@physx@@@shdfnd@4@@shdfnd@physx@@IEAAXAEBV012@@Z 0000000180009b00 f i BVHStructureBuilder.obj
 0001:00008b80       ??0AABBTreeBuildNode@Gu@physx@@QEAA@AEBV012@@Z 0000000180009b80 f i BVHStructureBuilder.obj
 0001:00008bc0       ??0AABBTreeBuildNode@Gu@physx@@QEAA@XZ 0000000180009bc0 f i BVHStructureBuilder.obj
 0001:00008bd0       ??0AABBTreeBuildParams@Gu@physx@@QEAA@IIPEBVPxBounds3@2@@Z 0000000180009bd0 f i BVHStructureBuilder.obj
 0001:00008bf0       ??0BuildStats@Gu@physx@@QEAA@XZ 0000000180009bf0 f i BVHStructureBuilder.obj
 0001:00008c00       ??0NodeAllocator@Gu@physx@@QEAA@AEBV012@@Z 0000000180009c00 f i BVHStructureBuilder.obj
 0001:00008c40       ??1AABBTreeBuildNode@Gu@physx@@QEAA@XZ 0000000180009c40 f i BVHStructureBuilder.obj
 0001:00008c50       ??1AABBTreeBuildParams@Gu@physx@@QEAA@XZ 0000000180009c50 f i BVHStructureBuilder.obj
 0001:00008cb0       ??4AABBTreeBuildNode@Gu@physx@@QEAAAEAV012@AEBV012@@Z 0000000180009cb0 f i BVHStructureBuilder.obj
 0001:00008cf0       ??4AABBTreeBuildParams@Gu@physx@@QEAAAEAV012@AEBV012@@Z 0000000180009cf0 f i BVHStructureBuilder.obj
 0001:00008d10       ??4BuildStats@Gu@physx@@QEAAAEAU012@$$QEAU012@@Z 0000000180009d10 f i BVHStructureBuilder.obj
 0001:00008d20       ??4BuildStats@Gu@physx@@QEAAAEAU012@AEBU012@@Z 0000000180009d20 f i BVHStructureBuilder.obj
 0001:00008d30       ??4NodeAllocator@Gu@physx@@QEAAAEAV012@AEBV012@@Z 0000000180009d30 f i BVHStructureBuilder.obj
 0001:00008de0       ??_FAABBTreeBuildParams@Gu@physx@@QEAAXXZ 0000000180009de0 f i BVHStructureBuilder.obj
 0001:00008e00       ?__global_array_delete@@YAXPEAX@Z 0000000180009e00 f i BVHStructureBuilder.obj
 0001:00008e10       ?__global_array_delete@@YAXPEAX_K@Z 0000000180009e10 f i BVHStructureBuilder.obj
 0001:00008e20       ?__global_delete@@YAXPEAX@Z 0000000180009e20 f i BVHStructureBuilder.obj
 0001:00008e30       ?__global_delete@@YAXPEAX_K@Z 0000000180009e30 f i BVHStructureBuilder.obj
 0001:00008e40       ?allocate@?$Array@USlab@NodeAllocator@Gu@physx@@V?$ReflectionAllocator@USlab@NodeAllocator@Gu@physx@@@shdfnd@4@@shdfnd@physx@@IEAAPEAUSlab@NodeAllocator@Gu@3@I@Z 0000000180009e40 f i BVHStructureBuilder.obj
 0001:00008ee0       ?getAABB@AABBTreeBuildNode@Gu@physx@@QEBAAEBVPxBounds3@3@XZ 0000000180009ee0 f i BVHStructureBuilder.obj
 0001:00008ef0       ?getCount@BuildStats@Gu@physx@@QEBAIXZ 0000000180009ef0 f i BVHStructureBuilder.obj
 0001:00008f00       ?getNbPrimitives@AABBTreeBuildNode@Gu@physx@@QEBAIXZ 0000000180009f00 f i BVHStructureBuilder.obj
 0001:00008f10       ?getNbRuntimePrimitives@AABBTreeBuildNode@Gu@physx@@QEBAIXZ 0000000180009f10 f i BVHStructureBuilder.obj
 0001:00008f20       ?getNeg@AABBTreeBuildNode@Gu@physx@@QEBAPEBV123@XZ 0000000180009f20 f i BVHStructureBuilder.obj
 0001:00008f40       ?getPos@AABBTreeBuildNode@Gu@physx@@QEBAPEBV123@XZ 0000000180009f40 f i BVHStructureBuilder.obj
 0001:00008f50       ?getPrimitives@AABBTreeBuildNode@Gu@physx@@QEAAPEAIPEAI@Z 0000000180009f50 f i BVHStructureBuilder.obj
 0001:00008f60       ?getPrimitives@AABBTreeBuildNode@Gu@physx@@QEBAPEBIPEBI@Z 0000000180009f60 f i BVHStructureBuilder.obj
 0001:00008f70       ?increaseCount@BuildStats@Gu@physx@@QEAAXI@Z 0000000180009f70 f i BVHStructureBuilder.obj
 0001:00008f80       ?isLeaf@AABBTreeBuildNode@Gu@physx@@QEBA_NXZ 0000000180009f80 f i BVHStructureBuilder.obj
 0001:00008f90       ?recreate@?$Array@USlab@NodeAllocator@Gu@physx@@V?$ReflectionAllocator@USlab@NodeAllocator@Gu@physx@@@shdfnd@4@@shdfnd@physx@@IEAAXI@Z 0000000180009f90 f i BVHStructureBuilder.obj
 0001:00009040       ?reset@AABBTreeBuildParams@Gu@physx@@QEAAXXZ 000000018000a040 f i BVHStructureBuilder.obj
 0001:000090a0       ?reset@BuildStats@Gu@physx@@QEAAXXZ 000000018000a0a0 f i BVHStructureBuilder.obj
 0001:000090b0       ?setCount@BuildStats@Gu@physx@@QEAAXI@Z 000000018000a0b0 f i BVHStructureBuilder.obj
 0001:000090c0       ?setNbRunTimePrimitives@AABBTreeBuildNode@Gu@physx@@QEAAXI@Z 000000018000a0c0 f i BVHStructureBuilder.obj
 0001:000090d0       ?saveHeightField@physx@@YA_NAEBVHeightField@Gu@1@AEAVPxOutputStream@1@_N@Z 000000018000a0d0 f   HeightFieldCooking.obj
 0001:00009310       ?buildFromTriangles@RTreeCooker@physx@@SAXAEAURTree@Gu@2@PEBVPxVec3@2@IPEBGPEBIIAEAV?$Array@IV?$ReflectionAllocator@I@shdfnd@physx@@@shdfnd@2@PEAURemapCallback@12@MW4Enum@PxMeshCookingHint@2@@Z 000000018000a310 f   RTreeCooking.obj
 0001:000095d0       ??$partition@UBoundsLTE@physx@@@quickSelect@physx@@YAIPEIAIIIIAEBUBoundsLTE@1@@Z 000000018000a5d0 f i RTreeCooking.obj
 0001:00009770       ??$quickSelectFirstK@UBoundsLTE@physx@@@quickSelect@physx@@YAXPEIAIIIIAEBUBoundsLTE@1@@Z 000000018000a770 f i RTreeCooking.obj
 0001:00009960       ??$smallSort@I$$CBUSortBoundsPredicate@physx@@@internal@shdfnd@physx@@YAXPEAIHHAEBUSortBoundsPredicate@2@@Z 000000018000a960 f i RTreeCooking.obj
 0001:00009c30       ??$sort@I@shdfnd@physx@@YAXPEAII@Z 000000018000ac30 f i RTreeCooking.obj
 0001:00009c50       ??$sort@IU?$Less@I@shdfnd@physx@@V?$ReflectionAllocator@I@23@@shdfnd@physx@@YAXPEAIIAEBU?$Less@I@01@AEBV?$ReflectionAllocator@I@01@I@Z 000000018000ac50 f i RTreeCooking.obj
 0001:0000a070       ??$sort@IUSortBoundsPredicate@physx@@@shdfnd@physx@@YAXPEAIIAEBUSortBoundsPredicate@1@@Z 000000018000b070 f i RTreeCooking.obj
 0001:0000a090       ??$sort@IUSortBoundsPredicate@physx@@V?$ReflectionAllocator@I@shdfnd@2@@shdfnd@physx@@YAXPEAIIAEBUSortBoundsPredicate@1@AEBV?$ReflectionAllocator@I@01@I@Z 000000018000b090 f i RTreeCooking.obj
 0001:0000a540       ?allocate@?$Array@UInterval@physx@@V?$InlineAllocator@$0CAAA@V?$ReflectionAllocator@UInterval@physx@@@shdfnd@physx@@@shdfnd@2@@shdfnd@physx@@IEAAPEAUInterval@3@I@Z 000000018000b540 f i RTreeCooking.obj
 0001:0000a600       ?allocate@?$Array@UPxBounds3V@physx@@V?$ReflectionAllocator@UPxBounds3V@physx@@@shdfnd@2@@shdfnd@physx@@IEAAPEAUPxBounds3V@3@I@Z 000000018000b600 f i RTreeCooking.obj
 0001:0000a6a0       ?allocate@?$Array@URTreeNodeNQ@physx@@V?$ReflectionAllocator@URTreeNodeNQ@physx@@@shdfnd@2@@shdfnd@physx@@IEAAPEAURTreeNodeNQ@3@I@Z 000000018000b6a0 f i RTreeCooking.obj
 0001:0000a740       ?allocate@?$Array@URTreeNodeQ@Gu@physx@@V?$ReflectionAllocator@URTreeNodeQ@Gu@physx@@@shdfnd@3@@shdfnd@physx@@IEAAPEAURTreeNodeQ@Gu@3@I@Z 000000018000b740 f i RTreeCooking.obj
 0001:0000a7e0       ?allocate@?$Array@VPxVec3@physx@@V?$ReflectionAllocator@VPxVec3@physx@@@shdfnd@2@@shdfnd@physx@@IEAAPEAVPxVec3@3@I@Z 000000018000b7e0 f i RTreeCooking.obj
 0001:0000a880       ?allocate@?$ReflectionAllocator@I@shdfnd@physx@@QEAAPEAX_KPEBDH@Z 000000018000b880 f i RTreeCooking.obj
 0001:0000b520       ?copy@?$Array@URTreeNodeNQ@physx@@V?$ReflectionAllocator@URTreeNodeNQ@physx@@@shdfnd@2@@shdfnd@physx@@KAXPEAURTreeNodeNQ@3@0PEBU43@@Z 000000018000c520 f i RTreeCooking.obj
 0001:0000b6e0       ?copy@?$Array@VPxVec3@physx@@V?$ReflectionAllocator@VPxVec3@physx@@@shdfnd@2@@shdfnd@physx@@KAXPEAVPxVec3@3@0PEBV43@@Z 000000018000c6e0 f i RTreeCooking.obj
 0001:0000b7b0       ?growAndPushBack@?$Array@IV?$ReflectionAllocator@I@shdfnd@physx@@@shdfnd@physx@@IEAAAEAIAEBI@Z 000000018000c7b0 f i RTreeCooking.obj
 0001:0000b8a0       ?growAndPushBack@?$Array@UInterval@physx@@V?$InlineAllocator@$0CAAA@V?$ReflectionAllocator@UInterval@physx@@@shdfnd@physx@@@shdfnd@2@@shdfnd@physx@@IEAAAEAUInterval@3@AEBU43@@Z 000000018000c8a0 f i RTreeCooking.obj
 0001:0000b9a0       ?growAndPushBack@?$Array@UPxBounds3V@physx@@V?$ReflectionAllocator@UPxBounds3V@physx@@@shdfnd@2@@shdfnd@physx@@IEAAAEAUPxBounds3V@3@AEBU43@@Z 000000018000c9a0 f i RTreeCooking.obj
 0001:0000ba70       ?growAndPushBack@?$Array@URTreeNodeNQ@physx@@V?$ReflectionAllocator@URTreeNodeNQ@physx@@@shdfnd@2@@shdfnd@physx@@IEAAAEAURTreeNodeNQ@3@AEBU43@@Z 000000018000ca70 f i RTreeCooking.obj
 0001:0000bb60       ?growAndPushBack@?$Array@URTreeNodeQ@Gu@physx@@V?$ReflectionAllocator@URTreeNodeQ@Gu@physx@@@shdfnd@3@@shdfnd@physx@@IEAAAEAURTreeNodeQ@Gu@3@AEBU453@@Z 000000018000cb60 f i RTreeCooking.obj
 0001:0000bc40       ?recreate@?$Array@IV?$ReflectionAllocator@I@shdfnd@physx@@@shdfnd@physx@@IEAAXI@Z 000000018000cc40 f i RTreeCooking.obj
 0001:0000bd20       ?recreate@?$Array@UPxBounds3V@physx@@V?$ReflectionAllocator@UPxBounds3V@physx@@@shdfnd@2@@shdfnd@physx@@IEAAXI@Z 000000018000cd20 f i RTreeCooking.obj
 0001:0000bdd0       ?recreate@?$Array@URTreeNodeNQ@physx@@V?$ReflectionAllocator@URTreeNodeNQ@physx@@@shdfnd@2@@shdfnd@physx@@IEAAXI@Z 000000018000cdd0 f i RTreeCooking.obj
 0001:0000be50       ?recreate@?$Array@URTreeNodeQ@Gu@physx@@V?$ReflectionAllocator@URTreeNodeQ@Gu@physx@@@shdfnd@3@@shdfnd@physx@@IEAAXI@Z 000000018000ce50 f i RTreeCooking.obj
 0001:0000bf10       ?recreate@?$Array@VPxVec3@physx@@V?$ReflectionAllocator@VPxVec3@physx@@@shdfnd@2@@shdfnd@physx@@IEAAXI@Z 000000018000cf10 f i RTreeCooking.obj
 0001:0000bf90       ?resize@?$Array@IV?$ReflectionAllocator@I@shdfnd@physx@@@shdfnd@physx@@QEAAXIAEBI@Z 000000018000cf90 f i RTreeCooking.obj
 0001:0000c070       ?resizeUninitialized@?$Array@URTreeNodeNQ@physx@@V?$ReflectionAllocator@URTreeNodeNQ@physx@@@shdfnd@2@@shdfnd@physx@@QEAAXI@Z 000000018000d070 f i RTreeCooking.obj
 0001:0000c0b0       ?sort4@SubSortQuick@physx@@QEAAXPEIAIIAEAV?$Array@URTreeNodeNQ@physx@@V?$ReflectionAllocator@URTreeNodeNQ@physx@@@shdfnd@2@@shdfnd@2@AEAIAEAUPxBounds3V@2@I@Z 000000018000d0b0 f i RTreeCooking.obj
 0001:0000c440       ?sort4@SubSortSAH@physx@@QEAAXPEAIIAEAV?$Array@URTreeNodeNQ@physx@@V?$ReflectionAllocator@URTreeNodeNQ@physx@@@shdfnd@2@@shdfnd@2@AEAIIPEAURTreeNodeNQ@2@@Z 000000018000d440 f i RTreeCooking.obj
 0001:0000cb20       ?split@SubSortSAH@physx@@QEAAIPEAII@Z 000000018000db20 f i RTreeCooking.obj
 0001:0000d280       ?computeLocalBounds@MeshBulider@physx@@IEAAXAEAVMeshDataBase@Gu@2@@Z 000000018000e280 f   MeshBuilder.obj
 0001:0000d310       ??0TriangleMeshBuilder@physx@@QEAA@AEAVTriangleMeshData@Gu@1@AEBUPxCookingParams@1@@Z 000000018000e310 f   TriangleMeshBuilder.obj
 0001:0000d340       ??1TriangleMeshBuilder@physx@@UEAA@XZ 000000018000e340 f   TriangleMeshBuilder.obj
 0001:0000d3b0       ?cleanMesh@TriangleMeshBuilder@physx@@QEAA_N_NPEAW4Enum@PxTriangleMeshCookingResult@2@@Z 000000018000e3b0 f   TriangleMeshBuilder.obj
 0001:0000d910       ?remapTopology@TriangleMeshBuilder@physx@@QEAAXPEBI@Z 000000018000e910 f   TriangleMeshBuilder.obj
 0001:0000dc10       ?createSharedEdgeData@TriangleMeshBuilder@physx@@QEAAX_N0@Z 000000018000ec10 f   TriangleMeshBuilder.obj
 0001:0000e0e0       ?recordTriangleIndices@TriangleMeshBuilder@physx@@QEAAXXZ 000000018000f0e0 f   TriangleMeshBuilder.obj
 0001:0000e1e0       ?createGRBMidPhaseAndData@TriangleMeshBuilder@physx@@QEAAXI@Z 000000018000f1e0 f   TriangleMeshBuilder.obj
 0001:0000e470       ?createGRBData@TriangleMeshBuilder@physx@@QEAAXXZ 000000018000f470 f   TriangleMeshBuilder.obj
 0001:0000e570       ?loadFromDesc@TriangleMeshBuilder@physx@@QEAA_NAEBVPxTriangleMeshDesc@2@PEAW4Enum@PxTriangleMeshCookingResult@2@_N@Z 000000018000f570 f   TriangleMeshBuilder.obj
 0001:0000e9f0       ?save@TriangleMeshBuilder@physx@@QEBA_NAEAVPxOutputStream@2@_NAEBUPxCookingParams@2@@Z 000000018000f9f0 f   TriangleMeshBuilder.obj
 0001:0000efc0       ?checkMeshIndicesSize@TriangleMeshBuilder@physx@@QEAAXXZ 000000018000ffc0 f   TriangleMeshBuilder.obj
 0001:0000f0d0       ?importMesh@TriangleMeshBuilder@physx@@IEAA_NAEBVPxTriangleMeshDesc@2@AEBUPxCookingParams@2@PEAW4Enum@PxTriangleMeshCookingResult@2@_N@Z 00000001800100d0 f   TriangleMeshBuilder.obj
 0001:0000f440       ?releaseEdgeList@TriangleMeshBuilder@physx@@IEAAXXZ 0000000180010440 f   TriangleMeshBuilder.obj
 0001:0000f4a0       ?createEdgeList@TriangleMeshBuilder@physx@@IEAAXXZ 00000001800104a0 f   TriangleMeshBuilder.obj
 0001:0000f5d0       ??0RTreeTriangleMeshBuilder@physx@@QEAA@AEBUPxCookingParams@1@@Z 00000001800105d0 f   TriangleMeshBuilder.obj
 0001:0000f690       ??1RTreeTriangleMeshBuilder@physx@@UEAA@XZ 0000000180010690 f   TriangleMeshBuilder.obj
 0001:0000f700       ?createMidPhaseStructure@RTreeTriangleMeshBuilder@physx@@UEAAXXZ 0000000180010700 f   TriangleMeshBuilder.obj
 0001:0000f7e0       ?saveMidPhaseStructure@RTreeTriangleMeshBuilder@physx@@UEBAXAEAVPxOutputStream@2@_N@Z 00000001800107e0 f   TriangleMeshBuilder.obj
 0001:0000fa20       ??0BV4TriangleMeshBuilder@physx@@QEAA@AEBUPxCookingParams@1@@Z 0000000180010a20 f   TriangleMeshBuilder.obj
 0001:0000faf0       ??1BV4TriangleMeshBuilder@physx@@UEAA@XZ 0000000180010af0 f   TriangleMeshBuilder.obj
 0001:0000fb80       ?createMidPhaseStructure@BV4TriangleMeshBuilder@physx@@UEAAXXZ 0000000180010b80 f   TriangleMeshBuilder.obj
 0001:0000fea0       ?saveMidPhaseStructure@BV4TriangleMeshBuilder@physx@@UEBAXAEAVPxOutputStream@2@_N@Z 0000000180010ea0 f   TriangleMeshBuilder.obj
 0001:00010040       ?onMeshIndexFormatChange@BV4TriangleMeshBuilder@physx@@UEAAXXZ 0000000180011040 f   TriangleMeshBuilder.obj
 0001:00010080       ?createMidPhaseStructure@BV32TriangleMeshBuilder@physx@@SAXAEBUPxCookingParams@2@AEAVTriangleMeshData@Gu@2@AEAVBV32Tree@52@@Z 0000000180011080 f   TriangleMeshBuilder.obj
 0001:00010260       ?saveMidPhaseStructure@BV32TriangleMeshBuilder@physx@@SAXPEAVBV32Tree@Gu@2@AEAVPxOutputStream@2@_N@Z 0000000180011260 f   TriangleMeshBuilder.obj
 0001:00010400       ?findSharpVertices@GrbTrimeshCookerHelper@physx@@YAXAEAV?$Array@USortedNeighbor@GrbTrimeshCookerHelper@physx@@V?$ReflectionAllocator@USortedNeighbor@GrbTrimeshCookerHelper@physx@@@shdfnd@3@@shdfnd@2@AEAV?$Array@USharpEdgeRange@GrbTrimeshCookerHelper@physx@@V?$ReflectionAllocator@USharpEdgeRange@GrbTrimeshCookerHelper@physx@@@shdfnd@3@@42@PEBUuint3@2@PEBUuint4@2@II@Z 0000000180011400 f   TriangleMeshBuilder.obj
 0001:000107a0       ?buildVertexConnectionNew_p1@GrbTrimeshCookerHelper@physx@@YAIAEAV?$Array@USortedNeighbor@GrbTrimeshCookerHelper@physx@@V?$ReflectionAllocator@USortedNeighbor@GrbTrimeshCookerHelper@physx@@@shdfnd@3@@shdfnd@2@AEAV?$Array@USharpEdgeRange@GrbTrimeshCookerHelper@physx@@V?$ReflectionAllocator@USharpEdgeRange@GrbTrimeshCookerHelper@physx@@@shdfnd@3@@42@PEBUuint3@2@PEBUuint4@2@II@Z 00000001800117a0 f   TriangleMeshBuilder.obj
 0001:00010950       ?buildVertexConnectionNew_p2@GrbTrimeshCookerHelper@physx@@YAXPEAI00AEAV?$Array@USortedNeighbor@GrbTrimeshCookerHelper@physx@@V?$ReflectionAllocator@USortedNeighbor@GrbTrimeshCookerHelper@physx@@@shdfnd@3@@shdfnd@2@AEAV?$Array@USharpEdgeRange@GrbTrimeshCookerHelper@physx@@V?$ReflectionAllocator@USharpEdgeRange@GrbTrimeshCookerHelper@physx@@@shdfnd@3@@42@I@Z 0000000180011950 f   TriangleMeshBuilder.obj
 0001:00010a00       ??$median3@USortedNeighbor@GrbTrimeshCookerHelper@physx@@$$CBU?$Less@USortedNeighbor@GrbTrimeshCookerHelper@physx@@@shdfnd@3@@internal@shdfnd@physx@@YAXPEAUSortedNeighbor@GrbTrimeshCookerHelper@2@HHAEBU?$Less@USortedNeighbor@GrbTrimeshCookerHelper@physx@@@12@@Z 0000000180011a00 f i TriangleMeshBuilder.obj
 0001:00010b40       ??$sort@UEdgeTriLookup@physx@@@shdfnd@physx@@YAXPEAUEdgeTriLookup@1@I@Z 0000000180011b40 f i TriangleMeshBuilder.obj
 0001:00010b60       ??$sort@UEdgeTriLookup@physx@@U?$Less@UEdgeTriLookup@physx@@@shdfnd@2@V?$ReflectionAllocator@UEdgeTriLookup@physx@@@42@@shdfnd@physx@@YAXPEAUEdgeTriLookup@1@IAEBU?$Less@UEdgeTriLookup@physx@@@01@AEBV?$ReflectionAllocator@UEdgeTriLookup@physx@@@01@I@Z 0000000180011b60 f i TriangleMeshBuilder.obj
 0001:000110c0       ??$sort@USortedNeighbor@GrbTrimeshCookerHelper@physx@@@shdfnd@physx@@YAXPEAUSortedNeighbor@GrbTrimeshCookerHelper@1@I@Z 00000001800120c0 f i TriangleMeshBuilder.obj
 0001:000110e0       ??$sort@USortedNeighbor@GrbTrimeshCookerHelper@physx@@U?$Less@USortedNeighbor@GrbTrimeshCookerHelper@physx@@@shdfnd@3@V?$ReflectionAllocator@USortedNeighbor@GrbTrimeshCookerHelper@physx@@@53@@shdfnd@physx@@YAXPEAUSortedNeighbor@GrbTrimeshCookerHelper@1@IAEBU?$Less@USortedNeighbor@GrbTrimeshCookerHelper@physx@@@01@AEBV?$ReflectionAllocator@USortedNeighbor@GrbTrimeshCookerHelper@physx@@@01@I@Z 00000001800120e0 f i TriangleMeshBuilder.obj
 0001:000115d0       ??0PxVec4@physx@@QEAA@XZ   00000001800125d0 f i TriangleMeshBuilder.obj
 0001:000115e0       ??1BV4TriangleData@Gu@physx@@UEAA@XZ 00000001800125e0 f i TriangleMeshBuilder.obj
 0001:00011620       ??1MeshDataBase@Gu@physx@@UEAA@XZ 0000000180012620 f i TriangleMeshBuilder.obj
 0001:00011700       ??1RTreeTriangleData@Gu@physx@@UEAA@XZ 0000000180012700 f i TriangleMeshBuilder.obj
 0001:00011770       ??1RemapCallback@RTreeCooker@physx@@UEAA@XZ 0000000180012770 f i TriangleMeshBuilder.obj
 0001:00011780       ??1TriangleMeshData@Gu@physx@@UEAA@XZ 0000000180012780 f i TriangleMeshBuilder.obj
 0001:00011850       ??_EBV4TriangleData@Gu@physx@@UEAAPEAXI@Z 0000000180012850 f i TriangleMeshBuilder.obj
 0001:00011850       ??_GBV4TriangleData@Gu@physx@@UEAAPEAXI@Z 0000000180012850 f i TriangleMeshBuilder.obj
 0001:000118d0       ??_EBV4TriangleMeshBuilder@physx@@UEAAPEAXI@Z 00000001800128d0 f i TriangleMeshBuilder.obj
 0001:000118d0       ??_GBV4TriangleMeshBuilder@physx@@UEAAPEAXI@Z 00000001800128d0 f i TriangleMeshBuilder.obj
 0001:00011980       ??_GMeshDataBase@Gu@physx@@UEAAPEAXI@Z 0000000180012980 f i TriangleMeshBuilder.obj
 0001:00011980       ??_EMeshDataBase@Gu@physx@@UEAAPEAXI@Z 0000000180012980 f i TriangleMeshBuilder.obj
 0001:000119e0       ??_ERTreeCookerRemap@physx@@UEAAPEAXI@Z 00000001800129e0 f i TriangleMeshBuilder.obj
 0001:000119e0       ??_GRTreeCookerRemap@physx@@UEAAPEAXI@Z 00000001800129e0 f i TriangleMeshBuilder.obj
 0001:00011a10       ??_GRTreeTriangleData@Gu@physx@@UEAAPEAXI@Z 0000000180012a10 f i TriangleMeshBuilder.obj
 0001:00011a10       ??_ERTreeTriangleData@Gu@physx@@UEAAPEAXI@Z 0000000180012a10 f i TriangleMeshBuilder.obj
 0001:00011a70       ??_ERTreeTriangleMeshBuilder@physx@@UEAAPEAXI@Z 0000000180012a70 f i TriangleMeshBuilder.obj
 0001:00011a70       ??_GRTreeTriangleMeshBuilder@physx@@UEAAPEAXI@Z 0000000180012a70 f i TriangleMeshBuilder.obj
 0001:00011b00       ??_GRemapCallback@RTreeCooker@physx@@UEAAPEAXI@Z 0000000180012b00 f i TriangleMeshBuilder.obj
 0001:00011b00       ??_ERemapCallback@RTreeCooker@physx@@UEAAPEAXI@Z 0000000180012b00 f i TriangleMeshBuilder.obj
 0001:00011b30       ??_ETriangleMeshBuilder@physx@@UEAAPEAXI@Z 0000000180012b30 f i TriangleMeshBuilder.obj
 0001:00011b30       ??_GTriangleMeshBuilder@physx@@UEAAPEAXI@Z 0000000180012b30 f i TriangleMeshBuilder.obj
 0001:00011ba0       ??_GTriangleMeshData@Gu@physx@@UEAAPEAXI@Z 0000000180012ba0 f i TriangleMeshBuilder.obj
 0001:00011ba0       ??_ETriangleMeshData@Gu@physx@@UEAAPEAXI@Z 0000000180012ba0 f i TriangleMeshBuilder.obj
 0001:00011c00       ?allocate@?$ReflectionAllocator@USortedNeighbor@GrbTrimeshCookerHelper@physx@@@shdfnd@physx@@QEAAPEAX_KPEBDH@Z 0000000180012c00 f i TriangleMeshBuilder.obj
 0001:00011ca0       ?allocateTriangles@TriangleMeshData@Gu@physx@@QEAAPEAXI_NI@Z 0000000180012ca0 f i TriangleMeshBuilder.obj
 0001:00011d80       ?allocateVertices@MeshDataBase@Gu@physx@@QEAAPEAVPxVec3@3@I@Z 0000000180012d80 f i TriangleMeshBuilder.obj
 0001:00012460       ?getMidphaseID@BV4TriangleMeshBuilder@physx@@UEBA?AW4Enum@PxMeshMidPhase@2@XZ 0000000180013460 f i TriangleMeshBuilder.obj
 0001:00012470       ?getMidphaseID@RTreeTriangleMeshBuilder@physx@@UEBA?AW4Enum@PxMeshMidPhase@2@XZ 0000000180013470 f i TriangleMeshBuilder.obj
 0001:00012480       ?growAndPushBack@?$Array@USortedNeighbor@GrbTrimeshCookerHelper@physx@@V?$ReflectionAllocator@USortedNeighbor@GrbTrimeshCookerHelper@physx@@@shdfnd@3@@shdfnd@physx@@IEAAAEAUSortedNeighbor@GrbTrimeshCookerHelper@3@AEBU453@@Z 0000000180013480 f i TriangleMeshBuilder.obj
 0001:00012580       ?onMeshIndexFormatChange@TriangleMeshBuilder@physx@@UEAAXXZ 0000000180013580 f i TriangleMeshBuilder.obj
 0001:00012590       ?recreate@?$Array@USharpEdgeRange@GrbTrimeshCookerHelper@physx@@V?$ReflectionAllocator@USharpEdgeRange@GrbTrimeshCookerHelper@physx@@@shdfnd@3@@shdfnd@physx@@IEAAXI@Z 0000000180013590 f i TriangleMeshBuilder.obj
 0001:000126b0       ?recreate@?$Array@USortedNeighbor@GrbTrimeshCookerHelper@physx@@V?$ReflectionAllocator@USortedNeighbor@GrbTrimeshCookerHelper@physx@@@shdfnd@3@@shdfnd@physx@@IEAAXI@Z 00000001800136b0 f i TriangleMeshBuilder.obj
 0001:00012780       ?remap@RTreeCookerRemap@physx@@UEAAXPEAIII@Z 0000000180013780 f i TriangleMeshBuilder.obj
 0001:000127a0       ?resize@?$Array@USharpEdgeRange@GrbTrimeshCookerHelper@physx@@V?$ReflectionAllocator@USharpEdgeRange@GrbTrimeshCookerHelper@physx@@@shdfnd@3@@shdfnd@physx@@QEAAXIAEBUSharpEdgeRange@GrbTrimeshCookerHelper@3@@Z 00000001800137a0 f i TriangleMeshBuilder.obj
 0001:00012880       ?resizeUninitialized@?$Array@USortedNeighbor@GrbTrimeshCookerHelper@physx@@V?$ReflectionAllocator@USortedNeighbor@GrbTrimeshCookerHelper@physx@@@shdfnd@3@@shdfnd@physx@@QEAAXI@Z 0000000180013880 f i TriangleMeshBuilder.obj
 0001:000128c0       ??0BigConvexDataBuilder@physx@@QEAA@PEBUConvexHullData@Gu@1@PEAVBigConvexData@1@PEBVPxVec3@1@@Z 00000001800138c0 f   BigConvexDataBuilder.obj
 0001:000128e0       ??1BigConvexDataBuilder@physx@@QEAA@XZ 00000001800138e0 f   BigConvexDataBuilder.obj
 0001:000128f0       ?precompute@BigConvexDataBuilder@physx@@QEAA_NI@Z 00000001800138f0 f   BigConvexDataBuilder.obj
 0001:00013540       ?initialize@BigConvexDataBuilder@physx@@QEAA_NXZ 0000000180014540 f   BigConvexDataBuilder.obj
 0001:000135f0       ?save@BigConvexDataBuilder@physx@@QEBA_NAEAVPxOutputStream@2@_N@Z 00000001800145f0 f   BigConvexDataBuilder.obj
 0001:00013830       ?computeValencies@BigConvexDataBuilder@physx@@QEAA_NAEBVConvexHullBuilder@2@@Z 0000000180014830 f   BigConvexDataBuilder.obj
 0001:00013c20       ?saveValencies@BigConvexDataBuilder@physx@@QEBA_NAEAVPxOutputStream@2@_N@Z 0000000180014c20 f   BigConvexDataBuilder.obj
 0001:00013dd0       ??0BigConvexData@physx@@QEAA@W4PxEMPTY@1@@Z 0000000180014dd0 f i BigConvexDataBuilder.obj
 0001:00013de0       ??4BigConvexData@physx@@QEAAAEAV01@AEBV01@@Z 0000000180014de0 f i BigConvexDataBuilder.obj
 0001:00013e00       ?GetAdjacentVerts@BigConvexData@physx@@QEBAPEBEXZ 0000000180014e00 f i BigConvexDataBuilder.obj
 0001:00013e10       ?GetNbNeighbors@BigConvexData@physx@@QEBAGI@Z 0000000180014e10 f i BigConvexDataBuilder.obj
 0001:00013e20       ?GetNbSamples@BigConvexData@physx@@QEBAIXZ 0000000180014e20 f i BigConvexDataBuilder.obj
 0001:00013e30       ?GetNbVerts@BigConvexData@physx@@QEBAIXZ 0000000180014e30 f i BigConvexDataBuilder.obj
 0001:00013e40       ?GetNeighbors@BigConvexData@physx@@QEBAPEBEI@Z 0000000180014e40 f i BigConvexDataBuilder.obj
 0001:00013e50       ?GetOffset@BigConvexData@physx@@QEBAGI@Z 0000000180014e50 f i BigConvexDataBuilder.obj
 0001:00013e60       ?GetSubdiv@BigConvexData@physx@@QEBAIXZ 0000000180014e60 f i BigConvexDataBuilder.obj
 0001:00013e70       ?GetValencies@BigConvexData@physx@@QEBAPEBUValency@Gu@2@XZ 0000000180014e70 f i BigConvexDataBuilder.obj
 0001:00013e80       ?GetValency@BigConvexData@physx@@QEBAGI@Z 0000000180014e80 f i BigConvexDataBuilder.obj
 0001:00013e90       ??0ConvexHullBuilder@physx@@QEAA@PEAUConvexHullData@Gu@1@_N@Z 0000000180014e90 f   ConvexHullBuilder.obj
 0001:00013ec0       ??1ConvexHullBuilder@physx@@QEAA@XZ 0000000180014ec0 f   ConvexHullBuilder.obj
 0001:00013fd0       ?init@ConvexHullBuilder@physx@@QEAA_NIPEBVPxVec3@2@PEBIIIPEBUPxHullPolygon@2@_NPEAVConvexHullLib@2@@Z 0000000180014fd0 f   ConvexHullBuilder.obj
 0001:000143d0       ?save@ConvexHullBuilder@physx@@QEBA_NAEAVPxOutputStream@2@_N@Z 00000001800153d0 f   ConvexHullBuilder.obj
 0001:00014700       ?copy@ConvexHullBuilder@physx@@QEAA_NAEAUConvexHullData@Gu@2@AEAI@Z 0000000180015700 f   ConvexHullBuilder.obj
 0001:00014970       ?createEdgeList@ConvexHullBuilder@physx@@QEAA_N_NI@Z 0000000180015970 f   ConvexHullBuilder.obj
 0001:00015240       ?checkHullPolygons@ConvexHullBuilder@physx@@QEBA_NXZ 0000000180016240 f   ConvexHullBuilder.obj
 0001:00015820       ?calculateVertexMapTable@ConvexHullBuilder@physx@@QEAA_NI_N@Z 0000000180016820 f   ConvexHullBuilder.obj
 0001:00015a30       ?computeGeomCenter@ConvexHullBuilder@physx@@IEBA_NAEAVPxVec3@2@IPEAUHullTriangleData@2@@Z 0000000180016a30 f   ConvexHullBuilder.obj
 0001:00015cf0       ??1ConvexHullLib@physx@@UEAA@XZ 0000000180016cf0 f   ConvexHullLib.obj
 0001:00015d50       ?cleanupVertices@ConvexHullLib@physx@@IEAA_NIPEBVPxVec3@2@IAEAIPEAV32@AEAV32@3@Z 0000000180016d50 f   ConvexHullLib.obj
 0001:000161a0       ?shiftAndcleanupVertices@ConvexHullLib@physx@@IEAA_NIPEBVPxVec3@2@IAEAIPEAV32@AEAV32@3@Z 00000001800171a0 f   ConvexHullLib.obj
 0001:00016680       ?swapLargestFace@ConvexHullLib@physx@@IEAAXAEAVPxConvexMeshDesc@2@@Z 0000000180017680 f   ConvexHullLib.obj
 0001:00016870       ?shiftConvexMeshDesc@ConvexHullLib@physx@@IEAAXAEAVPxConvexMeshDesc@2@@Z 0000000180017870 f   ConvexHullLib.obj
 0001:00016930       ??_GConvexHullLib@physx@@UEAAPEAXI@Z 0000000180017930 f i ConvexHullLib.obj
 0001:00016930       ??_EConvexHullLib@physx@@UEAAPEAXI@Z 0000000180017930 f i ConvexHullLib.obj
 0001:00016e80       ??0ConvexHull@physx@@QEAA@AEBVPxVec3@1@0AEBV?$Array@VPxPlane@physx@@V?$ReflectionAllocator@VPxPlane@physx@@@shdfnd@2@@shdfnd@1@@Z 0000000180017e80 f   ConvexHullUtils.obj
 0001:00017870       ??0ConvexHull@physx@@QEAA@AEBVPxVec3@1@AEBVPxTransform@1@AEBV?$Array@VPxPlane@physx@@V?$ReflectionAllocator@VPxPlane@physx@@@shdfnd@2@@shdfnd@1@@Z 0000000180018870 f   ConvexHullUtils.obj
 0001:000189d0       ?findCandidatePlane@ConvexHull@physx@@QEBAHMM@Z 00000001800199d0 f   ConvexHullUtils.obj
 0001:00018e30       ?assertIntact@ConvexHull@physx@@QEBA_NM@Z 0000000180019e30 f   ConvexHullUtils.obj
 0001:00019180       ?maxNumVertsPerFace@ConvexHull@physx@@QEBAIXZ 000000018001a180 f   ConvexHullUtils.obj
 0001:00019200       ?convexHullCrop@physx@@YAPEAVConvexHull@1@AEBV21@AEBVPxPlane@1@M@Z 000000018001a200 f   ConvexHullUtils.obj
 0001:00019fc0       ?computeOBBFromConvex@physx@@YA_NAEBVPxConvexMeshDesc@1@AEAVPxVec3@1@AEAVPxTransform@1@@Z 000000018001afc0 f   ConvexHullUtils.obj
 0001:0001a6e0       ?computeOBBSIMD@local@@YAXIPEBT__m128@@AEAT2@AEBT2@1@Z 000000018001b6e0 f   ConvexHullUtils.obj
 0001:0001a940       ??0Box@Gu@physx@@QEAA@AEBV012@@Z 000000018001b940 f i ConvexHullUtils.obj
 0001:0001a9a0       ??0Box@Gu@physx@@QEAA@AEBVPxVec3@2@0AEBVPxMat33@2@@Z 000000018001b9a0 f i ConvexHullUtils.obj
 0001:0001aa10       ??0Box@Gu@physx@@QEAA@XZ   000000018001ba10 f i ConvexHullUtils.obj
 0001:0001aa20       ??0HalfEdge@ConvexHull@physx@@QEAA@XZ 000000018001ba20 f i ConvexHullUtils.obj
 0001:0001aa30       ??0PxPlane@physx@@QEAA@XZ  000000018001ba30 f i ConvexHullUtils.obj
 0001:0001aa40       ??0PxQuat@physx@@QEAA@AEBVPxMat33@1@@Z 000000018001ba40 f i ConvexHullUtils.obj
 0001:0001ac30       ??1Box@Gu@physx@@QEAA@XZ   000000018001bc30 f i ConvexHullUtils.obj
 0001:0001ac40       ??4Box@Gu@physx@@QEAAAEBV012@AEBV012@@Z 000000018001bc40 f i ConvexHullUtils.obj
 0001:0001aca0       ?allocate@?$Array@VHalfEdge@ConvexHull@physx@@V?$ReflectionAllocator@VHalfEdge@ConvexHull@physx@@@shdfnd@3@@shdfnd@physx@@IEAAPEAVHalfEdge@ConvexHull@3@I@Z 000000018001bca0 f i ConvexHullUtils.obj
 0001:0001ad40       ?allocate@?$Array@VPxPlane@physx@@V?$ReflectionAllocator@VPxPlane@physx@@@shdfnd@2@@shdfnd@physx@@IEAAPEAVPxPlane@3@I@Z 000000018001bd40 f i ConvexHullUtils.obj
 0001:0001ade0       ?computeAABBExtent@Box@Gu@physx@@QEBA?AVPxVec3@3@XZ 000000018001bde0 f i ConvexHullUtils.obj
 0001:0001aea0       ?computeBoxPoints@Box@Gu@physx@@QEBAXPEIAVPxVec3@3@@Z 000000018001bea0 f i ConvexHullUtils.obj
 0001:0001aee0       ?copy@?$Array@VPxPlane@physx@@V?$ReflectionAllocator@VPxPlane@physx@@@shdfnd@2@@shdfnd@physx@@KAXPEAVPxPlane@3@0PEBV43@@Z 000000018001bee0 f i ConvexHullUtils.obj
 0001:0001afe0       ?getInverse@PxMat33@physx@@QEBA?BV12@XZ 000000018001bfe0 f i ConvexHullUtils.obj
 0001:0001b230       ?getTransform@Box@Gu@physx@@QEBA?AVPxTransform@3@XZ 000000018001c230 f i ConvexHullUtils.obj
 0001:0001b290       ?growAndPushBack@?$Array@VHalfEdge@ConvexHull@physx@@V?$ReflectionAllocator@VHalfEdge@ConvexHull@physx@@@shdfnd@3@@shdfnd@physx@@IEAAAEAVHalfEdge@ConvexHull@3@AEBV453@@Z 000000018001c290 f i ConvexHullUtils.obj
 0001:0001b360       ?growAndPushBack@?$Array@VPxPlane@physx@@V?$ReflectionAllocator@VPxPlane@physx@@@shdfnd@2@@shdfnd@physx@@IEAAAEAVPxPlane@3@AEBV43@@Z 000000018001c360 f i ConvexHullUtils.obj
 0001:0001b430       ?isValid@Box@Gu@physx@@QEBA_NXZ 000000018001c430 f i ConvexHullUtils.obj
 0001:0001b450       ?recreate@?$Array@VHalfEdge@ConvexHull@physx@@V?$ReflectionAllocator@VHalfEdge@ConvexHull@physx@@@shdfnd@3@@shdfnd@physx@@IEAAXI@Z 000000018001c450 f i ConvexHullUtils.obj
 0001:0001b510       ?recreate@?$Array@VPxPlane@physx@@V?$ReflectionAllocator@VPxPlane@physx@@@shdfnd@2@@shdfnd@physx@@IEAAXI@Z 000000018001c510 f i ConvexHullUtils.obj
 0001:0001b590       ?resize@?$Array@VHalfEdge@ConvexHull@physx@@V?$ReflectionAllocator@VHalfEdge@ConvexHull@physx@@@shdfnd@3@@shdfnd@physx@@QEAAXIAEBVHalfEdge@ConvexHull@3@@Z 000000018001c590 f i ConvexHullUtils.obj
 0001:0001b670       ?resize@?$Array@VPxPlane@physx@@V?$ReflectionAllocator@VPxPlane@physx@@@shdfnd@2@@shdfnd@physx@@QEAAXIAEBVPxPlane@3@@Z 000000018001c670 f i ConvexHullUtils.obj
 0001:0001b790       ?resize@?$Array@VPxVec3@physx@@V?$ReflectionAllocator@VPxVec3@physx@@@shdfnd@2@@shdfnd@physx@@QEAAXIAEBVPxVec3@3@@Z 000000018001c790 f i ConvexHullUtils.obj
 0001:0001b880       ?rotate@Box@Gu@physx@@QEBA?AVPxVec3@3@AEBV43@@Z 000000018001c880 f i ConvexHullUtils.obj
 0001:0001b910       ?rotateInv@Box@Gu@physx@@QEBA?AVPxVec3@3@AEBV43@@Z 000000018001c910 f i ConvexHullUtils.obj
 0001:0001b9a0       ?setAxes@Box@Gu@physx@@QEAAXAEBVPxVec3@3@00@Z 000000018001c9a0 f i ConvexHullUtils.obj
 0001:0001b9e0       ?setEmpty@Box@Gu@physx@@QEAAXXZ 000000018001c9e0 f i ConvexHullUtils.obj
 0001:0001ba20       ?transform@Box@Gu@physx@@QEBA?AVPxVec3@3@AEBV43@@Z 000000018001ca20 f i ConvexHullUtils.obj
 0001:0001bac0       ??0ConvexMeshBuilder@physx@@QEAA@_N@Z 000000018001cac0 f   ConvexMeshBuilder.obj
 0001:0001bb30       ??1ConvexMeshBuilder@physx@@QEAA@XZ 000000018001cb30 f   ConvexMeshBuilder.obj
 0001:0001bb90       ?build@ConvexMeshBuilder@physx@@QEAA_NAEBVPxConvexMeshDesc@2@I_NPEAVConvexHullLib@2@@Z 000000018001cb90 f   ConvexMeshBuilder.obj
 0001:0001beb0       ?save@ConvexMeshBuilder@physx@@QEBA_NAEAVPxOutputStream@2@_N@Z 000000018001ceb0 f   ConvexMeshBuilder.obj
 0001:0001c0c0       ?copy@ConvexMeshBuilder@physx@@QEAA_NAEAUConvexHullData@Gu@2@AEAI@Z 000000018001d0c0 f   ConvexMeshBuilder.obj
 0001:0001c150       ?loadConvexHull@ConvexMeshBuilder@physx@@QEAA_NAEBVPxConvexMeshDesc@2@PEAVConvexHullLib@2@@Z 000000018001d150 f   ConvexMeshBuilder.obj
 0001:0001c400       ?computeHullPolygons@ConvexMeshBuilder@physx@@QEAA_NAEBIPEBVPxVec3@2@0PEBIAEAVPxAllocatorCallback@2@AEAIAEAPEAV32@4AEAPEAI4AEAPEAUPxHullPolygon@2@@Z 000000018001d400 f   ConvexMeshBuilder.obj
 0001:0001c620       ?computeGaussMaps@ConvexMeshBuilder@physx@@QEAA_NXZ 000000018001d620 f   ConvexMeshBuilder.obj
 0001:0001c710       ?computeMassInfo@ConvexMeshBuilder@physx@@QEAAX_N@Z 000000018001d710 f   ConvexMeshBuilder.obj
 0001:0001cae0       ?computeInternalObjects@ConvexMeshBuilder@physx@@QEAAXXZ 000000018001dae0 f   ConvexMeshBuilder.obj
 0001:0001cf60       ?isFinite@PxVec3@physx@@QEBA_NXZ 000000018001df60 f i ConvexMeshBuilder.obj
 0001:0001cfc0       ??0ConvexPolygonsBuilder@physx@@QEAA@PEAUConvexHullData@Gu@1@_N@Z 000000018001dfc0 f   ConvexPolygonsBuilder.obj
 0001:0001cff0       ??1ConvexPolygonsBuilder@physx@@QEAA@XZ 000000018001dff0 f   ConvexPolygonsBuilder.obj
 0001:0001d040       ?computeHullPolygons@ConvexPolygonsBuilder@physx@@QEAA_NAEBIPEBVPxVec3@2@0PEBI@Z 000000018001e040 f   ConvexPolygonsBuilder.obj
 0001:0001d330       ?createPolygonData@ConvexPolygonsBuilder@physx@@AEAA_NXZ 000000018001e330 f   ConvexPolygonsBuilder.obj
 0001:0001df60       ?createTrianglesFromPolygons@ConvexPolygonsBuilder@physx@@AEAA_NXZ 000000018001ef60 f   ConvexPolygonsBuilder.obj
 0001:0001e910       ??$copy@V?$ReflectionAllocator@VPair@@@shdfnd@physx@@@?$Array@VPair@@V?$ReflectionAllocator@VPair@@@shdfnd@physx@@@shdfnd@physx@@IEAAXAEBV012@@Z 000000018001f910 f i ConvexPolygonsBuilder.obj
 0001:0001f730       ?allocate@?$Array@IV?$ReflectionAllocator@I@shdfnd@physx@@@shdfnd@physx@@IEAAPEAII@Z 0000000180020730 f i ConvexPolygonsBuilder.obj
 0001:0001f7d0       ?allocate@?$Array@VPair@@V?$ReflectionAllocator@VPair@@@shdfnd@physx@@@shdfnd@physx@@IEAAPEAVPair@@I@Z 00000001800207d0 f i ConvexPolygonsBuilder.obj
 0001:00020d70       ?growAndPushBack@?$Array@VPair@@V?$ReflectionAllocator@VPair@@@shdfnd@physx@@@shdfnd@physx@@IEAAAEAVPair@@AEBV4@@Z 0000000180021d70 f i ConvexPolygonsBuilder.obj
 0001:00020e50       ??0QuickHullConvexHullLib@physx@@QEAA@AEBVPxConvexMeshDesc@1@AEBUPxCookingParams@1@@Z 0000000180021e50 f   QuickHullConvexHullLib.obj
 0001:00020f40       ??1QuickHullConvexHullLib@physx@@UEAA@XZ 0000000180021f40 f   QuickHullConvexHullLib.obj
 0001:00021010       ?createConvexHull@QuickHullConvexHullLib@physx@@UEAA?AW4Enum@PxConvexMeshCookingResult@2@XZ 0000000180022010 f   QuickHullConvexHullLib.obj
 0001:000215b0       ?fillConvexMeshDesc@QuickHullConvexHullLib@physx@@UEAAXAEAVPxConvexMeshDesc@2@@Z 00000001800225b0 f   QuickHullConvexHullLib.obj
 0001:00021600       ?createEdgeList@QuickHullConvexHullLib@physx@@UEAA_NIPEBEPEAPEAEPEAPEAG2@Z 0000000180022600 f   QuickHullConvexHullLib.obj
 0001:000218d0       ?expandHullOBB@QuickHullConvexHullLib@physx@@IEAA?AW4Enum@PxConvexMeshCookingResult@2@XZ 00000001800228d0 f   QuickHullConvexHullLib.obj
 0001:00021cf0       ?expandHull@QuickHullConvexHullLib@physx@@IEAA?AW4Enum@PxConvexMeshCookingResult@2@XZ 0000000180022cf0 f   QuickHullConvexHullLib.obj
 0001:00022630       ?cleanupForSimplex@QuickHullConvexHullLib@physx@@IEAA_NPEAVPxVec3@2@IPEAUQuickHullVertex@local@@1AEAM2@Z 0000000180023630 f   QuickHullConvexHullLib.obj
 0001:000231d0       ?fillConvexMeshDescFromQuickHull@QuickHullConvexHullLib@physx@@IEAAXAEAVPxConvexMeshDesc@2@@Z 00000001800241d0 f   QuickHullConvexHullLib.obj
 0001:00023560       ?fillConvexMeshDescFromCroppedHull@QuickHullConvexHullLib@physx@@IEAAXAEAVPxConvexMeshDesc@2@@Z 0000000180024560 f   QuickHullConvexHullLib.obj
 0001:00023760       ?getOppositeFaceDistance@QuickHullHalfEdge@local@@QEBAMXZ 0000000180024760 f   QuickHullConvexHullLib.obj
 0001:000237a0       ?mergeAdjacentFace@QuickHullFace@local@@QEAA_NPEAUQuickHullHalfEdge@2@AEAV?$Array@PEAUQuickHullFace@local@@V?$ReflectionAllocator@PEAUQuickHullFace@local@@@shdfnd@physx@@@shdfnd@physx@@@Z 00000001800247a0 f   QuickHullConvexHullLib.obj
 0001:00023bf0       ?checkFaceConsistency@QuickHullFace@local@@QEAA_NXZ 0000000180024bf0 f   QuickHullConvexHullLib.obj
 0001:00023c00       ?connectHalfEdges@QuickHullFace@local@@AEAAPEAU12@PEAUQuickHullHalfEdge@2@0@Z 0000000180024c00 f   QuickHullConvexHullLib.obj
 0001:00023f70       ??0QuickHull@local@@QEAA@AEBUPxCookingParams@physx@@AEBVPxConvexMeshDesc@3@@Z 0000000180024f70 f   QuickHullConvexHullLib.obj
 0001:00024020       ??1QuickHull@local@@QEAA@XZ 0000000180025020 f   QuickHullConvexHullLib.obj
 0001:00024170       ?preallocate@QuickHull@local@@QEAAXI@Z 0000000180025170 f   QuickHullConvexHullLib.obj
 0001:000242c0       ?parseInputVertices@QuickHull@local@@QEAAXPEBVPxVec3@physx@@I@Z 00000001800252c0 f   QuickHullConvexHullLib.obj
 0001:00024430       ?releaseHull@QuickHull@local@@QEAAXXZ 0000000180025430 f   QuickHullConvexHullLib.obj
 0001:00024490       ?setPrecomputedMinMax@QuickHull@local@@QEAAXPEBUQuickHullVertex@2@0MM@Z 0000000180025490 f   QuickHullConvexHullLib.obj
 0001:00024620       ?buildHull@QuickHull@local@@QEAA?AW4Enum@QuickHullResult@2@XZ 0000000180025620 f   QuickHullConvexHullLib.obj
 0001:00024880       ?maxNumVertsPerFace@QuickHull@local@@QEBAIXZ 0000000180025880 f   QuickHullConvexHullLib.obj
 0001:000248c0       ?computeMinMaxVerts@QuickHull@local@@IEAAXXZ 00000001800258c0 f   QuickHullConvexHullLib.obj
 0001:00024ca0       ?findSimplex@QuickHull@local@@IEAA_NXZ 0000000180025ca0 f   QuickHullConvexHullLib.obj
 0001:000258d0       ?addSimplex@QuickHull@local@@IEAAXPEAUQuickHullVertex@2@_N@Z 00000001800268d0 f   QuickHullConvexHullLib.obj
 0001:00025da0       ?nextPointToAdd@QuickHull@local@@IEAAPEAUQuickHullVertex@2@AEAPEAUQuickHullFace@2@@Z 0000000180026da0 f   QuickHullConvexHullLib.obj
 0001:00025f00       ?addPointToHull@QuickHull@local@@IEAA_NPEBUQuickHullVertex@2@AEAUQuickHullFace@2@AEA_N@Z 0000000180026f00 f   QuickHullConvexHullLib.obj
 0001:00026310       ?createTriangle@QuickHull@local@@IEAAPEAUQuickHullFace@2@AEBUQuickHullVertex@2@00@Z 0000000180027310 f   QuickHullConvexHullLib.obj
 0001:000266c0       ?addPointToFace@QuickHull@local@@IEAAXAEAUQuickHullFace@2@PEAUQuickHullVertex@2@M@Z 00000001800276c0 f   QuickHullConvexHullLib.obj
 0001:00026710       ?removeEyePointFromFace@QuickHull@local@@IEAAXAEAUQuickHullFace@2@PEBUQuickHullVertex@2@@Z 0000000180027710 f   QuickHullConvexHullLib.obj
 0001:00026730       ?calculateHorizon@QuickHull@local@@IEAAXAEBVPxVec3@physx@@PEAUQuickHullHalfEdge@2@AEAUQuickHullFace@2@AEAV?$Array@PEAUQuickHullHalfEdge@local@@V?$ReflectionAllocator@PEAUQuickHullHalfEdge@local@@@shdfnd@physx@@@shdfnd@4@AEAV?$Array@PEAUQuickHullFace@local@@V?$ReflectionAllocator@PEAUQuickHullFace@local@@@shdfnd@physx@@@84@@Z 0000000180027730 f   QuickHullConvexHullLib.obj
 0001:000268e0       ?addNewFacesFromHorizon@QuickHull@local@@IEAAXPEBUQuickHullVertex@2@AEBV?$Array@PEAUQuickHullHalfEdge@local@@V?$ReflectionAllocator@PEAUQuickHullHalfEdge@local@@@shdfnd@physx@@@shdfnd@physx@@AEAV?$Array@PEAUQuickHullFace@local@@V?$ReflectionAllocator@PEAUQuickHullFace@local@@@shdfnd@physx@@@56@@Z 00000001800278e0 f   QuickHullConvexHullLib.obj
 0001:00026a30       ?doAdjacentMerge@QuickHull@local@@IEAA_NAEAUQuickHullFace@2@_NAEA_N@Z 0000000180027a30 f   QuickHullConvexHullLib.obj
 0001:00026ca0       ?doPostAdjacentMerge@QuickHull@local@@IEAA_NAEAUQuickHullFace@2@M@Z 0000000180027ca0 f   QuickHullConvexHullLib.obj
 0001:00026dd0       ?deleteFacePoints@QuickHull@local@@IEAAXAEAUQuickHullFace@2@PEAU32@@Z 0000000180027dd0 f   QuickHullConvexHullLib.obj
 0001:00026ee0       ?resolveUnclaimedPoints@QuickHull@local@@IEAAXAEBV?$Array@PEAUQuickHullFace@local@@V?$ReflectionAllocator@PEAUQuickHullFace@local@@@shdfnd@physx@@@shdfnd@physx@@@Z 0000000180027ee0 f   QuickHullConvexHullLib.obj
 0001:00027130       ?postMergeHull@QuickHull@local@@IEAAXXZ 0000000180028130 f   QuickHullConvexHullLib.obj
 0001:000272b0       ?canMergeFaces@QuickHull@local@@IEAA_NAEBUQuickHullHalfEdge@2@@Z 00000001800282b0 f   QuickHullConvexHullLib.obj
 0001:00027af0       ?getExpandPoint@local@@YAXAEBUQuickHullHalfEdge@1@AEAUExpandPoint@1@PEBV?$Array@IV?$ReflectionAllocator@I@shdfnd@physx@@@shdfnd@physx@@@Z 0000000180028af0 f   QuickHullConvexHullLib.obj
 0001:00027b90       ?addExpandPoint@local@@YAXAEBUExpandPoint@1@AEAV?$Array@UExpandPoint@local@@V?$ReflectionAllocator@UExpandPoint@local@@@shdfnd@physx@@@shdfnd@physx@@@Z 0000000180028b90 f   QuickHullConvexHullLib.obj
 0001:00027c70       ??0PxPlane@physx@@QEAA@AEBV01@@Z 0000000180028c70 f i QuickHullConvexHullLib.obj
 0001:00027c90       ??0QuickHullVertex@local@@QEAA@XZ 0000000180028c90 f i QuickHullConvexHullLib.obj
 0001:00027ca0       ??1?$MemBlock@UQuickHullFace@local@@$00@local@@QEAA@XZ 0000000180028ca0 f i QuickHullConvexHullLib.obj
 0001:00027d30       ??1?$MemBlock@UQuickHullHalfEdge@local@@$0A@@local@@QEAA@XZ 0000000180028d30 f i QuickHullConvexHullLib.obj
 0001:00027dc0       ??_GConvexHull@physx@@QEAAPEAXI@Z 0000000180028dc0 f i QuickHullConvexHullLib.obj
 0001:00027ea0       ??_EQuickHullConvexHullLib@physx@@UEAAPEAXI@Z 0000000180028ea0 f i QuickHullConvexHullLib.obj
 0001:00027ea0       ??_GQuickHullConvexHullLib@physx@@UEAAPEAXI@Z 0000000180028ea0 f i QuickHullConvexHullLib.obj
 0001:00027fa0       ??__G@YAXPEAX0_K1P6APEAX00@Z@Z 0000000180028fa0 f i QuickHullConvexHullLib.obj
 0001:00028000       ?allocate@?$Array@PEAUQuickHullFace@local@@V?$ReflectionAllocator@PEAUQuickHullFace@local@@@shdfnd@physx@@@shdfnd@physx@@IEAAPEAPEAUQuickHullFace@local@@I@Z 0000000180029000 f i QuickHullConvexHullLib.obj
 0001:000280a0       ?allocate@?$Array@PEAUQuickHullHalfEdge@local@@V?$ReflectionAllocator@PEAUQuickHullHalfEdge@local@@@shdfnd@physx@@@shdfnd@physx@@IEAAPEAPEAUQuickHullHalfEdge@local@@I@Z 00000001800290a0 f i QuickHullConvexHullLib.obj
 0001:00028140       ?allocate@?$Array@PEAUQuickHullVertex@local@@V?$ReflectionAllocator@PEAUQuickHullVertex@local@@@shdfnd@physx@@@shdfnd@physx@@IEAAPEAPEAUQuickHullVertex@local@@I@Z 0000000180029140 f i QuickHullConvexHullLib.obj
 0001:000281e0       ?allocate@?$Array@UExpandPoint@local@@V?$ReflectionAllocator@UExpandPoint@local@@@shdfnd@physx@@@shdfnd@physx@@IEAAPEAUExpandPoint@local@@I@Z 00000001800291e0 f i QuickHullConvexHullLib.obj
 0001:00028280       ?copy@?$Array@UExpandPoint@local@@V?$ReflectionAllocator@UExpandPoint@local@@@shdfnd@physx@@@shdfnd@physx@@KAXPEAUExpandPoint@local@@0PEBU45@@Z 0000000180029280 f i QuickHullConvexHullLib.obj
 0001:00028330       ?getFreeItem@?$MemBlock@UQuickHullFace@local@@$00@local@@QEAAPEAUQuickHullFace@2@XZ 0000000180029330 f i QuickHullConvexHullLib.obj
 0001:00028460       ?getFreeItem@?$MemBlock@UQuickHullHalfEdge@local@@$0A@@local@@QEAAPEAUQuickHullHalfEdge@2@XZ 0000000180029460 f i QuickHullConvexHullLib.obj
 0001:00028530       ?growAndPushBack@?$Array@PEAUQuickHullFace@local@@V?$ReflectionAllocator@PEAUQuickHullFace@local@@@shdfnd@physx@@@shdfnd@physx@@IEAAAEAPEAUQuickHullFace@local@@AEBQEAU45@@Z 0000000180029530 f i QuickHullConvexHullLib.obj
 0001:00028600       ?growAndPushBack@?$Array@PEAUQuickHullHalfEdge@local@@V?$ReflectionAllocator@PEAUQuickHullHalfEdge@local@@@shdfnd@physx@@@shdfnd@physx@@IEAAAEAPEAUQuickHullHalfEdge@local@@AEBQEAU45@@Z 0000000180029600 f i QuickHullConvexHullLib.obj
 0001:000286d0       ?growAndPushBack@?$Array@PEAUQuickHullVertex@local@@V?$ReflectionAllocator@PEAUQuickHullVertex@local@@@shdfnd@physx@@@shdfnd@physx@@IEAAAEAPEAUQuickHullVertex@local@@AEBQEAU45@@Z 00000001800296d0 f i QuickHullConvexHullLib.obj
 0001:000287a0       ?growAndPushBack@?$Array@UExpandPoint@local@@V?$ReflectionAllocator@UExpandPoint@local@@@shdfnd@physx@@@shdfnd@physx@@IEAAAEAUExpandPoint@local@@AEBU45@@Z 00000001800297a0 f i QuickHullConvexHullLib.obj
 0001:000288a0       ?init@?$MemBlock@UQuickHullFace@local@@$00@local@@QEAAXI@Z 00000001800298a0 f i QuickHullConvexHullLib.obj
 0001:000289a0       ?init@?$MemBlock@UQuickHullHalfEdge@local@@$0A@@local@@QEAAXI@Z 00000001800299a0 f i QuickHullConvexHullLib.obj
 0001:00028a40       ?recreate@?$Array@PEAUQuickHullFace@local@@V?$ReflectionAllocator@PEAUQuickHullFace@local@@@shdfnd@physx@@@shdfnd@physx@@IEAAXI@Z 0000000180029a40 f i QuickHullConvexHullLib.obj
 0001:00028b00       ?recreate@?$Array@PEAUQuickHullHalfEdge@local@@V?$ReflectionAllocator@PEAUQuickHullHalfEdge@local@@@shdfnd@physx@@@shdfnd@physx@@IEAAXI@Z 0000000180029b00 f i QuickHullConvexHullLib.obj
 0001:00028bc0       ?recreate@?$Array@PEAUQuickHullVertex@local@@V?$ReflectionAllocator@PEAUQuickHullVertex@local@@@shdfnd@physx@@@shdfnd@physx@@IEAAXI@Z 0000000180029bc0 f i QuickHullConvexHullLib.obj
 0001:00028c80       ?recreate@?$Array@UExpandPoint@local@@V?$ReflectionAllocator@UExpandPoint@local@@@shdfnd@physx@@@shdfnd@physx@@IEAAXI@Z 0000000180029c80 f i QuickHullConvexHullLib.obj
 0001:00028d00       ?computeVolumeIntegrals@physx@@YA_NAEBVPxSimpleTriangleMesh@1@MAEAUPxIntegrals@1@@Z 0000000180029d00 f   VolumeIntegration.obj
 0001:00028d70       ?computeVolumeIntegralsEberly@physx@@YA_NAEBVPxConvexMeshDesc@1@MAEAUPxIntegrals@1@AEBVPxVec3@1@@Z 0000000180029d70 f   VolumeIntegration.obj
 0001:00028dc0       ?computeVolumeIntegralsEberlySIMD@physx@@YA_NAEBVPxConvexMeshDesc@1@MAEAUPxIntegrals@1@AEBVPxVec3@1@@Z 0000000180029dc0 f   VolumeIntegration.obj
 0001:0002b230       PxSetPhysXCookingDelayLoadHook 000000018002c230 f   WindowsCookingDelayLoadHook.obj
 0001:0002b240       ?delayHook@@YAP6A_JXZIPEAUDelayLoadInfo@@@Z 000000018002c240 f   WindowsCookingDelayLoadHook.obj
 0001:0002b318       __imp_load_??0RadixSortBuffered@Cm@physx@@QEAA@XZ 000000018002c318 f   PhysXCommon_64:PhysXCommon_64.dll
 0001:0002b324       ??0RadixSortBuffered@Cm@physx@@QEAA@XZ 000000018002c324 f   PhysXCommon_64:PhysXCommon_64.dll
 0001:0002b32a       __tailMerge_physxcommon_64_dll 000000018002c32a     PhysXCommon_64:PhysXCommon_64.dll
 0001:0002b3a3       __imp_load_??1RadixSortBuffered@Cm@physx@@UEAA@XZ 000000018002c3a3 f   PhysXCommon_64:PhysXCommon_64.dll
 0001:0002b3af       ??1RadixSortBuffered@Cm@physx@@UEAA@XZ 000000018002c3af f   PhysXCommon_64:PhysXCommon_64.dll
 0001:0002b3b5       __imp_load_?Sort@RadixSortBuffered@Cm@physx@@QEAAAEAV123@PEBIIW4RadixHint@23@@Z 000000018002c3b5 f   PhysXCommon_64:PhysXCommon_64.dll
 0001:0002b3c1       ?Sort@RadixSortBuffered@Cm@physx@@QEAAAEAV123@PEBIIW4RadixHint@23@@Z 000000018002c3c1 f   PhysXCommon_64:PhysXCommon_64.dll
 0001:0002b3c7       __imp_load_?readDword@physx@@YAI_NAEAVPxInputStream@1@@Z 000000018002c3c7 f   PhysXCommon_64:PhysXCommon_64.dll
 0001:0002b3d3       ?readDword@physx@@YAI_NAEAVPxInputStream@1@@Z 000000018002c3d3 f   PhysXCommon_64:PhysXCommon_64.dll
 0001:0002b3d9       __imp_load_?ReadHeader@Gu@physx@@YA_NEEEEAEAIAEA_NAEAVPxInputStream@2@@Z 000000018002c3d9 f   PhysXCommon_64:PhysXCommon_64.dll
 0001:0002b3e5       ?ReadHeader@Gu@physx@@YA_NEEEEAEAIAEA_NAEAVPxInputStream@2@@Z 000000018002c3e5 f   PhysXCommon_64:PhysXCommon_64.dll
 0001:0002b3eb       __imp_load_?exportExtraData@ConvexMesh@Gu@physx@@UEAAXAEAVPxSerializationContext@3@@Z 000000018002c3eb f   PhysXCommon_64:PhysXCommon_64.dll
 0001:0002b3f7       ?exportExtraData@ConvexMesh@Gu@physx@@UEAAXAEAVPxSerializationContext@3@@Z 000000018002c3f7 f   PhysXCommon_64:PhysXCommon_64.dll
 0001:0002b3fd       __imp_load_?onRefCountZero@ConvexMesh@Gu@physx@@UEAAXXZ 000000018002c3fd f   PhysXCommon_64:PhysXCommon_64.dll
 0001:0002b409       ?onRefCountZero@ConvexMesh@Gu@physx@@UEAAXXZ 000000018002c409 f   PhysXCommon_64:PhysXCommon_64.dll
 0001:0002b40f       __imp_load_?release@ConvexMesh@Gu@physx@@UEAAXXZ 000000018002c40f f   PhysXCommon_64:PhysXCommon_64.dll
 0001:0002b41b       ?release@ConvexMesh@Gu@physx@@UEAAXXZ 000000018002c41b f   PhysXCommon_64:PhysXCommon_64.dll
 0001:0002b421       __imp_load_?getPolygonData@ConvexMesh@Gu@physx@@UEBA_NIAEAUPxHullPolygon@3@@Z 000000018002c421 f   PhysXCommon_64:PhysXCommon_64.dll
 0001:0002b42d       ?getPolygonData@ConvexMesh@Gu@physx@@UEBA_NIAEAUPxHullPolygon@3@@Z 000000018002c42d f   PhysXCommon_64:PhysXCommon_64.dll
 0001:0002b433       __imp_load_?isGpuCompatible@ConvexMesh@Gu@physx@@UEBA_NXZ 000000018002c433 f   PhysXCommon_64:PhysXCommon_64.dll
 0001:0002b43f       ?isGpuCompatible@ConvexMesh@Gu@physx@@UEBA_NXZ 000000018002c43f f   PhysXCommon_64:PhysXCommon_64.dll
 0001:0002b445       __imp_load_?getReferenceCount@ConvexMesh@Gu@physx@@UEBAIXZ 000000018002c445 f   PhysXCommon_64:PhysXCommon_64.dll
 0001:0002b451       ?getReferenceCount@ConvexMesh@Gu@physx@@UEBAIXZ 000000018002c451 f   PhysXCommon_64:PhysXCommon_64.dll
 0001:0002b457       __imp_load_?acquireReference@ConvexMesh@Gu@physx@@UEAAXXZ 000000018002c457 f   PhysXCommon_64:PhysXCommon_64.dll
 0001:0002b463       ?acquireReference@ConvexMesh@Gu@physx@@UEAAXXZ 000000018002c463 f   PhysXCommon_64:PhysXCommon_64.dll
 0001:0002b469       __imp_load_?getMassInformation@ConvexMesh@Gu@physx@@UEBAXAEAMAEAVPxMat33@3@AEAVPxVec3@3@@Z 000000018002c469 f   PhysXCommon_64:PhysXCommon_64.dll
 0001:0002b475       ?getMassInformation@ConvexMesh@Gu@physx@@UEBAXAEAMAEAVPxMat33@3@AEAVPxVec3@3@@Z 000000018002c475 f   PhysXCommon_64:PhysXCommon_64.dll
 0001:0002b47b       __imp_load_?getLocalBounds@ConvexMesh@Gu@physx@@UEBA?AVPxBounds3@3@XZ 000000018002c47b f   PhysXCommon_64:PhysXCommon_64.dll
 0001:0002b487       ?getLocalBounds@ConvexMesh@Gu@physx@@UEBA?AVPxBounds3@3@XZ 000000018002c487 f   PhysXCommon_64:PhysXCommon_64.dll
 0001:0002b48d       __imp_load_??1ConvexMesh@Gu@physx@@UEAA@XZ 000000018002c48d f   PhysXCommon_64:PhysXCommon_64.dll
 0001:0002b499       ??1ConvexMesh@Gu@physx@@UEAA@XZ 000000018002c499 f   PhysXCommon_64:PhysXCommon_64.dll
 0001:0002b49f       __imp_load_??0HeightField@Gu@physx@@QEAA@PEAVGuMeshFactory@2@@Z 000000018002c49f f   PhysXCommon_64:PhysXCommon_64.dll
 0001:0002b4ab       ??0HeightField@Gu@physx@@QEAA@PEAVGuMeshFactory@2@@Z 000000018002c4ab f   PhysXCommon_64:PhysXCommon_64.dll
 0001:0002b4b1       __imp_load_?loadFromDesc@HeightField@Gu@physx@@QEAA_NAEBVPxHeightFieldDesc@3@@Z 000000018002c4b1 f   PhysXCommon_64:PhysXCommon_64.dll
 0001:0002b4bd       ?loadFromDesc@HeightField@Gu@physx@@QEAA_NAEBVPxHeightFieldDesc@3@@Z 000000018002c4bd f   PhysXCommon_64:PhysXCommon_64.dll
 0001:0002b4c3       __imp_load_?computeCellCoordinates@HeightField@Gu@physx@@QEBAIMMAEAM0@Z 000000018002c4c3 f   PhysXCommon_64:PhysXCommon_64.dll
 0001:0002b4cf       ?computeCellCoordinates@HeightField@Gu@physx@@QEBAIMMAEAM0@Z 000000018002c4cf f   PhysXCommon_64:PhysXCommon_64.dll
 0001:0002b4d5       __imp_load_?releaseMemory@HeightField@Gu@physx@@QEAAXXZ 000000018002c4d5 f   PhysXCommon_64:PhysXCommon_64.dll
 0001:0002b4e1       ?releaseMemory@HeightField@Gu@physx@@QEAAXXZ 000000018002c4e1 f   PhysXCommon_64:PhysXCommon_64.dll
 0001:0002b4e7       __imp_load_??1HeightField@Gu@physx@@UEAA@XZ 000000018002c4e7 f   PhysXCommon_64:PhysXCommon_64.dll
 0001:0002b4f3       ??1HeightField@Gu@physx@@UEAA@XZ 000000018002c4f3 f   PhysXCommon_64:PhysXCommon_64.dll
 0001:0002b4f9       __imp_load_??0NodeAllocator@Gu@physx@@QEAA@XZ 000000018002c4f9 f   PhysXCommon_64:PhysXCommon_64.dll
 0001:0002b505       ??0NodeAllocator@Gu@physx@@QEAA@XZ 000000018002c505 f   PhysXCommon_64:PhysXCommon_64.dll
 0001:0002b50b       __imp_load_??1NodeAllocator@Gu@physx@@QEAA@XZ 000000018002c50b f   PhysXCommon_64:PhysXCommon_64.dll
 0001:0002b517       ??1NodeAllocator@Gu@physx@@QEAA@XZ 000000018002c517 f   PhysXCommon_64:PhysXCommon_64.dll
 0001:0002b51d       __imp_load_?release@NodeAllocator@Gu@physx@@QEAAXXZ 000000018002c51d f   PhysXCommon_64:PhysXCommon_64.dll
 0001:0002b529       ?release@NodeAllocator@Gu@physx@@QEAAXXZ 000000018002c529 f   PhysXCommon_64:PhysXCommon_64.dll
 0001:0002b52f       __imp_load_?buildAABBTree@Gu@physx@@YA_NAEAVAABBTreeBuildParams@12@AEAVNodeAllocator@12@AEAUBuildStats@12@AEAPEAI@Z 000000018002c52f f   PhysXCommon_64:PhysXCommon_64.dll
 0001:0002b53b       ?buildAABBTree@Gu@physx@@YA_NAEAVAABBTreeBuildParams@12@AEAVNodeAllocator@12@AEAUBuildStats@12@AEAPEAI@Z 000000018002c53b f   PhysXCommon_64:PhysXCommon_64.dll
 0001:0002b541       __imp_load_?writeDword@physx@@YAXI_NAEAVPxOutputStream@1@@Z 000000018002c541 f   PhysXCommon_64:PhysXCommon_64.dll
 0001:0002b54d       ?writeDword@physx@@YAXI_NAEAVPxOutputStream@1@@Z 000000018002c54d f   PhysXCommon_64:PhysXCommon_64.dll
 0001:0002b553       __imp_load_?writeFloatBuffer@physx@@YAXPEBMI_NAEAVPxOutputStream@1@@Z 000000018002c553 f   PhysXCommon_64:PhysXCommon_64.dll
 0001:0002b55f       ?writeFloatBuffer@physx@@YAXPEBMI_NAEAVPxOutputStream@1@@Z 000000018002c55f f   PhysXCommon_64:PhysXCommon_64.dll
 0001:0002b565       __imp_load_?writeHeader@physx@@YA_NCCCCI_NAEAVPxOutputStream@1@@Z 000000018002c565 f   PhysXCommon_64:PhysXCommon_64.dll
 0001:0002b571       ?writeHeader@physx@@YA_NCCCCI_NAEAVPxOutputStream@1@@Z 000000018002c571 f   PhysXCommon_64:PhysXCommon_64.dll
 0001:0002b577       __imp_load_?writeWord@physx@@YAXG_NAEAVPxOutputStream@1@@Z 000000018002c577 f   PhysXCommon_64:PhysXCommon_64.dll
 0001:0002b583       ?writeWord@physx@@YAXG_NAEAVPxOutputStream@1@@Z 000000018002c583 f   PhysXCommon_64:PhysXCommon_64.dll
 0001:0002b589       __imp_load_?writeFloat@physx@@YAXM_NAEAVPxOutputStream@1@@Z 000000018002c589 f   PhysXCommon_64:PhysXCommon_64.dll
 0001:0002b595       ?writeFloat@physx@@YAXM_NAEAVPxOutputStream@1@@Z 000000018002c595 f   PhysXCommon_64:PhysXCommon_64.dll
 0001:0002b59b       __imp_load_?computeBoundsAroundVertices@Gu@physx@@YAXAEAVPxBounds3@2@IPEIBVPxVec3@2@@Z 000000018002c59b f   PhysXCommon_64:PhysXCommon_64.dll
 0001:0002b5a7       ?computeBoundsAroundVertices@Gu@physx@@YAXAEAVPxBounds3@2@IPEIBVPxVec3@2@@Z 000000018002c5a7 f   PhysXCommon_64:PhysXCommon_64.dll
 0001:0002b5ad       __imp_load_??0SourceMesh@Gu@physx@@QEAA@XZ 000000018002c5ad f   PhysXCommon_64:PhysXCommon_64.dll
 0001:0002b5b9       ??0SourceMesh@Gu@physx@@QEAA@XZ 000000018002c5b9 f   PhysXCommon_64:PhysXCommon_64.dll
 0001:0002b5bf       __imp_load_??1SourceMesh@Gu@physx@@QEAA@XZ 000000018002c5bf f   PhysXCommon_64:PhysXCommon_64.dll
 0001:0002b5cb       ??1SourceMesh@Gu@physx@@QEAA@XZ 000000018002c5cb f   PhysXCommon_64:PhysXCommon_64.dll
 0001:0002b5d1       __imp_load_??0BV4Tree@Gu@physx@@QEAA@XZ 000000018002c5d1 f   PhysXCommon_64:PhysXCommon_64.dll
 0001:0002b5dd       ??0BV4Tree@Gu@physx@@QEAA@XZ 000000018002c5dd f   PhysXCommon_64:PhysXCommon_64.dll
 0001:0002b5e3       __imp_load_??1BV4Tree@Gu@physx@@QEAA@XZ 000000018002c5e3 f   PhysXCommon_64:PhysXCommon_64.dll
 0001:0002b5ef       ??1BV4Tree@Gu@physx@@QEAA@XZ 000000018002c5ef f   PhysXCommon_64:PhysXCommon_64.dll
 0001:0002b5f5       __imp_load_??0BV32Tree@Gu@physx@@QEAA@XZ 000000018002c5f5 f   PhysXCommon_64:PhysXCommon_64.dll
 0001:0002b601       ??0BV32Tree@Gu@physx@@QEAA@XZ 000000018002c601 f   PhysXCommon_64:PhysXCommon_64.dll
 0001:0002b607       __imp_load_??1BV32Tree@Gu@physx@@QEAA@XZ 000000018002c607 f   PhysXCommon_64:PhysXCommon_64.dll
 0001:0002b613       ??1BV32Tree@Gu@physx@@QEAA@XZ 000000018002c613 f   PhysXCommon_64:PhysXCommon_64.dll
 0001:0002b619       __imp_load_?writeWordBuffer@physx@@YAXPEBGI_NAEAVPxOutputStream@1@@Z 000000018002c619 f   PhysXCommon_64:PhysXCommon_64.dll
 0001:0002b625       ?writeWordBuffer@physx@@YAXPEBGI_NAEAVPxOutputStream@1@@Z 000000018002c625 f   PhysXCommon_64:PhysXCommon_64.dll
 0001:0002b62b       __imp_load_?computeMaxIndex@physx@@YAIPEBII@Z 000000018002c62b f   PhysXCommon_64:PhysXCommon_64.dll
 0001:0002b637       ?computeMaxIndex@physx@@YAIPEBII@Z 000000018002c637 f   PhysXCommon_64:PhysXCommon_64.dll
 0001:0002b63d       __imp_load_?storeIndices@physx@@YAXIIPEBIAEAVPxOutputStream@1@_N@Z 000000018002c63d f   PhysXCommon_64:PhysXCommon_64.dll
 0001:0002b649       ?storeIndices@physx@@YAXIIPEBIAEAVPxOutputStream@1@_N@Z 000000018002c649 f   PhysXCommon_64:PhysXCommon_64.dll
 0001:0002b64f       __imp_load_?BuildBV4Ex@Gu@physx@@YA_NAEAVBV4Tree@12@AEAVSourceMesh@12@MI@Z 000000018002c64f f   PhysXCommon_64:PhysXCommon_64.dll
 0001:0002b65b       ?BuildBV4Ex@Gu@physx@@YA_NAEAVBV4Tree@12@AEAVSourceMesh@12@MI@Z 000000018002c65b f   PhysXCommon_64:PhysXCommon_64.dll
 0001:0002b661       __imp_load_?BuildBV32Ex@Gu@physx@@YA_NAEAVBV32Tree@12@AEAVSourceMesh@12@MI@Z 000000018002c661 f   PhysXCommon_64:PhysXCommon_64.dll
 0001:0002b66d       ?BuildBV32Ex@Gu@physx@@YA_NAEAVBV32Tree@12@AEAVSourceMesh@12@MI@Z 000000018002c66d f   PhysXCommon_64:PhysXCommon_64.dll
 0001:0002b673       __imp_load_?computeMaxIndex@physx@@YAGPEBGI@Z 000000018002c673 f   PhysXCommon_64:PhysXCommon_64.dll
 0001:0002b67f       ?computeMaxIndex@physx@@YAGPEBGI@Z 000000018002c67f f   PhysXCommon_64:PhysXCommon_64.dll
 0001:0002b685       __imp_load_?WriteHeader@Gu@physx@@YA_NEEEEI_NAEAVPxOutputStream@2@@Z 000000018002c685 f   PhysXCommon_64:PhysXCommon_64.dll
 0001:0002b691       ?WriteHeader@Gu@physx@@YA_NEEEEI_NAEAVPxOutputStream@2@@Z 000000018002c691 f   PhysXCommon_64:PhysXCommon_64.dll
 0001:0002b697       __imp_load_?StoreIndices@Gu@physx@@YAXGIPEBGAEAVPxOutputStream@2@_N@Z 000000018002c697 f   PhysXCommon_64:PhysXCommon_64.dll
 0001:0002b6a3       ?StoreIndices@Gu@physx@@YAXGIPEBGAEAVPxOutputStream@2@_N@Z 000000018002c6a3 f   PhysXCommon_64:PhysXCommon_64.dll
 0001:0002b6a9       __imp_load_?CreateOffsets@BigConvexData@physx@@IEAAXXZ 000000018002c6a9 f   PhysXCommon_64:PhysXCommon_64.dll
 0001:0002b6b5       ?CreateOffsets@BigConvexData@physx@@IEAAXXZ 000000018002c6b5 f   PhysXCommon_64:PhysXCommon_64.dll
 0001:0002b6bb       __imp_load_?computeOBBPoints@Gu@physx@@YAXPEIAVPxVec3@2@AEBV32@1111@Z 000000018002c6bb f   PhysXCommon_64:PhysXCommon_64.dll
 0001:0002b6c7       ?computeOBBPoints@Gu@physx@@YAXPEIAVPxVec3@2@AEBV32@1111@Z 000000018002c6c7 f   PhysXCommon_64:PhysXCommon_64.dll
 0001:0002b6cd       __imp_load_??0BigConvexData@physx@@QEAA@XZ 000000018002c6cd f   PhysXCommon_64:PhysXCommon_64.dll
 0001:0002b6d9       ??0BigConvexData@physx@@QEAA@XZ 000000018002c6d9 f   PhysXCommon_64:PhysXCommon_64.dll
 0001:0002b6df       __imp_load_??1BigConvexData@physx@@QEAA@XZ 000000018002c6df f   PhysXCommon_64:PhysXCommon_64.dll
 0001:0002b6eb       ??1BigConvexData@physx@@QEAA@XZ 000000018002c6eb f   PhysXCommon_64:PhysXCommon_64.dll
 0001:0002b6f1       __imp_load_PxGetFoundation 000000018002c6f1 f   PhysXFoundation_64:PhysXFoundation_64.dll
[...]
 0004:00001c5c       $pdata$?postMergeHull@QuickHull@local@@IEAAXXZ 000000018003bc5c     QuickHullConvexHullLib.obj
 0004:00001c68       $pdata$4$?postMergeHull@QuickHull@local@@IEAAXXZ 000000018003bc68     QuickHullConvexHullLib.obj
 0004:00001c74       $pdata$5$?postMergeHull@QuickHull@local@@IEAAXXZ 000000018003bc74     QuickHullConvexHullLib.obj
 0004:00001c80       $pdata$6$?postMergeHull@QuickHull@local@@IEAAXXZ 000000018003bc80     QuickHullConvexHullLib.obj
 0004:00001c8c       $pdata$?canMergeFaces@QuickHull@local@@IEAA_NAEBUQuickHullHalfEdge@2@@Z 000000018003bc8c     QuickHullConvexHullLib.obj
 0004:00001c98       $pdata$??1?$MemBlock@UQuickHullFace@local@@$00@local@@QEAA@XZ 000000018003bc98     QuickHullConvexHullLib.obj
 0004:00001ca4       $pdata$0$??1?$MemBlock@UQuickHullFace@local@@$00@local@@QEAA@XZ 000000018003bca4     QuickHullConvexHullLib.obj
 0004:00001cb0       $pdata$1$??1?$MemBlock@UQuickHullFace@local@@$00@local@@QEAA@XZ 000000018003bcb0     QuickHullConvexHullLib.obj
 0004:00001cbc       $pdata$2$??1?$MemBlock@UQuickHullFace@local@@$00@local@@QEAA@XZ 000000018003bcbc     QuickHullConvexHullLib.obj
 0004:00001cc8       $pdata$3$??1?$MemBlock@UQuickHullFace@local@@$00@local@@QEAA@XZ 000000018003bcc8     QuickHullConvexHullLib.obj
 0004:00001cd4       $pdata$??1?$MemBlock@UQuickHullHalfEdge@local@@$0A@@local@@QEAA@XZ 000000018003bcd4     QuickHullConvexHullLib.obj
 0004:00001ce0       $pdata$0$??1?$MemBlock@UQuickHullHalfEdge@local@@$0A@@local@@QEAA@XZ 000000018003bce0     QuickHullConvexHullLib.obj
 0004:00001cec       $pdata$1$??1?$MemBlock@UQuickHullHalfEdge@local@@$0A@@local@@QEAA@XZ 000000018003bcec     QuickHullConvexHullLib.obj
 0004:00001cf8       $pdata$2$??1?$MemBlock@UQuickHullHalfEdge@local@@$0A@@local@@QEAA@XZ 000000018003bcf8     QuickHullConvexHullLib.obj
 0004:00001d04       $pdata$3$??1?$MemBlock@UQuickHullHalfEdge@local@@$0A@@local@@QEAA@XZ 000000018003bd04     QuickHullConvexHullLib.obj
 0004:00001d10       $pdata$??_GConvexHull@physx@@QEAAPEAXI@Z 000000018003bd10     QuickHullConvexHullLib.obj
 0004:00001d1c       $pdata$??_GQuickHullConvexHullLib@physx@@UEAAPEAXI@Z 000000018003bd1c     QuickHullConvexHullLib.obj
 0004:00001d28       $pdata$??__G@YAXPEAX0_K1P6APEAX00@Z@Z 000000018003bd28     QuickHullConvexHullLib.obj
 0004:00001d34       $pdata$0$??__G@YAXPEAX0_K1P6APEAX00@Z@Z 000000018003bd34     QuickHullConvexHullLib.obj
 0004:00001d40       $pdata$1$??__G@YAXPEAX0_K1P6APEAX00@Z@Z 000000018003bd40     QuickHullConvexHullLib.obj
 0004:00001d4c       $pdata$?allocate@?$Array@PEAUQuickHullFace@local@@V?$ReflectionAllocator@PEAUQuickHullFace@local@@@shdfnd@physx@@@shdfnd@physx@@IEAAPEAPEAUQuickHullFace@local@@I@Z 000000018003bd4c     QuickHullConvexHullLib.obj
 0004:00001d58       $pdata$1$?allocate@?$Array@PEAUQuickHullFace@local@@V?$ReflectionAllocator@PEAUQuickHullFace@local@@@shdfnd@physx@@@shdfnd@physx@@IEAAPEAPEAUQuickHullFace@local@@I@Z 000000018003bd58     QuickHullConvexHullLib.obj
 0004:00001d64       $pdata$3$?allocate@?$Array@PEAUQuickHullFace@local@@V?$ReflectionAllocator@PEAUQuickHullFace@local@@@shdfnd@physx@@@shdfnd@physx@@IEAAPEAPEAUQuickHullFace@local@@I@Z 000000018003bd64     QuickHullConvexHullLib.obj
 0004:00001d70       $pdata$4$?allocate@?$Array@PEAUQuickHullFace@local@@V?$ReflectionAllocator@PEAUQuickHullFace@local@@@shdfnd@physx@@@shdfnd@physx@@IEAAPEAPEAUQuickHullFace@local@@I@Z 000000018003bd70     QuickHullConvexHullLib.obj
 0004:00001d7c       $pdata$?allocate@?$Array@PEAUQuickHullHalfEdge@local@@V?$ReflectionAllocator@PEAUQuickHullHalfEdge@local@@@shdfnd@physx@@@shdfnd@physx@@IEAAPEAPEAUQuickHullHalfEdge@local@@I@Z 000000018003bd7c     QuickHullConvexHullLib.obj
 0004:00001d88       $pdata$1$?allocate@?$Array@PEAUQuickHullHalfEdge@local@@V?$ReflectionAllocator@PEAUQuickHullHalfEdge@local@@@shdfnd@physx@@@shdfnd@physx@@IEAAPEAPEAUQuickHullHalfEdge@local@@I@Z 000000018003bd88     QuickHullConvexHullLib.obj
 0004:00001d94       $pdata$3$?allocate@?$Array@PEAUQuickHullHalfEdge@local@@V?$ReflectionAllocator@PEAUQuickHullHalfEdge@local@@@shdfnd@physx@@@shdfnd@physx@@IEAAPEAPEAUQuickHullHalfEdge@local@@I@Z 000000018003bd94     QuickHullConvexHullLib.obj
 0004:00001da0       $pdata$4$?allocate@?$Array@PEAUQuickHullHalfEdge@local@@V?$ReflectionAllocator@PEAUQuickHullHalfEdge@local@@@shdfnd@physx@@@shdfnd@physx@@IEAAPEAPEAUQuickHullHalfEdge@local@@I@Z 000000018003bda0     QuickHullConvexHullLib.obj
 0004:00001dac       $pdata$?allocate@?$Array@PEAUQuickHullVertex@local@@V?$ReflectionAllocator@PEAUQuickHullVertex@local@@@shdfnd@physx@@@shdfnd@physx@@IEAAPEAPEAUQuickHullVertex@local@@I@Z 000000018003bdac     QuickHullConvexHullLib.obj
 0004:00001db8       $pdata$1$?allocate@?$Array@PEAUQuickHullVertex@local@@V?$ReflectionAllocator@PEAUQuickHullVertex@local@@@shdfnd@physx@@@shdfnd@physx@@IEAAPEAPEAUQuickHullVertex@local@@I@Z 000000018003bdb8     QuickHullConvexHullLib.obj
 0004:00001dc4       $pdata$3$?allocate@?$Array@PEAUQuickHullVertex@local@@V?$ReflectionAllocator@PEAUQuickHullVertex@local@@@shdfnd@physx@@@shdfnd@physx@@IEAAPEAPEAUQuickHullVertex@local@@I@Z 000000018003bdc4     QuickHullConvexHullLib.obj
 0004:00001dd0       $pdata$4$?allocate@?$Array@PEAUQuickHullVertex@local@@V?$ReflectionAllocator@PEAUQuickHullVertex@local@@@shdfnd@physx@@@shdfnd@physx@@IEAAPEAPEAUQuickHullVertex@local@@I@Z 000000018003bdd0     QuickHullConvexHullLib.obj
 0004:00001ddc       $pdata$?allocate@?$Array@UExpandPoint@local@@V?$ReflectionAllocator@UExpandPoint@local@@@shdfnd@physx@@@shdfnd@physx@@IEAAPEAUExpandPoint@local@@I@Z 000000018003bddc     QuickHullConvexHullLib.obj
 0004:00001de8       $pdata$1$?allocate@?$Array@UExpandPoint@local@@V?$ReflectionAllocator@UExpandPoint@local@@@shdfnd@physx@@@shdfnd@physx@@IEAAPEAUExpandPoint@local@@I@Z 000000018003bde8     QuickHullConvexHullLib.obj
 0004:00001df4       $pdata$3$?allocate@?$Array@UExpandPoint@local@@V?$ReflectionAllocator@UExpandPoint@local@@@shdfnd@physx@@@shdfnd@physx@@IEAAPEAUExpandPoint@local@@I@Z 000000018003bdf4     QuickHullConvexHullLib.obj
 0004:00001e00       $pdata$4$?allocate@?$Array@UExpandPoint@local@@V?$ReflectionAllocator@UExpandPoint@local@@@shdfnd@physx@@@shdfnd@physx@@IEAAPEAUExpandPoint@local@@I@Z 000000018003be00     QuickHullConvexHullLib.obj
 0004:00001e0c       $pdata$?getFreeItem@?$MemBlock@UQuickHullFace@local@@$00@local@@QEAAPEAUQuickHullFace@2@XZ 000000018003be0c     QuickHullConvexHullLib.obj
 0004:00001e18       $pdata$?getFreeItem@?$MemBlock@UQuickHullHalfEdge@local@@$0A@@local@@QEAAPEAUQuickHullHalfEdge@2@XZ 000000018003be18     QuickHullConvexHullLib.obj
 0004:00001e24       $pdata$?growAndPushBack@?$Array@PEAUQuickHullFace@local@@V?$ReflectionAllocator@PEAUQuickHullFace@local@@@shdfnd@physx@@@shdfnd@physx@@IEAAAEAPEAUQuickHullFace@local@@AEBQEAU45@@Z 000000018003be24     QuickHullConvexHullLib.obj
 0004:00001e30       $pdata$?growAndPushBack@?$Array@PEAUQuickHullHalfEdge@local@@V?$ReflectionAllocator@PEAUQuickHullHalfEdge@local@@@shdfnd@physx@@@shdfnd@physx@@IEAAAEAPEAUQuickHullHalfEdge@local@@AEBQEAU45@@Z 000000018003be30     QuickHullConvexHullLib.obj
 0004:00001e3c       $pdata$?growAndPushBack@?$Array@PEAUQuickHullVertex@local@@V?$ReflectionAllocator@PEAUQuickHullVertex@local@@@shdfnd@physx@@@shdfnd@physx@@IEAAAEAPEAUQuickHullVertex@local@@AEBQEAU45@@Z 000000018003be3c     QuickHullConvexHullLib.obj
 0004:00001e48       $pdata$?growAndPushBack@?$Array@UExpandPoint@local@@V?$ReflectionAllocator@UExpandPoint@local@@@shdfnd@physx@@@shdfnd@physx@@IEAAAEAUExpandPoint@local@@AEBU45@@Z 000000018003be48     QuickHullConvexHullLib.obj
 0004:00001e54       $pdata$?init@?$MemBlock@UQuickHullFace@local@@$00@local@@QEAAXI@Z 000000018003be54     QuickHullConvexHullLib.obj
 0004:00001e60       $pdata$?init@?$MemBlock@UQuickHullHalfEdge@local@@$0A@@local@@QEAAXI@Z 000000018003be60     QuickHullConvexHullLib.obj
 0004:00001e6c       $pdata$?recreate@?$Array@PEAUQuickHullFace@local@@V?$ReflectionAllocator@PEAUQuickHullFace@local@@@shdfnd@physx@@@shdfnd@physx@@IEAAXI@Z 000000018003be6c     QuickHullConvexHullLib.obj
 0004:00001e78       $pdata$?recreate@?$Array@PEAUQuickHullHalfEdge@local@@V?$ReflectionAllocator@PEAUQuickHullHalfEdge@local@@@shdfnd@physx@@@shdfnd@physx@@IEAAXI@Z 000000018003be78     QuickHullConvexHullLib.obj
 0004:00001e84       $pdata$?recreate@?$Array@PEAUQuickHullVertex@local@@V?$ReflectionAllocator@PEAUQuickHullVertex@local@@@shdfnd@physx@@@shdfnd@physx@@IEAAXI@Z 000000018003be84     QuickHullConvexHullLib.obj
 0004:00001e90       $pdata$?recreate@?$Array@UExpandPoint@local@@V?$ReflectionAllocator@UExpandPoint@local@@@shdfnd@physx@@@shdfnd@physx@@IEAAXI@Z 000000018003be90     QuickHullConvexHullLib.obj
 0004:00001e9c       $pdata$?computeVolumeIntegrals@physx@@YA_NAEBVPxSimpleTriangleMesh@1@MAEAUPxIntegrals@1@@Z 000000018003be9c     VolumeIntegration.obj
 0004:00001ea8       $pdata$?computeVolumeIntegralsEberly@physx@@YA_NAEBVPxConvexMeshDesc@1@MAEAUPxIntegrals@1@AEBVPxVec3@1@@Z 000000018003bea8     VolumeIntegration.obj
 0004:00001eb4       $pdata$?computeVolumeIntegralsEberlySIMD@physx@@YA_NAEBVPxConvexMeshDesc@1@MAEAUPxIntegrals@1@AEBVPxVec3@1@@Z 000000018003beb4     VolumeIntegration.obj
 0004:00001ec0       $pdata$?computeFaceIntegrals@VolumeIntegrator@?A0xd3066bd9@physx@@AEAAXAEBUFace@123@@Z 000000018003bec0     VolumeIntegration.obj
 0004:00001ecc       $pdata$?computeProjectionIntegrals@VolumeIntegrator@?A0xd3066bd9@physx@@AEAAXAEBUFace@123@@Z 000000018003becc     VolumeIntegration.obj
 0004:00001ed8       $pdata$?computeVolumeIntegrals@VolumeIntegrator@?A0xd3066bd9@physx@@QEAA_NAEAUPxIntegrals@3@@Z 000000018003bed8     VolumeIntegration.obj
 0004:00001ee4       $pdata$?computeVolumeIntegrals@VolumeIntegratorEberly@?A0xd3066bd9@physx@@QEAA_NAEAUPxIntegrals@3@AEBVPxVec3@3@@Z 000000018003bee4     VolumeIntegration.obj
 0004:00001ef0       $pdata$0$?computeVolumeIntegrals@VolumeIntegratorEberly@?A0xd3066bd9@physx@@QEAA_NAEAUPxIntegrals@3@AEBVPxVec3@3@@Z 000000018003bef0     VolumeIntegration.obj
 0004:00001efc       $pdata$6$?computeVolumeIntegrals@VolumeIntegratorEberly@?A0xd3066bd9@physx@@QEAA_NAEAUPxIntegrals@3@AEBVPxVec3@3@@Z 000000018003befc     VolumeIntegration.obj
 0004:00001f08       $pdata$7$?computeVolumeIntegrals@VolumeIntegratorEberly@?A0xd3066bd9@physx@@QEAA_NAEAUPxIntegrals@3@AEBVPxVec3@3@@Z 000000018003bf08     VolumeIntegration.obj
 0004:00001f14       $pdata$8$?computeVolumeIntegrals@VolumeIntegratorEberly@?A0xd3066bd9@physx@@QEAA_NAEAUPxIntegrals@3@AEBVPxVec3@3@@Z 000000018003bf14     VolumeIntegration.obj
 0004:00001f20       $pdata$?computeVolumeIntegralsSIMD@VolumeIntegratorEberly@?A0xd3066bd9@physx@@QEAA_NAEAUPxIntegrals@3@AEBVPxVec3@3@@Z 000000018003bf20     VolumeIntegration.obj
 0004:00001f2c       $pdata$0$?computeVolumeIntegralsSIMD@VolumeIntegratorEberly@?A0xd3066bd9@physx@@QEAA_NAEAUPxIntegrals@3@AEBVPxVec3@3@@Z 000000018003bf2c     VolumeIntegration.obj
 0004:00001f38       $pdata$2$?computeVolumeIntegralsSIMD@VolumeIntegratorEberly@?A0xd3066bd9@physx@@QEAA_NAEAUPxIntegrals@3@AEBVPxVec3@3@@Z 000000018003bf38     VolumeIntegration.obj
 0004:00001f44       $pdata$3$?computeVolumeIntegralsSIMD@VolumeIntegratorEberly@?A0xd3066bd9@physx@@QEAA_NAEAUPxIntegrals@3@AEBVPxVec3@3@@Z 000000018003bf44     VolumeIntegration.obj
 0004:00001f50       $pdata$4$?computeVolumeIntegralsSIMD@VolumeIntegratorEberly@?A0xd3066bd9@physx@@QEAA_NAEAUPxIntegrals@3@AEBVPxVec3@3@@Z 000000018003bf50     VolumeIntegration.obj
 0004:00001f5c       $pdata$?delayHook@@YAP6A_JXZIPEAUDelayLoadInfo@@@Z 000000018003bf5c     WindowsCookingDelayLoadHook.obj
 0004:00001f68       $pdata$1$?delayHook@@YAP6A_JXZIPEAUDelayLoadInfo@@@Z 000000018003bf68     WindowsCookingDelayLoadHook.obj
 0004:00001f74       $pdata$3$?delayHook@@YAP6A_JXZIPEAUDelayLoadInfo@@@Z 000000018003bf74     WindowsCookingDelayLoadHook.obj
 0004:00001f80       $pdata$5$?delayHook@@YAP6A_JXZIPEAUDelayLoadInfo@@@Z 000000018003bf80     WindowsCookingDelayLoadHook.obj
 0004:00001f8c       $pdata$6$?delayHook@@YAP6A_JXZIPEAUDelayLoadInfo@@@Z 000000018003bf8c     WindowsCookingDelayLoadHook.obj
 0004:00001fb0       $pdata$?DloadAcquireSectionWriteAccess@@YAXXZ 000000018003bfb0     Delayimp:delayhlp.obj
 0004:00001fbc       $pdata$?DloadGetSRWLockFunctionPointers@@YAEXZ 000000018003bfbc     Delayimp:delayhlp.obj
 0004:00001fc8       $pdata$?DloadLock@@YAXXZ   000000018003bfc8     Delayimp:delayhlp.obj
 0004:00001fd4       $pdata$?DloadMakePermanentImageCommit@@YAXPEAX_K@Z 000000018003bfd4     Delayimp:delayhlp.obj
 0004:00001fe0       $pdata$?DloadObtainSection@@YAPEAXPEAK0@Z 000000018003bfe0     Delayimp:delayhlp.obj
 0004:00001fec       $pdata$?DloadProtectSection@@YAXKPEAK@Z 000000018003bfec     Delayimp:delayhlp.obj
 0004:00001ff8       $pdata$?DloadReleaseSectionWriteAccess@@YAXXZ 000000018003bff8     Delayimp:delayhlp.obj
 0004:00002004       $pdata$?DloadUnlock@@YAXXZ 000000018003c004     Delayimp:delayhlp.obj
 0004:00002010       $pdata$?PiddFromDllName@@YAPEBUImgDelayDescr@@PEBD@Z 000000018003c010     Delayimp:delayhlp.obj
 0004:0000201c       $pdata$__FUnloadDelayLoadedDLL2 000000018003c01c     Delayimp:delayhlp.obj
 0004:00002028       $pdata$__HrLoadAllImportsForDll 000000018003c028     Delayimp:delayhlp.obj
 0004:00002034       $pdata$__delayLoadHelper2  000000018003c034     Delayimp:delayhlp.obj
 0004:00002040       $pdata$??_Gtype_info@@UEAAPEAXI@Z 000000018003c040     MSVCRT:std_type_info_static.obj
 0004:00002058       $pdata$?dllmain_crt_dispatch@@YAHQEAUHINSTANCE__@@KQEAX@Z 000000018003c058     MSVCRT:dll_dllmain.obj
 0004:00002064       $pdata$?dllmain_crt_process_attach@@YAHQEAUHINSTANCE__@@QEAX@Z 000000018003c064     MSVCRT:dll_dllmain.obj
 0004:00002070       $pdata$?dllmain_crt_process_detach@@YAH_N@Z 000000018003c070     MSVCRT:dll_dllmain.obj
 0004:0000207c       $pdata$?dllmain_dispatch@@YAHQEAUHINSTANCE__@@KQEAX@Z 000000018003c07c     MSVCRT:dll_dllmain.obj
 0004:00002088       $pdata$?dllmain_raw@@YAHQEAUHINSTANCE__@@KQEAX@Z 000000018003c088     MSVCRT:dll_dllmain.obj
 0004:00002094       $pdata$_DllMainCRTStartup  000000018003c094     MSVCRT:dll_dllmain.obj
 0004:000020ac       $pdata$__get_entropy       000000018003c0ac     MSVCRT:gs_support.obj
 0004:000020b8       $pdata$__security_init_cookie 000000018003c0b8     MSVCRT:gs_support.obj
 0004:000020c4       $pdata$DllMain             000000018003c0c4     MSVCRT:dll_dllmain_stub.obj
 0004:000020d0       $pdata$__scrt_initialize_default_local_stdio_options 000000018003c0d0     MSVCRT:default_local_stdio_options.obj
 0004:000020dc       $pdata$?configure_argv@__scrt_narrow_argv_policy@@SAHXZ 000000018003c0dc     MSVCRT:utility.obj
 0004:000020e8       $pdata$__scrt_acquire_startup_lock 000000018003c0e8     MSVCRT:utility.obj
 0004:000020f4       $pdata$__scrt_dllmain_after_initialize_c 000000018003c0f4     MSVCRT:utility.obj
 0004:00002100       $pdata$__scrt_dllmain_before_initialize_c 000000018003c100     MSVCRT:utility.obj
 0004:0000210c       $pdata$__scrt_dllmain_crt_thread_attach 000000018003c10c     MSVCRT:utility.obj
 0004:00002118       $pdata$__scrt_dllmain_crt_thread_detach 000000018003c118     MSVCRT:utility.obj
 0004:00002124       $pdata$__scrt_dllmain_exception_filter 000000018003c124     MSVCRT:utility.obj
 0004:00002130       $pdata$__scrt_dllmain_uninitialize_c 000000018003c130     MSVCRT:utility.obj
 0004:0000213c       $pdata$__scrt_dllmain_uninitialize_critical 000000018003c13c     MSVCRT:utility.obj
 0004:00002148       $pdata$__scrt_initialize_crt 000000018003c148     MSVCRT:utility.obj
 0004:00002154       $pdata$__scrt_initialize_onexit_tables 000000018003c154     MSVCRT:utility.obj
 0004:00002160       $pdata$__scrt_is_nonwritable_in_current_image 000000018003c160     MSVCRT:utility.obj
 0004:0000216c       $pdata$__scrt_release_startup_lock 000000018003c16c     MSVCRT:utility.obj
 0004:00002178       $pdata$__scrt_uninitialize_crt 000000018003c178     MSVCRT:utility.obj
 0004:00002184       $pdata$_onexit             000000018003c184     MSVCRT:utility.obj
 0004:00002190       $pdata$atexit              000000018003c190     MSVCRT:utility.obj
 0004:0000219c       $pdata$__scrt_fastfail     000000018003c19c     MSVCRT:utility_desktop.obj
 0004:000021a8       $pdata$__scrt_get_show_window_mode 000000018003c1a8     MSVCRT:utility_desktop.obj
 0004:000021b4       $pdata$__scrt_is_managed_app 000000018003c1b4     MSVCRT:utility_desktop.obj
 0004:000021c0       $pdata$__scrt_unhandled_exception_filter 000000018003c1c0     MSVCRT:utility_desktop.obj
 0004:000021cc       $pdata$_RTC_Initialize     000000018003c1cc     MSVCRT:_initsect_.obj
 0004:000021d8       $pdata$_RTC_Terminate      000000018003c1d8     MSVCRT:_initsect_.obj
 0004:000021e4       $pdata$__isa_available_init 000000018003c1e4     MSVCRT:_cpu_disp_.obj
 0004:0000222c       $pdata$?fin$0@?0??dllmain_crt_process_attach@@YAHQEAUHINSTANCE__@@QEAX@Z@4HA 000000018003c22c     MSVCRT:dll_dllmain.obj
 0004:00002238       $pdata$?fin$0@?0??dllmain_crt_process_detach@@YAH_N@Z@4HA 000000018003c238     MSVCRT:dll_dllmain.obj
 0004:00002244       $pdata$?filt$0@?0??dllmain_dispatch@@YAHQEAUHINSTANCE__@@KQEAX@Z@4HA 000000018003c244     MSVCRT:dll_dllmain.obj
 0004:00002250       $pdata$__scrt_is_nonwritable_in_current_image$filt$0 000000018003c250     MSVCRT:utility.obj
 0005:00000000       __spec_table               000000018003d000     MSVCRT:_svml_ssinf4_sse2_.obj
 0005:00000560       MMSA7                      000000018003d560     MSVCRT:_svml_ssinf4_sse2_.obj
 0005:00000570       MMSA3                      000000018003d570     MSVCRT:_svml_ssinf4_sse2_.obj
 0005:00000580       MMSA5                      000000018003d580     MSVCRT:_svml_ssinf4_sse2_.obj
 0005:00000590       MMSA9                      000000018003d590     MSVCRT:_svml_ssinf4_sse2_.obj
 0005:000005a0       MMSPI3                     000000018003d5a0     MSVCRT:_svml_ssinf4_sse2_.obj
 0005:000005b0       MMSPI4                     000000018003d5b0     MSVCRT:_svml_ssinf4_sse2_.obj
 0005:000005c0       MMSPI2                     000000018003d5c0     MSVCRT:_svml_ssinf4_sse2_.obj
 0005:000005d0       MMSPI1                     000000018003d5d0     MSVCRT:_svml_ssinf4_sse2_.obj
 0005:000005e0       MMIHUGE                    000000018003d5e0     MSVCRT:_svml_ssinf4_sse2_.obj
 0005:000005f0       MMSINVPI                   000000018003d5f0     MSVCRT:_svml_ssinf4_sse2_.obj
 0005:00000600       MMIABSMASK                 000000018003d600     MSVCRT:_svml_ssinf4_sse2_.obj
 0005:00000610       dbSignMask                 000000018003d610     MSVCRT:_svml_ssinf4_sse2_.obj
 0005:00000620       PI02C_4                    000000018003d620     MSVCRT:_svml_ssinf4_sse2_.obj
 0005:00000630       PI02C_3                    000000018003d630     MSVCRT:_svml_ssinf4_sse2_.obj
 0005:00000640       PI02C_2                    000000018003d640     MSVCRT:_svml_ssinf4_sse2_.obj
 0005:00000650       PI02C_1                    000000018003d650     MSVCRT:_svml_ssinf4_sse2_.obj
 0005:00000660       PI02C_0                    000000018003d660     MSVCRT:_svml_ssinf4_sse2_.obj
 0005:00000670       dbRS                       000000018003d670     MSVCRT:_svml_ssinf4_sse2_.obj
 0005:00000680       MSK_LOW_BIT                000000018003d680     MSVCRT:_svml_ssinf4_sse2_.obj
 0005:00000690       dbiOne                     000000018003d690     MSVCRT:_svml_ssinf4_sse2_.obj
 0005:000006a0       dbInvPio2                  000000018003d6a0     MSVCRT:_svml_ssinf4_sse2_.obj
 0005:000006b0       flAllOnes                  000000018003d6b0     MSVCRT:_svml_ssinf4_sse2_.obj
 0005:000006c0       flTwoPow30                 000000018003d6c0     MSVCRT:_svml_ssinf4_sse2_.obj
 0005:000006d0       MMISIGNMASK                000000018003d6d0     MSVCRT:_svml_ssinf4_sse2_.obj
 0006:000000a0       $R000000                   000000018003e0a0     PhysXCooking.res
 0006:000003d0       $R000330                   000000018003e3d0     PhysXCooking.res
