 PhysX3CommonCHECKED_x64

 Timestamp is 5917815b (Sat May 13 23:57:47 2017)

 Preferred load address is 0000000180000000

 Start         Length     Name                   Class
 0001:00000000 0000f9c0H .text$di                CODE
 0001:0000f9c0 00200ef0H .text$mn                CODE
 0001:002108b0 00001020H .text$mn$00             CODE
 0001:002118d0 000017ceH .text$x                 CODE
 0002:00000000 00000110H .CRT$XCA                DATA
 0002:00000110 00001cc8H .CRT$XCU                DATA
 0002:00001dd8 00000110H .CRT$XCZ                DATA
 0002:00001ee8 00000110H .CRT$XIA                DATA
 0002:00001ff8 00000130H .CRT$XIC                DATA
 0002:00002128 00000110H .CRT$XIZ                DATA
 0002:00002238 00000110H .CRT$XPA                DATA
 0002:00002348 00000120H .CRT$XPX                DATA
 0002:00002468 00000110H .CRT$XPXA               DATA
 0002:00002578 00000110H .CRT$XPZ                DATA
 0002:00002688 00000110H .CRT$XTA                DATA
 0002:00002798 00000118H .CRT$XTZ                DATA
 0002:000028b0 000122b8H .rdata                  DATA
 0002:00014b68 000004ecH .rdata$r                DATA
 0002:00015054 0000018cH .rdata$zzzdbg           DATA
 0002:000151e0 00000110H .rtc$IAA                DATA
 0002:000152f0 00000110H .rtc$IZZ                DATA
 0002:00015400 00000110H .rtc$TAA                DATA
 0002:00015510 00000110H .rtc$TZZ                DATA
 0002:00015620 000162b0H .xdata                  DATA
 0002:0002b8d0 0000c6efH .edata                  DATA
 0003:00000000 00001918H .data                   DATA
 0003:00001918 00000618H .data$r                 DATA
 0003:00001f30 000056e1H .bss                    DATA
 0004:00000000 0000bc88H .pdata                  DATA
 0005:00000000 000003b8H .idata$5                DATA
 0005:000003b8 00000014H .idata$2                DATA
 0005:000003cc 00000014H .idata$3                DATA
 0005:000003e0 000003b8H .idata$4                DATA
 0005:00000798 00000871H .idata$6                DATA
 0006:00000000 00000020H .didat$2                DATA
 0006:00000020 00000020H .didat$3                DATA
 0006:00000040 00000128H .didat$4                DATA
 0006:00000168 00000128H .didat$5                DATA
 0006:00000290 00000590H .didat$6                DATA
 0006:00000820 000001caH .didat$7                DATA
 0007:00000000 00000220H .gfids$x                DATA
 0007:00000220 000001a5H .gfids$y                DATA
 0008:00000000 0000011bH .00cfg                  DATA
 0009:00000000 000001c0H .rsrc$01                DATA
 0009:000001c0 000006a9H .rsrc$02                DATA

  Address         Publics by Value              Rva+Base               Lib:Object

 0000:00000000       __dynamic_value_reloc_table 0000000000000000     <absolute>
 0000:00000000       ___safe_se_handler_count   0000000000000000     <absolute>
 0000:00000000       __guard_fids_table         0000000000000000     <absolute>
 0000:00000000       __guard_iat_count          0000000000000000     <absolute>
 0000:00000000       __guard_iat_table          0000000000000000     <absolute>
 0000:00000000       __guard_longjmp_count      0000000000000000     <absolute>
 0000:00000000       __guard_fids_count         0000000000000000     <absolute>
 0000:00000000       __guard_longjmp_table      0000000000000000     <absolute>
 0000:00000000       ___safe_se_handler_table   0000000000000000     <absolute>
 0000:00000100       __guard_flags              0000000000000100     <absolute>
 0000:00000000       __ImageBase                0000000180000000     <linker-defined>
 0001:0000f9c0       PxSetPhysXCommonDelayLoadHook 00000001800109c0 f   CmWindowsDelayLoadHook.obj
 0001:0000f9d0       ?delayHook@@YAP6A_JXZIPEAUDelayLoadInfo@@@Z 00000001800109d0 f   CmWindowsDelayLoadHook.obj
 0001:0000fa30       ?foundationDliNotePreLoadLibrary@shdfnd@physx@@YAP6A_JXZPEBDPEBVPxFoundationDelayLoadHook@2@@Z 0000000180010a30 f i CmWindowsDelayLoadHook.obj
 0001:0000fb50       ?physXCommonDliNotePreLoadLibrary@Cm@physx@@YAP6A_JXZPEBDPEBVPxDelayLoadHook@2@@Z 0000000180010b50 f i CmWindowsDelayLoadHook.obj
 0001:0000fd90       ??0CmModuleUpdateLoader@Cm@physx@@QEAA@PEBD@Z 0000000180010d90 f   CmWindowsModuleUpdateLoader.obj
 0001:0000fde0       ??1CmModuleUpdateLoader@Cm@physx@@QEAA@XZ 0000000180010de0 f   CmWindowsModuleUpdateLoader.obj
 0001:0000fe10       ?LoadModule@CmModuleUpdateLoader@Cm@physx@@QEAAPEAUHINSTANCE__@@PEBD0@Z 0000000180010e10 f   CmWindowsModuleUpdateLoader.obj
 0001:0000fe60       ??0Allocator@shdfnd@physx@@QEAA@PEBD@Z 0000000180010e60 f i CmWindowsModuleUpdateLoader.obj
 0001:0000fe70       ??0PxFoundation@physx@@QEAA@AEBV01@@Z 0000000180010e70 f i CmWindowsModuleUpdateLoader.obj
 0001:0000fe90       ??0PxFoundation@physx@@QEAA@XZ 0000000180010e90 f i CmWindowsModuleUpdateLoader.obj
 0001:0000feb0       ??1PxFoundation@physx@@MEAA@XZ 0000000180010eb0 f i CmWindowsModuleUpdateLoader.obj
 0001:0000fec0       ??4Allocator@shdfnd@physx@@QEAAAEAV012@$$QEAV012@@Z 0000000180010ec0 f i CmWindowsModuleUpdateLoader.obj
 0001:0000fed0       ??4Allocator@shdfnd@physx@@QEAAAEAV012@AEBV012@@Z 0000000180010ed0 f i CmWindowsModuleUpdateLoader.obj
 0001:0000fee0       ??4CmModuleUpdateLoader@Cm@physx@@QEAAAEAV012@AEBV012@@Z 0000000180010ee0 f i CmWindowsModuleUpdateLoader.obj
 0001:0000fef0       ??4MutexImpl@shdfnd@physx@@QEAAAEAV012@AEBV012@@Z 0000000180010ef0 f i CmWindowsModuleUpdateLoader.obj
 0001:0000ff00       ??4PxFoundation@physx@@QEAAAEAV01@AEBV01@@Z 0000000180010f00 f i CmWindowsModuleUpdateLoader.obj
 0001:0000ff10       ??_EPxFoundation@physx@@MEAAPEAXI@Z 0000000180010f10 f i CmWindowsModuleUpdateLoader.obj
 0001:0000ffc0       ??_FAllocator@shdfnd@physx@@QEAAXXZ 0000000180010fc0 f i CmWindowsModuleUpdateLoader.obj
 0001:0000ffd0       ??_FNamedAllocator@shdfnd@physx@@QEAAXXZ 0000000180010fd0 f i CmWindowsModuleUpdateLoader.obj
 0001:0000ffe0       ??_GPxFoundation@physx@@MEAAPEAXI@Z 0000000180010fe0 f i CmWindowsModuleUpdateLoader.obj
 0001:00010020       ??_I@YAXPEAX_K1P6AX0@Z@Z   0000000180011020 f i CmWindowsModuleUpdateLoader.obj
 0001:00010090       ?__empty_global_delete@@YAXPEAX@Z 0000000180011090 f i CmWindowsModuleUpdateLoader.obj
 0001:000100a0       ?__empty_global_delete@@YAXPEAX_K@Z 00000001800110a0 f i CmWindowsModuleUpdateLoader.obj
 0001:000100b0       ?getAllocator@Foundation@shdfnd@physx@@QEAAAEAVPxAllocatorCallback@3@XZ 00000001800110b0 f i CmWindowsModuleUpdateLoader.obj
 0001:000100c0       ?getAllocatorCallback@Foundation@shdfnd@physx@@UEAAAEAVPxAllocatorCallback@3@XZ 00000001800110c0 f i CmWindowsModuleUpdateLoader.obj
 0001:000100d0       ?getErrorCallback@Foundation@shdfnd@physx@@UEAAAEAVPxErrorCallback@3@XZ 00000001800110d0 f i CmWindowsModuleUpdateLoader.obj
 0001:000100e0       ?getErrorLevel@Foundation@shdfnd@physx@@UEBA?AW4Enum@PxErrorCode@3@XZ 00000001800110e0 f i CmWindowsModuleUpdateLoader.obj
 0001:000100f0       ?getInternalErrorCallback@Foundation@shdfnd@physx@@QEAAAEAVPxErrorCallback@3@XZ 00000001800110f0 f i CmWindowsModuleUpdateLoader.obj
 0001:00010100       ?getNamedAllocMap@Foundation@shdfnd@physx@@QEAAAEAV?$HashMap@PEBVNamedAllocator@shdfnd@physx@@PEBDU?$Hash@PEBVNamedAllocator@shdfnd@physx@@@23@VNonTrackingAllocator@23@@23@XZ 0000000180011100 f i CmWindowsModuleUpdateLoader.obj
 0001:00010110       ?getNamedAllocMutex@Foundation@shdfnd@physx@@QEAAAEAV?$MutexT@VAllocator@shdfnd@physx@@@23@XZ 0000000180011110 f i CmWindowsModuleUpdateLoader.obj
 0001:00010120       ?getReportAllocationNames@Foundation@shdfnd@physx@@UEBA_NXZ 0000000180011120 f i CmWindowsModuleUpdateLoader.obj
 0001:00010130       ?getTempAllocFreeTable@Foundation@shdfnd@physx@@QEAAAEAV?$Array@PEATTempAllocatorChunk@shdfnd@physx@@VAllocator@23@@23@XZ 0000000180011130 f i CmWindowsModuleUpdateLoader.obj
 0001:00010140       ?getTempAllocMutex@Foundation@shdfnd@physx@@QEAAAEAV?$MutexT@VAllocator@shdfnd@physx@@@23@XZ 0000000180011140 f i CmWindowsModuleUpdateLoader.obj
 0001:00010150       ?setErrorLevel@Foundation@shdfnd@physx@@UEAAXW4Enum@PxErrorCode@3@@Z 0000000180011150 f i CmWindowsModuleUpdateLoader.obj
 0001:00010160       ?setReportAllocationNames@Foundation@shdfnd@physx@@UEAAX_N@Z 0000000180011160 f i CmWindowsModuleUpdateLoader.obj
 0001:00010170       ?CompleteBoxPruning@Cm@physx@@YA_NPEBVPxBounds3@2@IAEAV?$Array@IVNamedAllocator@shdfnd@physx@@@shdfnd@2@AEBVAxes@Gu@2@@Z 0000000180011170 f   CmBoxPruning.obj
 0001:00010480       ?BipartiteBoxPruning@Cm@physx@@YA_NPEBVPxBounds3@2@I0IAEAV?$Array@IVNamedAllocator@shdfnd@physx@@@shdfnd@2@AEBVAxes@Gu@2@@Z 0000000180011480 f   CmBoxPruning.obj
 0001:00010ce0       ?GetNbHits@RadixSort@Cm@physx@@QEBAIXZ 0000000180011ce0 f i CmBoxPruning.obj
 0001:00010cf0       ?GetNbTotalCalls@RadixSort@Cm@physx@@QEBAIXZ 0000000180011cf0 f i CmBoxPruning.obj
 0001:00010d00       ?GetRanks@RadixSort@Cm@physx@@QEBAPEBIXZ 0000000180011d00 f i CmBoxPruning.obj
 0001:00010d10       ?GetRecyclable@RadixSort@Cm@physx@@QEBAPEAIXZ 0000000180011d10 f i CmBoxPruning.obj
 0001:00010d20       ?growAndPushBack@?$Array@IVNamedAllocator@shdfnd@physx@@@shdfnd@physx@@IEAAAEAIAEBI@Z 0000000180011d20 f i CmBoxPruning.obj
 0001:00010e30       ?PxCreateCollection@@YAPEAVPxCollection@physx@@XZ 0000000180011e30 f   CmCollection.obj
 0001:00010eb0       ?add@Collection@Cm@physx@@UEAAXAEAVPxBase@3@_K@Z 0000000180011eb0 f   CmCollection.obj
 0001:00010fb0       ?remove@Collection@Cm@physx@@UEAAXAEAVPxBase@3@@Z 0000000180011fb0 f   CmCollection.obj
 0001:00011100       ?contains@Collection@Cm@physx@@UEBA_NAEAVPxBase@3@@Z 0000000180012100 f   CmCollection.obj
 0001:000111c0       ?addId@Collection@Cm@physx@@UEAAXAEAVPxBase@3@_K@Z 00000001800121c0 f   CmCollection.obj
 0001:000113b0       ?removeId@Collection@Cm@physx@@UEAAX_K@Z 00000001800123b0 f   CmCollection.obj
 0001:000114a0       ?find@Collection@Cm@physx@@UEBAPEAVPxBase@3@_K@Z 00000001800124a0 f   CmCollection.obj
 0001:00011510       ?add@Collection@Cm@physx@@UEAAXAEAVPxCollection@3@@Z 0000000180012510 f   CmCollection.obj
 0001:00011750       ?remove@Collection@Cm@physx@@UEAAXAEAVPxCollection@3@@Z 0000000180012750 f   CmCollection.obj
 0001:00011820       ?getNbObjects@Collection@Cm@physx@@UEBAIXZ 0000000180012820 f   CmCollection.obj
 0001:00011830       ?getObject@Collection@Cm@physx@@UEBAAEAVPxBase@3@I@Z 0000000180012830 f   CmCollection.obj
 0001:00011850       ?getObjects@Collection@Cm@physx@@UEBAIPEAPEAVPxBase@3@II@Z 0000000180012850 f   CmCollection.obj
 0001:000118f0       ?getNbIds@Collection@Cm@physx@@UEBAIXZ 00000001800128f0 f   CmCollection.obj
 0001:00011900       ?getId@Collection@Cm@physx@@UEBA_KAEBVPxBase@3@@Z 0000000180012900 f   CmCollection.obj
 0001:000119c0       ?getIds@Collection@Cm@physx@@UEBAIPEA_KII@Z 00000001800129c0 f   CmCollection.obj
 0001:00011e00       ??0Collection@Cm@physx@@QEAA@XZ 0000000180012e00 f i CmCollection.obj
 0001:00011eb0       ??1PxCollection@physx@@MEAA@XZ 0000000180012eb0 f i CmCollection.obj
 0001:00011ec0       ??_ECollection@Cm@physx@@UEAAPEAXI@Z 0000000180012ec0 f i CmCollection.obj
 0001:00011ec0       ??_GCollection@Cm@physx@@UEAAPEAXI@Z 0000000180012ec0 f i CmCollection.obj
 0001:00011f90       ??_EPxCollection@physx@@MEAAPEAXI@Z 0000000180012f90 f i CmCollection.obj
 0001:00011f90       ??_GPxCollection@physx@@MEAAPEAXI@Z 0000000180012f90 f i CmCollection.obj
 0001:00011fd0       ?create@?$HashBase@V?$Pair@$$CB_KPEAVPxBase@physx@@@shdfnd@physx@@_KU?$Hash@_K@23@UGetKey@?$HashMapBase@_KPEAVPxBase@physx@@U?$Hash@_K@shdfnd@2@VNonTrackingAllocator@42@@internal@23@VNonTrackingAllocator@23@$00@internal@shdfnd@physx@@QEAAPEAV?$Pair@$$CB_KPEAVPxBase@physx@@@34@AEB_KAEA_N@Z 0000000180012fd0 f i CmCollection.obj
 0001:000121d0       ?create@?$HashBase@V?$Pair@QEAVPxBase@physx@@_K@shdfnd@physx@@PEAVPxBase@3@U?$Hash@PEAVPxBase@physx@@@23@UGetKey@?$HashMapBase@PEAVPxBase@physx@@_KU?$Hash@PEAVPxBase@physx@@@shdfnd@2@VNonTrackingAllocator@42@@internal@23@VNonTrackingAllocator@23@$00@internal@shdfnd@physx@@QEAAPEAV?$Pair@QEAVPxBase@physx@@_K@34@AEBQEAVPxBase@4@AEA_N@Z 00000001800131d0 f i CmCollection.obj
 0001:000123d0       ?erase@?$HashBase@V?$Pair@$$CB_KPEAVPxBase@physx@@@shdfnd@physx@@_KU?$Hash@_K@23@UGetKey@?$HashMapBase@_KPEAVPxBase@physx@@U?$Hash@_K@shdfnd@2@VNonTrackingAllocator@42@@internal@23@VNonTrackingAllocator@23@$00@internal@shdfnd@physx@@QEAA_NAEB_K@Z 00000001800133d0 f i CmCollection.obj
 0001:000124f0       ?erase@?$HashBase@V?$Pair@QEAVPxBase@physx@@_K@shdfnd@physx@@PEAVPxBase@3@U?$Hash@PEAVPxBase@physx@@@23@UGetKey@?$HashMapBase@PEAVPxBase@physx@@_KU?$Hash@PEAVPxBase@physx@@@shdfnd@2@VNonTrackingAllocator@42@@internal@23@VNonTrackingAllocator@23@$00@internal@shdfnd@physx@@QEAA_NAEBQEAVPxBase@4@@Z 00000001800134f0 f i CmCollection.obj
 0001:00012610       ?find@?$HashBase@V?$Pair@$$CB_KPEAVPxBase@physx@@@shdfnd@physx@@_KU?$Hash@_K@23@UGetKey@?$HashMapBase@_KPEAVPxBase@physx@@U?$Hash@_K@shdfnd@2@VNonTrackingAllocator@42@@internal@23@VNonTrackingAllocator@23@$00@internal@shdfnd@physx@@QEBAPEBV?$Pair@$$CB_KPEAVPxBase@physx@@@34@AEB_K@Z 0000000180013610 f i CmCollection.obj
 0001:000126f0       ?find@?$HashBase@V?$Pair@QEAVPxBase@physx@@_K@shdfnd@physx@@PEAVPxBase@3@U?$Hash@PEAVPxBase@physx@@@23@UGetKey@?$HashMapBase@PEAVPxBase@physx@@_KU?$Hash@PEAVPxBase@physx@@@shdfnd@2@VNonTrackingAllocator@42@@internal@23@VNonTrackingAllocator@23@$00@internal@shdfnd@physx@@QEBAPEBV?$Pair@QEAVPxBase@physx@@_K@34@AEBQEAVPxBase@4@@Z 00000001800136f0 f i CmCollection.obj
 0001:000127d0       ?insert@?$HashMapBase@_KPEAVPxBase@physx@@U?$Hash@_K@shdfnd@2@VNonTrackingAllocator@42@@internal@shdfnd@physx@@QEAA_N_KQEAVPxBase@4@@Z 00000001800137d0 f i CmCollection.obj
 0001:00012830       ?release@Collection@Cm@physx@@UEAAXXZ 0000000180013830 f i CmCollection.obj
 0001:00012850       ?replaceWithLast@?$HashBase@V?$Pair@$$CB_KPEAVPxBase@physx@@@shdfnd@physx@@_KU?$Hash@_K@23@UGetKey@?$HashMapBase@_KPEAVPxBase@physx@@U?$Hash@_K@shdfnd@2@VNonTrackingAllocator@42@@internal@23@VNonTrackingAllocator@23@$00@internal@shdfnd@physx@@AEAAXI@Z 0000000180013850 f i CmCollection.obj
 0001:00012980       ?replaceWithLast@?$HashBase@V?$Pair@QEAVPxBase@physx@@_K@shdfnd@physx@@PEAVPxBase@3@U?$Hash@PEAVPxBase@physx@@@23@UGetKey@?$HashMapBase@PEAVPxBase@physx@@_KU?$Hash@PEAVPxBase@physx@@@shdfnd@2@VNonTrackingAllocator@42@@internal@23@VNonTrackingAllocator@23@$00@internal@shdfnd@physx@@AEAAXI@Z 0000000180013980 f i CmCollection.obj
 0001:00012ab0       ?reserveInternal@?$HashBase@V?$Pair@$$CB_KPEAVPxBase@physx@@@shdfnd@physx@@_KU?$Hash@_K@23@UGetKey@?$HashMapBase@_KPEAVPxBase@physx@@U?$Hash@_K@shdfnd@2@VNonTrackingAllocator@42@@internal@23@VNonTrackingAllocator@23@$00@internal@shdfnd@physx@@AEAAXI@Z 0000000180013ab0 f i CmCollection.obj
 0001:00012d20       ?reserveInternal@?$HashBase@V?$Pair@QEAVPxBase@physx@@_K@shdfnd@physx@@PEAVPxBase@3@U?$Hash@PEAVPxBase@physx@@@23@UGetKey@?$HashMapBase@PEAVPxBase@physx@@_KU?$Hash@PEAVPxBase@physx@@@shdfnd@2@VNonTrackingAllocator@42@@internal@23@VNonTrackingAllocator@23@$00@internal@shdfnd@physx@@AEAAXI@Z 0000000180013d20 f i CmCollection.obj
 0001:00012f90       ?PxTransformFromPlaneEquation@physx@@YA?AVPxTransform@1@AEBVPxPlane@1@@Z 0000000180013f90 f   CmMathUtils.obj
 0001:00013150       ?PxTransformFromSegment@physx@@YA?AVPxTransform@1@AEBVPxVec3@1@0PEAM@Z 0000000180014150 f   CmMathUtils.obj
 0001:00013380       ??0PtrTable@Cm@physx@@QEAA@XZ 0000000180014380 f   CmPtrTable.obj
 0001:000133a0       ??1PtrTable@Cm@physx@@QEAA@XZ 00000001800143a0 f   CmPtrTable.obj
 0001:000133b0       ?add@PtrTable@Cm@physx@@QEAAXPEAXAEAVPtrTableStorageManager@23@@Z 00000001800143b0 f   CmPtrTable.obj
 0001:00013490       ?replaceWithLast@PtrTable@Cm@physx@@QEAAXIAEAVPtrTableStorageManager@23@@Z 0000000180014490 f   CmPtrTable.obj
 0001:00013590       ?clear@PtrTable@Cm@physx@@QEAAXAEAVPtrTableStorageManager@23@@Z 0000000180014590 f   CmPtrTable.obj
 0001:00013610       ?find@PtrTable@Cm@physx@@QEBAIPEBX@Z 0000000180014610 f   CmPtrTable.obj
 0001:00013640       ?exportExtraData@PtrTable@Cm@physx@@QEAAXAEAVPxSerializationContext@3@@Z 0000000180014640 f   CmPtrTable.obj
 0001:00013690       ?importExtraData@PtrTable@Cm@physx@@QEAAXAEAVPxDeserializationContext@3@@Z 0000000180014690 f   CmPtrTable.obj
 0001:000136c0       ?getBinaryMetaData@PtrTable@Cm@physx@@SAXAEAVPxOutputStream@3@@Z 00000001800146c0 f   CmPtrTable.obj
 0001:00013880       ?realloc@PtrTable@Cm@physx@@AEAAXIIAEAVPtrTableStorageManager@23@@Z 0000000180014880 f   CmPtrTable.obj
 0001:00013a80       ??0PtrTable@Cm@physx@@QEAA@W4PxEMPTY@2@@Z 0000000180014a80 f i CmPtrTable.obj
 0001:00013ab0       ??4PtrTable@Cm@physx@@QEAAAEAU012@AEBU012@@Z 0000000180014ab0 f i CmPtrTable.obj
 0001:00013ac0       ?getCount@PtrTable@Cm@physx@@QEBAIXZ 0000000180014ac0 f i CmPtrTable.obj
 0001:00013ad0       ?getPtrs@PtrTable@Cm@physx@@QEAAPEAPEAXXZ 0000000180014ad0 f i CmPtrTable.obj
 0001:00013af0       ?getPtrs@PtrTable@Cm@physx@@QEBAPEBQEAXXZ 0000000180014af0 f i CmPtrTable.obj
 0001:00013b10       ??0RadixSort@Cm@physx@@QEAA@XZ 0000000180014b10 f   CmRadixSort.obj
 0001:00013b50       ??1RadixSort@Cm@physx@@UEAA@XZ 0000000180014b50 f   CmRadixSort.obj
 0001:00013b70       ?Sort@RadixSort@Cm@physx@@QEAAAEAV123@PEBIIW4RadixHint@23@@Z 0000000180014b70 f   CmRadixSort.obj
 0001:00014190       ?Sort@RadixSort@Cm@physx@@QEAAAEAV123@PEBMI@Z 0000000180015190 f   CmRadixSort.obj
 0001:00014850       ?SetBuffers@RadixSort@Cm@physx@@QEAA_NPEAI00PEAPEAI@Z 0000000180015850 f   CmRadixSort.obj
 0001:00014bf0       ??_ERadixSort@Cm@physx@@UEAAPEAXI@Z 0000000180015bf0 f i CmRadixSort.obj
 0001:00014ca0       ??_GRadixSort@Cm@physx@@UEAAPEAXI@Z 0000000180015ca0 f i CmRadixSort.obj
 0001:00014ce0       ??0RadixSortBuffered@Cm@physx@@QEAA@XZ 0000000180015ce0 f   CmRadixSortBuffered.obj
 0001:00014d10       ??1RadixSortBuffered@Cm@physx@@UEAA@XZ 0000000180015d10 f   CmRadixSortBuffered.obj
 0001:00014d90       ?Sort@RadixSortBuffered@Cm@physx@@QEAAAEAV123@PEBIIW4RadixHint@23@@Z 0000000180015d90 f   CmRadixSortBuffered.obj
 0001:00014e30       ?Sort@RadixSortBuffered@Cm@physx@@QEAAAEAV123@PEBMI@Z 0000000180015e30 f   CmRadixSortBuffered.obj
 0001:00014ec0       ?Resize@RadixSortBuffered@Cm@physx@@AEAA_NI@Z 0000000180015ec0 f   CmRadixSortBuffered.obj
 0001:00015060       ??_ERadixSortBuffered@Cm@physx@@UEAAPEAXI@Z 0000000180016060 f i CmRadixSortBuffered.obj
 0001:000151b0       ??_GRadixSortBuffered@Cm@physx@@UEAAPEAXI@Z 00000001800161b0 f i CmRadixSortBuffered.obj
 0001:00015200       ?CheckResize@RadixSortBuffered@Cm@physx@@AEAAXI@Z 0000000180016200 f i CmRadixSortBuffered.obj
 0001:00015250       ??6RenderOutput@Cm@physx@@QEAAAEAV012@W4Primitive@012@@Z 0000000180016250 f   CmRenderOutput.obj
 0001:00015270       ??6RenderOutput@Cm@physx@@QEAAAEAV012@I@Z 0000000180016270 f   CmRenderOutput.obj
 0001:00015280       ??6RenderOutput@Cm@physx@@QEAAAEAV012@AEBVPxMat44@2@@Z 0000000180016280 f   CmRenderOutput.obj
 0001:000152f0       ??6RenderOutput@Cm@physx@@QEAAAEAV012@AEBVPxTransform@2@@Z 00000001800162f0 f   CmRenderOutput.obj
 0001:00015380       ??6RenderOutput@Cm@physx@@QEAAAEAV012@VPxVec3@2@@Z 0000000180016380 f   CmRenderOutput.obj
 0001:00015850       ??6RenderOutput@Cm@physx@@QEAAAEAV012@AEBUDebugText@12@@Z 0000000180016850 f   CmRenderOutput.obj
 0001:00015a20       ?outputCapsule@RenderOutput@Cm@physx@@QEAAAEAV123@MMAEBVPxMat44@3@@Z 0000000180016a20 f   CmRenderOutput.obj
 0001:000165b0       ??0DebugText@Cm@physx@@QEAA@AEBVPxVec3@2@MPEBDZZ 00000001800175b0 f   CmRenderOutput.obj
 0001:00016610       ??6Cm@physx@@YAAEAVRenderOutput@01@AEAV201@AEBUDebugBox@01@@Z 0000000180017610 f   CmRenderOutput.obj
 0001:00016b10       ??6Cm@physx@@YAAEAVRenderOutput@01@AEAV201@AEBUDebugArrow@01@@Z 0000000180017b10 f   CmRenderOutput.obj
 0001:00016f00       ??6Cm@physx@@YAAEAVRenderOutput@01@AEAV201@AEBUDebugBasis@01@@Z 0000000180017f00 f   CmRenderOutput.obj
 0001:00017000       ??6Cm@physx@@YAAEAVRenderOutput@01@AEAV201@AEBUDebugCircle@01@@Z 0000000180018000 f   CmRenderOutput.obj
 0001:000170f0       ??6Cm@physx@@YAAEAVRenderOutput@01@AEAV201@AEBUDebugArc@01@@Z 00000001800180f0 f   CmRenderOutput.obj
 0001:000179e0       ??$__vcrt_va_start_verify_argument_type@PEBD@@YAXXZ 00000001800189e0 f i CmRenderOutput.obj
 0001:000179f0       ??0DebugText@Cm@physx@@QEAA@$$QEAU012@@Z 00000001800189f0 f i CmRenderOutput.obj
 0001:00017b10       ??0DebugText@Cm@physx@@QEAA@AEBU012@@Z 0000000180018b10 f i CmRenderOutput.obj
 0001:00017c30       ??0PxMat44@physx@@QEAA@AEBVPxTransform@1@@Z 0000000180018c30 f i CmRenderOutput.obj
 0001:00017e40       ??0RenderOutput@Cm@physx@@QEAA@AEAVRenderBuffer@12@@Z 0000000180018e40 f i CmRenderOutput.obj
 0001:00017eb0       ??0RenderOutput@Cm@physx@@QEAA@AEBV012@@Z 0000000180018eb0 f i CmRenderOutput.obj
 0001:00017f80       ??4DebugText@Cm@physx@@QEAAAEAU012@$$QEAU012@@Z 0000000180018f80 f i CmRenderOutput.obj
 0001:00018010       ??4DebugText@Cm@physx@@QEAAAEAU012@AEBU012@@Z 0000000180019010 f i CmRenderOutput.obj
 0001:000180a0       ?copy@?$Array@UPxDebugLine@physx@@VNamedAllocator@shdfnd@2@@shdfnd@physx@@KAXPEAUPxDebugLine@3@0PEBU43@@Z 00000001800190a0 f i CmRenderOutput.obj
 0001:000182b0       ?copy@?$Array@UPxDebugPoint@physx@@VNamedAllocator@shdfnd@2@@shdfnd@physx@@KAXPEAUPxDebugPoint@3@0PEBU43@@Z 00000001800192b0 f i CmRenderOutput.obj
 0001:00018420       ?copy@?$Array@UPxDebugText@physx@@VNamedAllocator@shdfnd@2@@shdfnd@physx@@KAXPEAUPxDebugText@3@0PEBU43@@Z 0000000180019420 f i CmRenderOutput.obj
 0001:000185f0       ?copy@?$Array@UPxDebugTriangle@physx@@VNamedAllocator@shdfnd@2@@shdfnd@physx@@KAXPEAUPxDebugTriangle@3@0PEBU43@@Z 00000001800195f0 f i CmRenderOutput.obj
 0001:000188c0       ?growAndPushBack@?$Array@DVNamedAllocator@shdfnd@physx@@@shdfnd@physx@@IEAAAEADAEBD@Z 00000001800198c0 f i CmRenderOutput.obj
 0001:000189d0       ?growAndPushBack@?$Array@UPxDebugLine@physx@@VNamedAllocator@shdfnd@2@@shdfnd@physx@@IEAAAEAUPxDebugLine@3@AEBU43@@Z 00000001800199d0 f i CmRenderOutput.obj
 0001:00018b10       ?growAndPushBack@?$Array@UPxDebugPoint@physx@@VNamedAllocator@shdfnd@2@@shdfnd@physx@@IEAAAEAUPxDebugPoint@3@AEBU43@@Z 0000000180019b10 f i CmRenderOutput.obj
 0001:00018c30       ?growAndPushBack@?$Array@UPxDebugText@physx@@VNamedAllocator@shdfnd@2@@shdfnd@physx@@IEAAAEAUPxDebugText@3@AEBU43@@Z 0000000180019c30 f i CmRenderOutput.obj
 0001:00018d60       ?growAndPushBack@?$Array@UPxDebugTriangle@physx@@VNamedAllocator@shdfnd@2@@shdfnd@physx@@IEAAAEAUPxDebugTriangle@3@AEBU43@@Z 0000000180019d60 f i CmRenderOutput.obj
 0001:00018ed0       ?outputSegment@RenderOutput@Cm@physx@@QEAAXAEBVPxVec3@3@0@Z 0000000180019ed0 f i CmRenderOutput.obj
 0001:00018fc0       ?recreate@?$Array@DVNamedAllocator@shdfnd@physx@@@shdfnd@physx@@IEAAXI@Z 0000000180019fc0 f i CmRenderOutput.obj
 0001:00019090       ?recreate@?$Array@UPxDebugLine@physx@@VNamedAllocator@shdfnd@2@@shdfnd@physx@@IEAAXI@Z 000000018001a090 f i CmRenderOutput.obj
 0001:00019150       ?reserveSegments@RenderOutput@Cm@physx@@QEAAPEAUPxDebugLine@3@I@Z 000000018001a150 f i CmRenderOutput.obj
 0001:000191c0       ?transform@PxMat44@physx@@QEBA?BVPxVec4@2@AEBV32@@Z 000000018001a1c0 f i CmRenderOutput.obj
 0001:00019380       ?visualizeJointFrames@Cm@physx@@YAXAEAVRenderOutput@12@MAEBVPxTransform@2@1@Z 000000018001a380 f   CmVisualization.obj
 0001:00019450       ?visualizeLinearLimit@Cm@physx@@YAXAEAVRenderOutput@12@MAEBVPxTransform@2@1M_N@Z 000000018001a450 f   CmVisualization.obj
 0001:000196a0       ?visualizeAngularLimit@Cm@physx@@YAXAEAVRenderOutput@12@MAEBVPxTransform@2@MM_N@Z 000000018001a6a0 f   CmVisualization.obj
 0001:00019890       ?visualizeLimitCone@Cm@physx@@YAXAEAVRenderOutput@12@MAEBVPxTransform@2@MM_N@Z 000000018001a890 f   CmVisualization.obj
 0001:00019bb0       ?visualizeDoubleCone@Cm@physx@@YAXAEAVRenderOutput@12@MAEBVPxTransform@2@M_N@Z 000000018001abb0 f   CmVisualization.obj
 0001:0001a0c0       ??DPxQuat@physx@@QEBA?AV01@AEBV01@@Z 000000018001b0c0 f i CmVisualization.obj
 0001:0001a240       ?contactBoxBox@Gu@physx@@YA_NAEBVGeometryUnion@12@0AEBVPxTransform@2@1AEBUNarrowPhaseParams@12@AEAUCache@12@AEAVContactBuffer@12@PEAVRenderOutput@Cm@2@@Z 000000018001b240 f   GuContactBoxBox.obj
 0001:0001a5f0       ??0Box@Gu@physx@@QEAA@AEBV012@@Z 000000018001b5f0 f i GuContactBoxBox.obj
 0001:0001a670       ??0Box@Gu@physx@@QEAA@AEBVPxVec3@2@0AEBVPxMat33@2@@Z 000000018001b670 f i GuContactBoxBox.obj
 0001:0001a6f0       ??0Box@Gu@physx@@QEAA@XZ   000000018001b6f0 f i GuContactBoxBox.obj
 0001:0001a700       ??0GeometryUnion@Gu@physx@@QEAA@AEBVPxGeometry@2@@Z 000000018001b700 f i GuContactBoxBox.obj
 0001:0001a720       ??0GeometryUnion@Gu@physx@@QEAA@W4PxEMPTY@2@@Z 000000018001b720 f i GuContactBoxBox.obj
 0001:0001a730       ??0GeometryUnion@Gu@physx@@QEAA@XZ 000000018001b730 f i GuContactBoxBox.obj
 0001:0001a740       ??0MaterialIndicesStruct@physx@@QEAA@W4PxEMPTY@1@@Z 000000018001b740 f i GuContactBoxBox.obj
 0001:0001a750       ??0MaterialIndicesStruct@physx@@QEAA@XZ 000000018001b750 f i GuContactBoxBox.obj
 0001:0001a760       ??0PxQuat@physx@@QEAA@AEBVPxMat33@1@@Z 000000018001b760 f i GuContactBoxBox.obj
 0001:0001a9e0       ??0PxVec3@physx@@QEAA@XZ   000000018001b9e0 f i GuContactBoxBox.obj
 0001:0001a9f0       ??0VertexInfo@@QEAA@XZ     000000018001b9f0 f i GuContactBoxBox.obj
 0001:0001aa00       ??1Box@Gu@physx@@QEAA@XZ   000000018001ba00 f i GuContactBoxBox.obj
 0001:0001aa10       ??1MaterialIndicesStruct@physx@@QEAA@XZ 000000018001ba10 f i GuContactBoxBox.obj
 0001:0001aa20       ??1PxBase@physx@@MEAA@XZ   000000018001ba20 f i GuContactBoxBox.obj
 0001:0001aa30       ??1PxConvexMesh@physx@@MEAA@XZ 000000018001ba30 f i GuContactBoxBox.obj
 0001:0001aa40       ??4Box@Gu@physx@@QEAAAEBV012@AEBV012@@Z 000000018001ba40 f i GuContactBoxBox.obj
 0001:0001aac0       ??4GeometryUnion@Gu@physx@@QEAAAEAV012@$$QEAV012@@Z 000000018001bac0 f i GuContactBoxBox.obj
 0001:0001ab00       ??4GeometryUnion@Gu@physx@@QEAAAEAV012@AEBV012@@Z 000000018001bb00 f i GuContactBoxBox.obj
 0001:0001ab40       ??4MaterialIndicesStruct@physx@@QEAAAEAU01@AEBU01@@Z 000000018001bb40 f i GuContactBoxBox.obj
 0001:0001ab50       ??_GPxBase@physx@@MEAAPEAXI@Z 000000018001bb50 f i GuContactBoxBox.obj
 0001:0001ab50       ??_EPxBase@physx@@MEAAPEAXI@Z 000000018001bb50 f i GuContactBoxBox.obj
 0001:0001ab90       ??_H@YAXPEAX_K1P6APEAX0@Z@Z 000000018001bb90 f i GuContactBoxBox.obj
 0001:0001abf0       ?allocate@MaterialIndicesStruct@physx@@QEAAXG@Z 000000018001bbf0 f i GuContactBoxBox.obj
 0001:0001ac70       ?computeAABBExtent@Box@Gu@physx@@QEBA?AVPxVec3@3@XZ 000000018001bc70 f i GuContactBoxBox.obj
 0001:0001ad60       ?computeBoxPoints@Box@Gu@physx@@QEBAXPEIAVPxVec3@3@@Z 000000018001bd60 f i GuContactBoxBox.obj
 0001:0001ada0       ?deallocate@MaterialIndicesStruct@physx@@QEAAXXZ 000000018001bda0 f i GuContactBoxBox.obj
 0001:0001e310       ?getConcreteTypeName@PxConvexMesh@physx@@UEBAPEBDXZ 000000018001f310 f i GuContactBoxBox.obj
 0001:0001e320       ?getGeometry@GeometryUnion@Gu@physx@@QEBAAEBVPxGeometry@3@XZ 000000018001f320 f i GuContactBoxBox.obj
 0001:0001e330       ?getTransform@Box@Gu@physx@@QEBA?AVPxTransform@3@XZ 000000018001f330 f i GuContactBoxBox.obj
 0001:0001e3a0       ?getType@GeometryUnion@Gu@physx@@QEBA?AW4Enum@PxGeometryType@3@XZ 000000018001f3a0 f i GuContactBoxBox.obj
 0001:0001e3b0       ?isKindOf@PxBase@physx@@MEBA_NPEBD@Z 000000018001f3b0 f i GuContactBoxBox.obj
 0001:0001e3f0       ?isKindOf@PxConvexMesh@physx@@MEBA_NPEBD@Z 000000018001f3f0 f i GuContactBoxBox.obj
 0001:0001e450       ?isReleasable@PxBase@physx@@UEBA_NXZ 000000018001f450 f i GuContactBoxBox.obj
 0001:0001e460       ?isValid@Box@Gu@physx@@QEBA_NXZ 000000018001f460 f i GuContactBoxBox.obj
 0001:0001e480       ?rotate@Box@Gu@physx@@QEBA?AVPxVec3@3@AEBV43@@Z 000000018001f480 f i GuContactBoxBox.obj
 0001:0001e550       ?rotateInv@Box@Gu@physx@@QEBA?AVPxVec3@3@AEBV43@@Z 000000018001f550 f i GuContactBoxBox.obj
 0001:0001e600       ?setAxes@Box@Gu@physx@@QEAAXAEBVPxVec3@3@00@Z 000000018001f600 f i GuContactBoxBox.obj
 0001:0001e650       ?setEmpty@Box@Gu@physx@@QEAAXXZ 000000018001f650 f i GuContactBoxBox.obj
 0001:0001e6a0       ?transform@Box@Gu@physx@@QEBA?AVPxVec3@3@AEBV43@@Z 000000018001f6a0 f i GuContactBoxBox.obj
 0001:0001e780       ?contactCapsuleBox@Gu@physx@@YA_NAEBVGeometryUnion@12@0AEBVPxTransform@2@1AEBUNarrowPhaseParams@12@AEAUCache@12@AEAVContactBuffer@12@PEAVRenderOutput@Cm@2@@Z 000000018001f780 f   GuContactCapsuleBox.obj
 0001:000208c0       ?contactCapsuleCapsule@Gu@physx@@YA_NAEBVGeometryUnion@12@0AEBVPxTransform@2@1AEBUNarrowPhaseParams@12@AEAUCache@12@AEAVContactBuffer@12@PEAVRenderOutput@Cm@2@@Z 00000001800218c0 f   GuContactCapsuleCapsule.obj
 0001:000214a0       ??0Segment@Gu@physx@@QEAA@XZ 00000001800224a0 f i GuContactCapsuleCapsule.obj
 0001:000214b0       ??1Segment@Gu@physx@@QEAA@XZ 00000001800224b0 f i GuContactCapsuleCapsule.obj
 0001:000214c0       ?contactCapsuleConvex@Gu@physx@@YA_NAEBVGeometryUnion@12@0AEBVPxTransform@2@1AEBUNarrowPhaseParams@12@AEAUCache@12@AEAVContactBuffer@12@PEAVRenderOutput@Cm@2@@Z 00000001800224c0 f   GuContactCapsuleConvex.obj
 0001:00022800       ??$gjk@U?$LocalConvex@VCapsuleV@Gu@physx@@@Gu@physx@@U?$LocalConvex@VConvexHullV@Gu@physx@@@23@@Gu@physx@@YA?AW4GjkStatus@01@AEBU?$LocalConvex@VCapsuleV@Gu@physx@@@01@AEBU?$LocalConvex@VConvexHullV@Gu@physx@@@01@AEBT__m128@@2AEAT5@333@Z 0000000180023800 f i GuContactCapsuleConvex.obj
 0001:000239a0       ??0ConvexEdge@Gu@physx@@QEAA@XZ 00000001800249a0 f i GuContactCapsuleConvex.obj
 0001:000239b0       ??0ConvexMesh@Gu@physx@@QEAA@V?$PxFlags@W4Enum@PxBaseFlag@physx@@G@2@@Z 00000001800249b0 f i GuContactCapsuleConvex.obj
 0001:00023a10       ??0HullPolygonData@Gu@physx@@QEAA@AEBU012@@Z 0000000180024a10 f i GuContactCapsuleConvex.obj
 0001:00023a50       ??0PolygonalBox@Gu@physx@@QEAA@AEBV012@@Z 0000000180024a50 f i GuContactCapsuleConvex.obj
 0001:00023b60       ??0PxVec3@physx@@QEAA@AEBV01@@Z 0000000180024b60 f i GuContactCapsuleConvex.obj
 0001:00023b80       ??1GjkConvexBase@Gu@physx@@UEAA@XZ 0000000180024b80 f i GuContactCapsuleConvex.obj
 0001:00023b90       ??1RefCountable@Cm@physx@@UEAA@XZ 0000000180024b90 f i GuContactCapsuleConvex.obj
 0001:00023ba0       ??4FPUGuard@shdfnd@physx@@QEAAAEAV012@AEBV012@@Z 0000000180024ba0 f i GuContactCapsuleConvex.obj
 0001:00023bc0       ??Dphysx@@YA?AVMatrix34@Cm@0@AEBVPxMeshScale@0@AEBVPxTransform@0@@Z 0000000180024bc0 f i GuContactCapsuleConvex.obj
 0001:000243a0       ??_EConvexMesh@Gu@physx@@UEAAPEAXI@Z 00000001800253a0 f i GuContactCapsuleConvex.obj
 0001:000244f0       ??_EConvexMesh@Gu@physx@@WBA@EAAPEAXI@Z 00000001800254f0 f i GuContactCapsuleConvex.obj
 0001:00024500       ??_EPxConvexMesh@physx@@MEAAPEAXI@Z 0000000180025500 f i GuContactCapsuleConvex.obj
 0001:000245b0       ??_E?$LocalConvex@VCapsuleV@Gu@physx@@@Gu@physx@@UEAAPEAXI@Z 00000001800255b0 f i GuContactCapsuleConvex.obj
 0001:000245b0       ??_G?$LocalConvex@VCapsuleV@Gu@physx@@@Gu@physx@@UEAAPEAXI@Z 00000001800255b0 f i GuContactCapsuleConvex.obj
 0001:000245f0       ??_E?$LocalConvex@VConvexHullV@Gu@physx@@@Gu@physx@@UEAAPEAXI@Z 00000001800255f0 f i GuContactCapsuleConvex.obj
 0001:000245f0       ??_G?$LocalConvex@VConvexHullV@Gu@physx@@@Gu@physx@@UEAAPEAXI@Z 00000001800255f0 f i GuContactCapsuleConvex.obj
 0001:00024630       ??_EGjkConvex@Gu@physx@@UEAAPEAXI@Z 0000000180025630 f i GuContactCapsuleConvex.obj
 0001:00024630       ??_GGjkConvex@Gu@physx@@UEAAPEAXI@Z 0000000180025630 f i GuContactCapsuleConvex.obj
 0001:00024670       ??_GGjkConvexBase@Gu@physx@@UEAAPEAXI@Z 0000000180025670 f i GuContactCapsuleConvex.obj
 0001:00024670       ??_EGjkConvexBase@Gu@physx@@UEAAPEAXI@Z 0000000180025670 f i GuContactCapsuleConvex.obj
 0001:000246b0       ??_ERefCountable@Cm@physx@@UEAAPEAXI@Z 00000001800256b0 f i GuContactCapsuleConvex.obj
 0001:000246b0       ??_GRefCountable@Cm@physx@@UEAAPEAXI@Z 00000001800256b0 f i GuContactCapsuleConvex.obj
 0001:000246f0       ??__G@YAXPEAX0_K1P6APEAX00@Z@Z 00000001800256f0 f i GuContactCapsuleConvex.obj
 0001:00024770       ?ComputeCubemapNearestOffset@physx@@YAIAEBVPxVec3@1@I@Z 0000000180025770 f i GuContactCapsuleConvex.obj
 0001:00026ed0       ?getIndexBuffer@ConvexMesh@Gu@physx@@UEBAPEBEXZ 0000000180027ed0 f i GuContactCapsuleConvex.obj
 0001:00026f20       ?getInverse@PxMat33@physx@@QEBA?BV12@XZ 0000000180027f20 f i GuContactCapsuleConvex.obj
 0001:00027250       ?getNbPolygons@ConvexMesh@Gu@physx@@UEBAIXZ 0000000180028250 f i GuContactCapsuleConvex.obj
 0001:00027260       ?getNbVertices@ConvexMesh@Gu@physx@@UEBAIXZ 0000000180028260 f i GuContactCapsuleConvex.obj
 0001:00027270       ?getSweepMargin@?$LocalConvex@VCapsuleV@Gu@physx@@@Gu@physx@@UEBA?AT__m128@@XZ 0000000180028270 f i GuContactCapsuleConvex.obj
 0001:00027280       ?getSweepMargin@?$LocalConvex@VConvexHullV@Gu@physx@@@Gu@physx@@UEBA?AT__m128@@XZ 0000000180028280 f i GuContactCapsuleConvex.obj
 0001:000272b0       ?getSweepMargin@GjkConvex@Gu@physx@@UEBA?AT__m128@@XZ 00000001800282b0 f i GuContactCapsuleConvex.obj
 0001:000272d0       ?getVertices@ConvexMesh@Gu@physx@@UEBAPEBVPxVec3@3@XZ 00000001800282d0 f i GuContactCapsuleConvex.obj
 0001:000272f0       ?hillClimbing@ConvexHullV@Gu@physx@@QEBAIAEBT__m128@@@Z 00000001800282f0 f i GuContactCapsuleConvex.obj
 0001:000274b0       ?init@FastVertex2ShapeScaling@Cm@physx@@QEAAXAEBVPxVec3@3@AEBVPxQuat@3@@Z 00000001800284b0 f i GuContactCapsuleConvex.obj
 0001:00027ba0       ?onRefCountZero@RefCountable@Cm@physx@@UEAAXXZ 0000000180028ba0 f i GuContactCapsuleConvex.obj
 0001:00027da0       ?requires@ConvexMesh@Gu@physx@@UEAAXAEAVPxProcessPxBaseCallback@3@@Z 0000000180028da0 f i GuContactCapsuleConvex.obj
 0001:00027db0       ?support@?$LocalConvex@VCapsuleV@Gu@physx@@@Gu@physx@@UEBA?AT__m128@@AEBT4@@Z 0000000180028db0 f i GuContactCapsuleConvex.obj
 0001:00027e20       ?support@?$LocalConvex@VCapsuleV@Gu@physx@@@Gu@physx@@UEBA?AT__m128@@AEBT4@AEAHPEAT4@@Z 0000000180028e20 f i GuContactCapsuleConvex.obj
 0001:00027eb0       ?support@?$LocalConvex@VConvexHullV@Gu@physx@@@Gu@physx@@UEBA?AT__m128@@AEBT4@@Z 0000000180028eb0 f i GuContactCapsuleConvex.obj
 0001:00027fa0       ?support@?$LocalConvex@VConvexHullV@Gu@physx@@@Gu@physx@@UEBA?AT__m128@@AEBT4@AEAHPEAT4@@Z 0000000180028fa0 f i GuContactCapsuleConvex.obj
 0001:000280a0       ?support@GjkConvex@Gu@physx@@UEBA?AT__m128@@AEBT4@@Z 00000001800290a0 f i GuContactCapsuleConvex.obj
 0001:000280c0       ?support@GjkConvex@Gu@physx@@UEBA?AT__m128@@AEBT4@AEAHPEAT4@@Z 00000001800290c0 f i GuContactCapsuleConvex.obj
 0001:000280f0       ?supportPoint@?$LocalConvex@VCapsuleV@Gu@physx@@@Gu@physx@@UEBA?AT__m128@@HPEAT4@@Z 00000001800290f0 f i GuContactCapsuleConvex.obj
 0001:00028120       ?supportPoint@?$LocalConvex@VConvexHullV@Gu@physx@@@Gu@physx@@UEBA?AT__m128@@HPEAT4@@Z 0000000180029120 f i GuContactCapsuleConvex.obj
 0001:00028180       ?supportPoint@GjkConvex@Gu@physx@@UEBA?AT__m128@@HPEAT4@@Z 0000000180029180 f i GuContactCapsuleConvex.obj
 0001:000281a0       ?supportVertexIndex@ConvexHullV@Gu@physx@@QEBAIAEBT__m128@@@Z 00000001800291a0 f i GuContactCapsuleConvex.obj
 0001:00028260       ?contactCapsuleMesh@Gu@physx@@YA_NAEBVGeometryUnion@12@0AEBVPxTransform@2@1AEBUNarrowPhaseParams@12@AEAUCache@12@AEAVContactBuffer@12@PEAVRenderOutput@Cm@2@@Z 0000000180029260 f   GuContactCapsuleMesh.obj
 0001:00028790       ?contactCapsuleHeightfield@Gu@physx@@YA_NAEBVGeometryUnion@12@0AEBVPxTransform@2@1AEBUNarrowPhaseParams@12@AEAUCache@12@AEAVContactBuffer@12@PEAVRenderOutput@Cm@2@@Z 0000000180029790 f   GuContactCapsuleMesh.obj
 0001:00029380       ??0HeightFieldData@Gu@physx@@QEAA@$$QEAU012@@Z 000000018002a380 f i GuContactCapsuleMesh.obj
 0001:00029400       ??0HeightFieldData@Gu@physx@@QEAA@AEBU012@@Z 000000018002a400 f i GuContactCapsuleMesh.obj
 0001:00029480       ??0HeightFieldData@Gu@physx@@QEAA@W4PxEMPTY@2@@Z 000000018002a480 f i GuContactCapsuleMesh.obj
 0001:00029490       ??0HeightFieldData@Gu@physx@@QEAA@XZ 000000018002a490 f i GuContactCapsuleMesh.obj
 0001:000294a0       ??0HeightFieldUtil@Gu@physx@@QEAA@AEBVPxHeightFieldGeometry@2@@Z 000000018002a4a0 f i GuContactCapsuleMesh.obj
 0001:000294f0       ??0HeightFieldUtil@Gu@physx@@QEAA@AEBVPxHeightFieldGeometry@2@AEBVHeightField@12@@Z 000000018002a4f0 f i GuContactCapsuleMesh.obj
 0001:00029540       ??0HeightFieldUtil@Gu@physx@@QEAA@XZ 000000018002a540 f i GuContactCapsuleMesh.obj
 0001:00029550       ??1?$EntityReport@I@Gu@physx@@UEAA@XZ 000000018002a550 f i GuContactCapsuleMesh.obj
 0001:00029560       ??1?$MeshHitCallback@UPxRaycastHit@physx@@@Gu@physx@@UEAA@XZ 000000018002a560 f i GuContactCapsuleMesh.obj
 0001:00029570       ??1HeightFieldData@Gu@physx@@QEAA@XZ 000000018002a570 f i GuContactCapsuleMesh.obj
 0001:00029580       ??1PxHeightField@physx@@MEAA@XZ 000000018002a580 f i GuContactCapsuleMesh.obj
 0001:00029590       ??4HeightFieldData@Gu@physx@@QEAAAEAU012@$$QEAU012@@Z 000000018002a590 f i GuContactCapsuleMesh.obj
 0001:00029610       ??4HeightFieldData@Gu@physx@@QEAAAEAU012@AEBU012@@Z 000000018002a610 f i GuContactCapsuleMesh.obj
 0001:00029690       ??4HeightFieldUtil@Gu@physx@@QEAAAEAV012@$$QEAV012@@Z 000000018002a690 f i GuContactCapsuleMesh.obj
 0001:000296c0       ??4HeightFieldUtil@Gu@physx@@QEAAAEAV012@AEBV012@@Z 000000018002a6c0 f i GuContactCapsuleMesh.obj
 0001:000296e0       ??_G?$EntityReport@I@Gu@physx@@UEAAPEAXI@Z 000000018002a6e0 f i GuContactCapsuleMesh.obj
 0001:000296e0       ??_E?$EntityReport@I@Gu@physx@@UEAAPEAXI@Z 000000018002a6e0 f i GuContactCapsuleMesh.obj
 0001:00029720       ??_G?$MeshHitCallback@UPxRaycastHit@physx@@@Gu@physx@@UEAAPEAXI@Z 000000018002a720 f i GuContactCapsuleMesh.obj
 0001:00029720       ??_E?$MeshHitCallback@UPxRaycastHit@physx@@@Gu@physx@@UEAAPEAXI@Z 000000018002a720 f i GuContactCapsuleMesh.obj
 0001:00029760       ??_GCapsuleHeightfieldContactGenerationCallback@?A0x29ffeee2@@UEAAPEAXI@Z 000000018002a760 f i GuContactCapsuleMesh.obj
 0001:00029760       ??_ECapsuleHeightfieldContactGenerationCallback@?A0x29ffeee2@@UEAAPEAXI@Z 000000018002a760 f i GuContactCapsuleMesh.obj
 0001:000297a0       ??_GCapsuleMeshContactGenerationCallback_NoScale@?A0x29ffeee2@@UEAAPEAXI@Z 000000018002a7a0 f i GuContactCapsuleMesh.obj
 0001:000297a0       ??_ECapsuleMeshContactGenerationCallback_NoScale@?A0x29ffeee2@@UEAAPEAXI@Z 000000018002a7a0 f i GuContactCapsuleMesh.obj
 0001:000297e0       ??_ECapsuleMeshContactGenerationCallback_Scale@?A0x29ffeee2@@UEAAPEAXI@Z 000000018002a7e0 f i GuContactCapsuleMesh.obj
 0001:000297e0       ??_GCapsuleMeshContactGenerationCallback_Scale@?A0x29ffeee2@@UEAAPEAXI@Z 000000018002a7e0 f i GuContactCapsuleMesh.obj
 0001:0002b010       ?ceilUp@HeightFieldUtil@Gu@physx@@SAMM@Z 000000018002c010 f i GuContactCapsuleMesh.obj
 0001:0002b060       ?clipShapeNormalToVertexVoronoi@HeightFieldUtil@Gu@physx@@QEBA_NAEAVPxVec3@3@III@Z 000000018002c060 f i GuContactCapsuleMesh.obj
 0001:0002b4f0       ?computePointNormal@HeightFieldUtil@Gu@physx@@QEBA?AVPxVec3@3@IAEBV43@AEBVPxTransform@3@MMMMAEAM@Z 000000018002c4f0 f i GuContactCapsuleMesh.obj
 0001:0002ba60       ?floorDown@HeightFieldUtil@Gu@physx@@SAMM@Z 000000018002ca60 f i GuContactCapsuleMesh.obj
 0001:0002bab0       ?getConcreteTypeName@PxHeightField@physx@@UEBAPEBDXZ 000000018002cab0 f i GuContactCapsuleMesh.obj
 0001:0002bac0       ?getConvexEdgeThreshold@HeightField@Gu@physx@@UEBAMXZ 000000018002cac0 f i GuContactCapsuleMesh.obj
 0001:0002bad0       ?getEdgeDirection@HeightFieldUtil@Gu@physx@@QEBA?AVPxVec3@3@II@Z 000000018002cad0 f i GuContactCapsuleMesh.obj
 0001:0002bc90       ?getFeatureIndex@HeightFieldUtil@Gu@physx@@SAII@Z 000000018002cc90 f i GuContactCapsuleMesh.obj
 0001:0002bca0       ?getFeatureType@HeightFieldUtil@Gu@physx@@SA?AW4Feature@123@I@Z 000000018002cca0 f i GuContactCapsuleMesh.obj
 0001:0002bcb0       ?getFlags@HeightField@Gu@physx@@UEBA?AV?$PxFlags@W4Enum@PxHeightFieldFlag@physx@@G@3@XZ 000000018002ccb0 f i GuContactCapsuleMesh.obj
 0001:0002bcc0       ?getFormat@HeightField@Gu@physx@@UEBA?AW4Enum@PxHeightFieldFormat@3@XZ 000000018002ccc0 f i GuContactCapsuleMesh.obj
 0001:0002bcd0       ?getHeight@HeightField@Gu@physx@@UEBAMMM@Z 000000018002ccd0 f i GuContactCapsuleMesh.obj
 0001:0002bd20       ?getHeightAtShapePoint2@HeightFieldUtil@Gu@physx@@QEBAMIMM@Z 000000018002cd20 f i GuContactCapsuleMesh.obj
 0001:0002bd50       ?getHeightAtShapePoint@HeightFieldUtil@Gu@physx@@QEBAMMM@Z 000000018002cd50 f i GuContactCapsuleMesh.obj
 0001:0002bdd0       ?getHeightField@HeightFieldUtil@Gu@physx@@QEBAAEBVHeightField@23@XZ 000000018002cdd0 f i GuContactCapsuleMesh.obj
 0001:0002bde0       ?getHeightFieldGeometry@HeightFieldUtil@Gu@physx@@QEBAAEBVPxHeightFieldGeometry@3@XZ 000000018002cde0 f i GuContactCapsuleMesh.obj
 0001:0002bdf0       ?getHeightInternal2@HeightField@Gu@physx@@QEBAMIMM@Z 000000018002cdf0 f i GuContactCapsuleMesh.obj
 0001:0002bfb0       ?getNbColumns@HeightField@Gu@physx@@UEBAIXZ 000000018002cfb0 f i GuContactCapsuleMesh.obj
 0001:0002bfc0       ?getNbRows@HeightField@Gu@physx@@UEBAIXZ 000000018002cfc0 f i GuContactCapsuleMesh.obj
 0001:0002bfd0       ?getNormalAtShapePoint2@HeightFieldUtil@Gu@physx@@QEBA?AVPxVec3@3@IMM@Z 000000018002cfd0 f i GuContactCapsuleMesh.obj
 0001:0002c030       ?getNormalAtShapePoint@HeightFieldUtil@Gu@physx@@QEBA?AVPxVec3@3@MM@Z 000000018002d030 f i GuContactCapsuleMesh.obj
 0001:0002c110       ?getNormal_2@HeightField@Gu@physx@@QEBA?AVPxVec3@3@IMMMMM@Z 000000018002d110 f i GuContactCapsuleMesh.obj
 0001:0002c280       ?getOneOverColumnScale@HeightFieldUtil@Gu@physx@@QEBAMXZ 000000018002d280 f i GuContactCapsuleMesh.obj
 0001:0002c290       ?getOneOverHeightScale@HeightFieldUtil@Gu@physx@@QEBAMXZ 000000018002d290 f i GuContactCapsuleMesh.obj
 0001:0002c2a0       ?getOneOverRowScale@HeightFieldUtil@Gu@physx@@QEBAMXZ 000000018002d2a0 f i GuContactCapsuleMesh.obj
 0001:0002c2b0       ?getPaddedBounds@HeightFieldData@Gu@physx@@QEBAAEBVCenterExtentsPadded@23@XZ 000000018002d2b0 f i GuContactCapsuleMesh.obj
 0001:0002c2c0       ?getSampleStride@HeightField@Gu@physx@@UEBAIXZ 000000018002d2c0 f i GuContactCapsuleMesh.obj
 0001:0002c2d0       ?getThickness@HeightField@Gu@physx@@UEBAMXZ 000000018002d2d0 f i GuContactCapsuleMesh.obj
 0001:0002c2e0       ?getTimestamp@HeightField@Gu@physx@@UEBAIXZ 000000018002d2e0 f i GuContactCapsuleMesh.obj
 0001:0002c2f0       ?getTriangleMaterialIndex@HeightField@Gu@physx@@UEBAGI@Z 000000018002d2f0 f i GuContactCapsuleMesh.obj
 0001:0002c340       ?getTriangleNormal@HeightField@Gu@physx@@UEBA?AVPxVec3@3@I@Z 000000018002d340 f i GuContactCapsuleMesh.obj
 0001:0002c360       ?getTriangleNormalInternal@HeightField@Gu@physx@@QEBA?AVPxVec3@3@I@Z 000000018002d360 f i GuContactCapsuleMesh.obj
 0001:0002c520       ?getVertexNormal@HeightFieldUtil@Gu@physx@@QEBA?AVPxVec3@3@I@Z 000000018002d520 f i GuContactCapsuleMesh.obj
 0001:0002c560       ?hf2shapen@HeightFieldUtil@Gu@physx@@QEBA?AVPxVec3@3@AEBV43@@Z 000000018002d560 f i GuContactCapsuleMesh.obj
 0001:0002c5a0       ?hf2shapep@HeightFieldUtil@Gu@physx@@QEBA?AVPxVec3@3@AEBV43@@Z 000000018002d5a0 f i GuContactCapsuleMesh.obj
 0001:0002c5f0       ?hf2worldn@HeightFieldUtil@Gu@physx@@QEBA?AVPxVec3@3@AEBVPxTransform@3@AEBV43@@Z 000000018002d5f0 f i GuContactCapsuleMesh.obj
 0001:0002c7c0       ?hf2worldp@HeightFieldUtil@Gu@physx@@QEBA?AVPxVec3@3@AEBVPxTransform@3@AEBV43@@Z 000000018002d7c0 f i GuContactCapsuleMesh.obj
 0001:0002c9b0       ?initialize@HeightFieldUtil@Gu@physx@@AEAAXXZ 000000018002d9b0 f i GuContactCapsuleMesh.obj
 0001:0002c9f0       ?initialize@HeightFieldUtil@Gu@physx@@QEAAXAEBVPxHeightFieldGeometry@3@AEBVHeightField@23@@Z 000000018002d9f0 f i GuContactCapsuleMesh.obj
 0001:0002ca40       ?isCollisionVertex@HeightFieldUtil@Gu@physx@@QEBA_NIII@Z 000000018002da40 f i GuContactCapsuleMesh.obj
 0001:0002ca60       ?isKindOf@PxHeightField@physx@@MEBA_NPEBD@Z 000000018002da60 f i GuContactCapsuleMesh.obj
 0001:0002cac0       ?isQueryVertex@HeightFieldUtil@Gu@physx@@QEBA_NIII@Z 000000018002dac0 f i GuContactCapsuleMesh.obj
 0001:0002cbb0       ?isShapePointOnHeightField@HeightFieldUtil@Gu@physx@@QEBA_NMM@Z 000000018002dbb0 f i GuContactCapsuleMesh.obj
 0001:0002cc10       ?makeFeatureCode@HeightFieldUtil@Gu@physx@@SAIIW4Feature@123@@Z 000000018002dc10 f i GuContactCapsuleMesh.obj
 0001:0002dad0       ?shape2hfp@HeightFieldUtil@Gu@physx@@QEBA?AVPxVec3@3@AEBV43@@Z 000000018002ead0 f i GuContactCapsuleMesh.obj
 0001:0002db10       ?transformFast@PxBounds3@physx@@SA?AV12@AEBVPxTransform@2@AEBV12@@Z 000000018002eb10 f i GuContactCapsuleMesh.obj
 0001:0002e040       ?transformQueryBounds@FastVertex2ShapeScaling@Cm@physx@@QEBAXAEAVPxVec3@3@0AEAVPxMat33@3@@Z 000000018002f040 f i GuContactCapsuleMesh.obj
 0001:0002e350       ?contactBoxConvex@Gu@physx@@YA_NAEBVGeometryUnion@12@0AEBVPxTransform@2@1AEBUNarrowPhaseParams@12@AEAUCache@12@AEAVContactBuffer@12@PEAVRenderOutput@Cm@2@@Z 000000018002f350 f   GuContactConvexConvex.obj
 0001:0002e4f0       ?contactConvexConvex@Gu@physx@@YA_NAEBVGeometryUnion@12@0AEBVPxTransform@2@1AEBUNarrowPhaseParams@12@AEAUCache@12@AEAVContactBuffer@12@PEAVRenderOutput@Cm@2@@Z 000000018002f4f0 f   GuContactConvexConvex.obj
 0001:0002e6f0       ??0SeparatingAxes@Gu@physx@@QEAA@$$QEAV012@@Z 000000018002f6f0 f i GuContactConvexConvex.obj
 0001:0002e750       ??0SeparatingAxes@Gu@physx@@QEAA@AEBV012@@Z 000000018002f750 f i GuContactConvexConvex.obj
 0001:0002e7b0       ??0SeparatingAxes@Gu@physx@@QEAA@XZ 000000018002f7b0 f i GuContactConvexConvex.obj
 0001:0002e7c0       ??4SeparatingAxes@Gu@physx@@QEAAAEAV012@$$QEAV012@@Z 000000018002f7c0 f i GuContactConvexConvex.obj
 0001:0002e910       ??4SeparatingAxes@Gu@physx@@QEAAAEAV012@AEBV012@@Z 000000018002f910 f i GuContactConvexConvex.obj
 0001:00033d90       ?getAxes@SeparatingAxes@Gu@physx@@QEBAPEBVPxVec3@3@XZ 0000000180034d90 f i GuContactConvexConvex.obj
 0001:00033da0       ?getNumAxes@SeparatingAxes@Gu@physx@@QEBAIXZ 0000000180034da0 f i GuContactConvexConvex.obj
 0001:00034190       ?reset@SeparatingAxes@Gu@physx@@QEAAXXZ 0000000180035190 f i GuContactConvexConvex.obj
 0001:000341a0       ?transformPlaneToShapeSpace@FastVertex2ShapeScaling@Cm@physx@@QEBAXAEBVPxVec3@3@MAEAV43@AEAM@Z 00000001800351a0 f i GuContactConvexConvex.obj
 0001:000342d0       ?contactBoxMesh@Gu@physx@@YA_NAEBVGeometryUnion@12@0AEBVPxTransform@2@1AEBUNarrowPhaseParams@12@AEAUCache@12@AEAVContactBuffer@12@PEAVRenderOutput@Cm@2@@Z 00000001800352d0 f   GuContactConvexMesh.obj
 0001:00034490       ?contactConvexMesh@Gu@physx@@YA_NAEBVGeometryUnion@12@0AEBVPxTransform@2@1AEBUNarrowPhaseParams@12@AEAUCache@12@AEAVContactBuffer@12@PEAVRenderOutput@Cm@2@@Z 0000000180035490 f   GuContactConvexMesh.obj
 0001:00034640       ?contactBoxHeightfield@Gu@physx@@YA_NAEBVGeometryUnion@12@0AEBVPxTransform@2@1AEBUNarrowPhaseParams@12@AEAUCache@12@AEAVContactBuffer@12@PEAVRenderOutput@Cm@2@@Z 0000000180035640 f   GuContactConvexMesh.obj
 0001:000347b0       ?contactConvexHeightfield@Gu@physx@@YA_NAEBVGeometryUnion@12@0AEBVPxTransform@2@1AEBUNarrowPhaseParams@12@AEAUCache@12@AEAVContactBuffer@12@PEAVRenderOutput@Cm@2@@Z 00000001800357b0 f   GuContactConvexMesh.obj
 0001:00034a70       ??0?$InlineArray@I$0EEA@VNamedAllocator@shdfnd@physx@@@shdfnd@physx@@QEAA@AEBVNamedAllocator@12@@Z 0000000180035a70 f i GuContactConvexMesh.obj
 0001:00034b90       ??0CachedEdge@Gu@physx@@QEAA@XZ 0000000180035b90 f i GuContactConvexMesh.obj
 0001:00034ba0       ??0CachedVertex@Gu@physx@@QEAA@XZ 0000000180035ba0 f i GuContactConvexMesh.obj
 0001:00035210       ??_EConvexMeshContactGenerationCallback@@UEAAPEAXI@Z 0000000180036210 f i GuContactConvexMesh.obj
 0001:00035210       ??_GConvexMeshContactGenerationCallback@@UEAAPEAXI@Z 0000000180036210 f i GuContactConvexMesh.obj
 0001:00035250       ??_GConvexVsHeightfieldContactGenerationCallback@?A0x4ec7b4c7@@UEAAPEAXI@Z 0000000180036250 f i GuContactConvexMesh.obj
 0001:00035250       ??_EConvexVsHeightfieldContactGenerationCallback@?A0x4ec7b4c7@@UEAAPEAXI@Z 0000000180036250 f i GuContactConvexMesh.obj
 0001:00035290       ?addData@?$CacheMap@UCachedEdge@Gu@physx@@$0IA@@Gu@physx@@QEAA_NAEBUCachedEdge@23@@Z 0000000180036290 f i GuContactConvexMesh.obj
 0001:000353c0       ?addData@?$CacheMap@UCachedVertex@Gu@physx@@$0IA@@Gu@physx@@QEAA_NAEBUCachedVertex@23@@Z 00000001800363c0 f i GuContactConvexMesh.obj
 0001:00035480       ?allocate@?$Array@IV?$InlineAllocator@$0BBAA@VNamedAllocator@shdfnd@physx@@@shdfnd@physx@@@shdfnd@physx@@IEAAPEAII@Z 0000000180036480 f i GuContactConvexMesh.obj
 0001:00039a40       ?processHit@ConvexMeshContactGenerationCallback@@UEAA_NAEBUPxRaycastHit@physx@@AEBVPxVec3@3@11AEAMPEBI@Z 000000018003aa40 f i GuContactConvexMesh.obj
 0001:0003a4d0       ?recreate@?$Array@IV?$InlineAllocator@$0BBAA@VNamedAllocator@shdfnd@physx@@@shdfnd@physx@@@shdfnd@physx@@IEAAXI@Z 000000018003b4d0 f i GuContactConvexMesh.obj
 0001:0003b950       ?contactPlaneBox@Gu@physx@@YA_NAEBVGeometryUnion@12@0AEBVPxTransform@2@1AEBUNarrowPhaseParams@12@AEAUCache@12@AEAVContactBuffer@12@PEAVRenderOutput@Cm@2@@Z 000000018003c950 f   GuContactPlaneBox.obj
 0001:0003c9c0       ?contactPlaneCapsule@Gu@physx@@YA_NAEBVGeometryUnion@12@0AEBVPxTransform@2@1AEBUNarrowPhaseParams@12@AEAUCache@12@AEAVContactBuffer@12@PEAVRenderOutput@Cm@2@@Z 000000018003d9c0 f   GuContactPlaneCapsule.obj
 0001:0003d170       ?contactPlaneConvex@Gu@physx@@YA_NAEBVGeometryUnion@12@0AEBVPxTransform@2@1AEBUNarrowPhaseParams@12@AEAUCache@12@AEAVContactBuffer@12@PEAVRenderOutput@Cm@2@@Z 000000018003e170 f   GuContactPlaneConvex.obj
 0001:0003dc40       ?findRotationMatrixFromZ@Gu@physx@@YA?AVPxMat33@2@AEBVPxVec3@2@@Z 000000018003ec40 f   GuContactPolygonPolygon.obj
 0001:0003df20       ?contactPolygonPolygonExt@Gu@physx@@YA_NIPEBVPxVec3@2@PEBEAEBVMatrix34@Cm@2@AEBVPxPlane@2@AEBVPxMat33@2@I01234AEBV32@22IIAEAVContactBuffer@12@_N5M@Z 000000018003ef20 f   GuContactPolygonPolygon.obj
 0001:00041d70       ?contactSphereBox@Gu@physx@@YA_NAEBVGeometryUnion@12@0AEBVPxTransform@2@1AEBUNarrowPhaseParams@12@AEAUCache@12@AEAVContactBuffer@12@PEAVRenderOutput@Cm@2@@Z 0000000180042d70 f   GuContactSphereBox.obj
 0001:00042480       ?contactSphereCapsule@Gu@physx@@YA_NAEBVGeometryUnion@12@0AEBVPxTransform@2@1AEBUNarrowPhaseParams@12@AEAUCache@12@AEAVContactBuffer@12@PEAVRenderOutput@Cm@2@@Z 0000000180043480 f   GuContactSphereCapsule.obj
 0001:00042820       ?distancePointSegmentSquared@Gu@physx@@YAMAEBVSegment@12@AEBVPxVec3@2@PEAM@Z 0000000180043820 f i GuContactSphereCapsule.obj
 0001:000429a0       ?contactSphereMesh@Gu@physx@@YA_NAEBVGeometryUnion@12@0AEBVPxTransform@2@1AEBUNarrowPhaseParams@12@AEAUCache@12@AEAVContactBuffer@12@PEAVRenderOutput@Cm@2@@Z 00000001800439a0 f   GuContactSphereMesh.obj
 0001:00042de0       ?contactSphereHeightfield@Gu@physx@@YA_NAEBVGeometryUnion@12@0AEBVPxTransform@2@1AEBUNarrowPhaseParams@12@AEAUCache@12@AEAVContactBuffer@12@PEAVRenderOutput@Cm@2@@Z 0000000180043de0 f   GuContactSphereMesh.obj
 0001:00043250       ??$smallSort@USortKey@@$$CBU?$Less@USortKey@@@shdfnd@physx@@@internal@shdfnd@physx@@YAXPEAUSortKey@@HHAEBU?$Less@USortKey@@@12@@Z 0000000180044250 f i GuContactSphereMesh.obj
 0001:000434a0       ??$sort@USortKey@@U?$Less@USortKey@@@shdfnd@physx@@VNullAllocator@?A0xb47d98d3@@@shdfnd@physx@@YAXPEAUSortKey@@IAEBU?$Less@USortKey@@@01@AEBVNullAllocator@?A0xb47d98d3@@I@Z 00000001800444a0 f i GuContactSphereMesh.obj
 0001:000437f0       ??0TriangleData@@QEAA@XZ   00000001800447f0 f i GuContactSphereMesh.obj
 0001:00043880       ??_ESphereHeightfieldContactGenerationCallback@?A0xb47d98d3@@UEAAPEAXI@Z 0000000180044880 f i GuContactSphereMesh.obj
 0001:00043880       ??_GSphereHeightfieldContactGenerationCallback@?A0xb47d98d3@@UEAAPEAXI@Z 0000000180044880 f i GuContactSphereMesh.obj
 0001:000438c0       ??_GSphereMeshContactGenerationCallback_NoScale@?A0xb47d98d3@@UEAAPEAXI@Z 00000001800448c0 f i GuContactSphereMesh.obj
 0001:000438c0       ??_ESphereMeshContactGenerationCallback_NoScale@?A0xb47d98d3@@UEAAPEAXI@Z 00000001800448c0 f i GuContactSphereMesh.obj
 0001:00043920       ??_ESphereMeshContactGenerationCallback_Scale@?A0xb47d98d3@@UEAAPEAXI@Z 0000000180044920 f i GuContactSphereMesh.obj
 0001:00043920       ??_GSphereMeshContactGenerationCallback_Scale@?A0xb47d98d3@@UEAAPEAXI@Z 0000000180044920 f i GuContactSphereMesh.obj
 0001:000456a0       ?contactSpherePlane@Gu@physx@@YA_NAEBVGeometryUnion@12@0AEBVPxTransform@2@1AEBUNarrowPhaseParams@12@AEAUCache@12@AEAVContactBuffer@12@PEAVRenderOutput@Cm@2@@Z 00000001800466a0 f   GuContactSpherePlane.obj
 0001:00045900       ?contactSphereSphere@Gu@physx@@YA_NAEBVGeometryUnion@12@0AEBVPxTransform@2@1AEBUNarrowPhaseParams@12@AEAUCache@12@AEAVContactBuffer@12@PEAVRenderOutput@Cm@2@@Z 0000000180046900 f   GuContactSphereSphere.obj
 0001:00045ac0       ?selectNormal@Gu@physx@@YA_NEMM@Z 0000000180046ac0 f   GuFeatureCode.obj
 0001:00045c00       ?legacyContactBoxHeightfield@Gu@physx@@YA_NAEBVGeometryUnion@12@0AEBVPxTransform@2@1AEBUNarrowPhaseParams@12@AEAUCache@12@AEAVContactBuffer@12@PEAVRenderOutput@Cm@2@@Z 0000000180046c00 f   GuLegacyContactBoxHeightField.obj
 0001:00047dd0       ??$traceSegment@UGuContactTraceSegmentCallback@Gu@physx@@$00$0A@@HeightFieldUtil@Gu@physx@@QEBAXAEBVPxVec3@2@0MPEAUGuContactTraceSegmentCallback@12@AEBVPxBounds3@2@_NPEBV32@@Z 0000000180048dd0 f i GuLegacyContactBoxHeightField.obj
 0001:00048e10       ?underFaceHit@GuContactTraceSegmentCallback@Gu@physx@@QEAA_NAEBVHeightFieldUtil@23@AEBVPxVec3@3@1MMMI@Z 0000000180049e10 f i GuLegacyContactBoxHeightField.obj
 0001:00049280       ?legacyContactCapsuleHeightfield@Gu@physx@@YA_NAEBVGeometryUnion@12@0AEBVPxTransform@2@1AEBUNarrowPhaseParams@12@AEAUCache@12@AEAVContactBuffer@12@PEAVRenderOutput@Cm@2@@Z 000000018004a280 f   GuLegacyContactCapsuleHeightField.obj
 0001:0004b940       ?getEdgeTriangleIndices@HeightField@Gu@physx@@QEBAIIQEAI@Z 000000018004c940 f i GuLegacyContactCapsuleHeightField.obj
 0001:0004bab0       ?legacyContactConvexHeightfield@Gu@physx@@YA_NAEBVGeometryUnion@12@0AEBVPxTransform@2@1AEBUNarrowPhaseParams@12@AEAUCache@12@AEAVContactBuffer@12@PEAVRenderOutput@Cm@2@@Z 000000018004cab0 f   GuLegacyContactConvexHeightField.obj
 0001:0004e550       ?legacyContactSphereHeightfield@Gu@physx@@YA_NAEBVGeometryUnion@12@0AEBVPxTransform@2@1AEBUNarrowPhaseParams@12@AEAUCache@12@AEAVContactBuffer@12@PEAVRenderOutput@Cm@2@@Z 000000018004f550 f   GuLegacyContactSphereHeightField.obj
 0001:0004e5a0       ?GuContactSphereHeightFieldShared@@YA_NAEBVGeometryUnion@Gu@physx@@0AEBVPxTransform@3@1AEBUNarrowPhaseParams@23@AEAUCache@23@AEAVContactBuffer@23@PEAVRenderOutput@Cm@3@_N@Z 000000018004f5a0 f   GuLegacyContactSphereHeightField.obj
 0001:000503b0       ?barycentricCoordinates@Gu@physx@@YAXAEBT__m128@@00AEAT3@@Z 00000001800513b0 f   GuBarycentricCoordinates.obj
 0001:00050410       ?barycentricCoordinates@Gu@physx@@YAXAEBT__m128@@000AEAT3@1@Z 0000000180051410 f   GuBarycentricCoordinates.obj
 0001:000505a0       ?barycentricCoordinates@Gu@physx@@YAXAEBT__m128@@00AEAT3@1@Z 00000001800515a0 f   GuBarycentricCoordinates.obj
 0001:00050760       ?addAxis@SeparatingAxes@Gu@physx@@QEAA_NAEBVPxVec3@3@@Z 0000000180051760 f   GuSeparatingAxes.obj
 0001:00050850       ??0BigConvexData@physx@@QEAA@XZ 0000000180051850 f   GuBigConvexData.obj
 0001:00050880       ??1BigConvexData@physx@@QEAA@XZ 0000000180051880 f   GuBigConvexData.obj
 0001:00050910       ?Load@BigConvexData@physx@@QEAA_NAEAVPxInputStream@2@@Z 0000000180051910 f   GuBigConvexData.obj
 0001:00050a20       ?ComputeOffset@BigConvexData@physx@@QEBAIAEBVPxVec3@2@@Z 0000000180051a20 f   GuBigConvexData.obj
 0001:00050a40       ?ComputeNearestOffset@BigConvexData@physx@@QEBAIAEBVPxVec3@2@@Z 0000000180051a40 f   GuBigConvexData.obj
 0001:00050a60       ?exportExtraData@BigConvexData@physx@@QEAAXAEAVPxSerializationContext@2@@Z 0000000180051a60 f   GuBigConvexData.obj
 0001:00050ae0       ?importExtraData@BigConvexData@physx@@QEAAXAEAVPxDeserializationContext@2@@Z 0000000180051ae0 f   GuBigConvexData.obj
 0001:00050b60       ?CreateOffsets@BigConvexData@physx@@IEAAXXZ 0000000180051b60 f   GuBigConvexData.obj
 0001:00050bb0       ?VLoad@BigConvexData@physx@@IEAA_NAEAVPxInputStream@2@@Z 0000000180051bb0 f   GuBigConvexData.obj
 0001:00050e90       ??0BigConvexData@physx@@QEAA@W4PxEMPTY@1@@Z 0000000180051e90 f i GuBigConvexData.obj
 0001:00050ea0       ??4BigConvexData@physx@@QEAAAEAV01@AEBV01@@Z 0000000180051ea0 f i GuBigConvexData.obj
 0001:00050ec0       ?ComputeCubemapOffset@physx@@YAIAEBVPxVec3@1@I@Z 0000000180051ec0 f i GuBigConvexData.obj
 0001:00050ff0       ?GetAdjacentVerts@BigConvexData@physx@@QEBAPEBEXZ 0000000180051ff0 f i GuBigConvexData.obj
 0001:00051000       ?GetNbNeighbors@BigConvexData@physx@@QEBAGI@Z 0000000180052000 f i GuBigConvexData.obj
 0001:00051010       ?GetNbSamples@BigConvexData@physx@@QEBAIXZ 0000000180052010 f i GuBigConvexData.obj
 0001:00051020       ?GetNbVerts@BigConvexData@physx@@QEBAIXZ 0000000180052020 f i GuBigConvexData.obj
 0001:00051030       ?GetNeighbors@BigConvexData@physx@@QEBAPEBEI@Z 0000000180052030 f i GuBigConvexData.obj
 0001:00051050       ?GetOffset@BigConvexData@physx@@QEBAGI@Z 0000000180052050 f i GuBigConvexData.obj
 0001:00051060       ?GetSubdiv@BigConvexData@physx@@QEBAIXZ 0000000180052060 f i GuBigConvexData.obj
 0001:00051070       ?GetValencies@BigConvexData@physx@@QEBAPEBUValency@Gu@2@XZ 0000000180052070 f i GuBigConvexData.obj
 0001:00051080       ?GetValency@BigConvexData@physx@@QEBAGI@Z 0000000180052080 f i GuBigConvexData.obj
 0001:00051090       ?__global_array_delete@@YAXPEAX@Z 0000000180052090 f i GuBigConvexData.obj
 0001:000510a0       ?__global_array_delete@@YAXPEAX_K@Z 00000001800520a0 f i GuBigConvexData.obj
 0001:000510b0       ?__global_delete@@YAXPEAX@Z 00000001800520b0 f i GuBigConvexData.obj
 0001:000510c0       ?__global_delete@@YAXPEAX_K@Z 00000001800520c0 f i GuBigConvexData.obj
 0001:000510d0       ?getScaledConvex@Gu@physx@@YAXAEAPEAVPxVec3@2@AEAPEAEPEAV32@PEAE_NPEBV32@PEBEIAEBVFastVertex2ShapeScaling@Cm@2@@Z 00000001800520d0 f   GuConvexHelper.obj
 0001:00051230       ?getConvexData@Gu@physx@@YA_NAEBVGeometryUnion@12@AEAVFastVertex2ShapeScaling@Cm@2@AEAVPxBounds3@2@AEAUPolygonalData@12@@Z 0000000180052230 f   GuConvexHelper.obj
 0001:00051470       ?findUniqueConvexEdges@Gu@physx@@YAIIPEIAUConvexEdge@12@IPEIBUHullPolygonData@12@PEIBE@Z 0000000180052470 f   GuConvexHelper.obj
 0001:000516e0       ?exportExtraData@ConvexMesh@Gu@physx@@UEAAXAEAVPxSerializationContext@3@@Z 00000001800526e0 f   GuConvexMesh.obj
 0001:000517b0       ?importExtraData@ConvexMesh@Gu@physx@@QEAAXAEAVPxDeserializationContext@3@@Z 00000001800527b0 f   GuConvexMesh.obj
 0001:00051870       ?onRefCountZero@ConvexMesh@Gu@physx@@UEAAXXZ 0000000180052870 f   GuConvexMesh.obj
 0001:00051970       ?createObject@ConvexMesh@Gu@physx@@SAPEAV123@AEAPEAEAEAVPxDeserializationContext@3@@Z 0000000180052970 f   GuConvexMesh.obj
 0001:000519f0       ??0ConvexMesh@Gu@physx@@QEAA@XZ 00000001800529f0 f   GuConvexMesh.obj
 0001:00051ab0       ??0ConvexMesh@Gu@physx@@QEAA@AEAVGuMeshFactory@2@AEAUConvexHullData@12@@Z 0000000180052ab0 f   GuConvexMesh.obj
 0001:00051bc0       ?load@ConvexMesh@Gu@physx@@QEAA_NAEAVPxInputStream@3@@Z 0000000180052bc0 f   GuConvexMesh.obj
 0001:00051f10       ?release@ConvexMesh@Gu@physx@@UEAAXXZ 0000000180052f10 f   GuConvexMesh.obj
 0001:00051f50       ?getPolygonData@ConvexMesh@Gu@physx@@UEBA_NIAEAUPxHullPolygon@3@@Z 0000000180052f50 f   GuConvexMesh.obj
 0001:00051fa0       ?isGpuCompatible@ConvexMesh@Gu@physx@@UEBA_NXZ 0000000180052fa0 f   GuConvexMesh.obj
 0001:00051fd0       ?getReferenceCount@ConvexMesh@Gu@physx@@UEBAIXZ 0000000180052fd0 f   GuConvexMesh.obj
 0001:00051fe0       ?acquireReference@ConvexMesh@Gu@physx@@UEAAXXZ 0000000180052fe0 f   GuConvexMesh.obj
 0001:00051ff0       ?getMassInformation@ConvexMesh@Gu@physx@@UEBAXAEAMAEAVPxMat33@3@AEAVPxVec3@3@@Z 0000000180052ff0 f   GuConvexMesh.obj
 0001:00052070       ?getLocalBounds@ConvexMesh@Gu@physx@@UEBA?AVPxBounds3@3@XZ 0000000180053070 f   GuConvexMesh.obj
 0001:00052100       ??1ConvexMesh@Gu@physx@@UEAA@XZ 0000000180053100 f   GuConvexMesh.obj
 0001:00052a20       ?notifyReleaseConvexMesh@GuMeshFactory@physx@@MEAAXAEBVPxConvexMesh@2@@Z 0000000180053a20 f i GuConvexMesh.obj
 0001:00052a30       ?notifyReleaseHeightField@GuMeshFactory@physx@@MEAAXAEBVPxHeightField@2@@Z 0000000180053a30 f i GuConvexMesh.obj
 0001:00052a40       ?notifyReleaseTriangleMesh@GuMeshFactory@physx@@MEAAXAEBVPxTriangleMesh@2@@Z 0000000180053a40 f i GuConvexMesh.obj
 0001:00052a50       ?computeHullOBB@Gu@physx@@YAXAEAVBox@12@AEBVPxBounds3@2@MAEBVMatrix34@Cm@2@2AEBVFastVertex2ShapeScaling@62@_N@Z 0000000180053a50 f   GuConvexUtilsInternal.obj
 0001:00052e80       ?computeVertexSpaceOBB@Gu@physx@@YAXAEAVBox@12@AEBV312@AEBVPxTransform@2@AEBVPxMeshScale@2@@Z 0000000180053e80 f   GuConvexUtilsInternal.obj
 0001:00053210       ?computeOBBAroundConvex@Gu@physx@@YAXAEAVBox@12@AEBVPxConvexMeshGeometry@2@PEBVPxConvexMesh@2@AEBVPxTransform@2@@Z 0000000180054210 f   GuConvexUtilsInternal.obj
 0001:00053f90       ??Dphysx@@YA?AVMatrix34@Cm@0@AEBVPxMeshScale@0@AEBV120@@Z 0000000180054f90 f i GuConvexUtilsInternal.obj
 0001:00054780       ?transform@physx@@YA?AVBox@Gu@1@AEBVMatrix34@Cm@1@AEBV231@@Z 0000000180055780 f i GuConvexUtilsInternal.obj
 0001:00054aa0       ?localSearch@physx@@YAXAEAIAEBVPxVec3@1@PEBV21@PEBUBigConvexRawData@Gu@1@@Z 0000000180055aa0 f   GuHillClimbing.obj
 0001:00054c20       ??0PolygonalBox@Gu@physx@@QEAA@AEBVPxVec3@2@@Z 0000000180055c20 f   GuShapeConvex.obj
 0001:00054e20       ?getPolygonalData@PolygonalBox@Gu@physx@@QEBAXPEIAUPolygonalData@23@@Z 0000000180055e20 f   GuShapeConvex.obj
 0001:00054e90       ?getPolygonalData_Convex@Gu@physx@@YAXPEIAUPolygonalData@12@PEIBUConvexHullData@12@AEBVFastVertex2ShapeScaling@Cm@2@@Z 0000000180055e90 f   GuShapeConvex.obj
 0001:00056380       ??0HullPolygonData@Gu@physx@@QEAA@XZ 0000000180057380 f i GuShapeConvex.obj
 0001:000564f0       ?distancePointBoxSquared@Gu@physx@@YAMAEBVPxVec3@2@00AEBVPxMat33@2@PEAV32@@Z 00000001800574f0 f   GuDistancePointBox.obj
 0001:00056690       ?closestPtPointTriangle@Gu@physx@@YA?AVPxVec3@2@AEBV32@000AEAM1@Z 0000000180057690 f   GuDistancePointTriangle.obj
 0001:00056ba0       ?distancePointTriangleSquared@Gu@physx@@YA?AT__m128@@AEBT3@000AEAT3@11@Z 0000000180057ba0 f   GuDistancePointTriangle.obj
 0001:00057210       ?distanceSegmentBoxSquared@Gu@physx@@YAMAEBVPxVec3@2@000AEBVPxMat33@2@PEAMPEAV32@@Z 0000000180058210 f   GuDistanceSegmentBox.obj
 0001:00058980       ?distanceSegmentSegmentSquared@Gu@physx@@YAMAEBVPxVec3@2@0M00MPEAM1@Z 0000000180059980 f   GuDistanceSegmentSegment.obj
 0001:00059180       ?distanceSegmentSegmentSquared@Gu@physx@@YAMAEBVPxVec3@2@000PEAM1@Z 000000018005a180 f   GuDistanceSegmentSegment.obj
 0001:00059420       ?distanceSegmentSegmentSquared@Gu@physx@@YA?AT__m128@@AEBT3@000AEAT3@1@Z 000000018005a420 f   GuDistanceSegmentSegment.obj
 0001:00059630       ?distanceSegmentSegmentSquared4@Gu@physx@@YA?AT__m128@@AEBT3@000000000AEAT3@1@Z 000000018005a630 f   GuDistanceSegmentSegment.obj
 0001:00059db0       ?distanceSegmentTriangleSquared@Gu@physx@@YAMAEBVPxVec3@2@0000PEAM11@Z 000000018005adb0 f   GuDistanceSegmentTriangle.obj
 0001:0005b420       ?distanceSegmentTriangleSquared@Gu@physx@@YA?AT__m128@@AEBT3@0000AEAT3@1@Z 000000018005c420 f   GuDistanceSegmentTriangle.obj
 0001:0005c380       ?sweepBoxBox@Gu@physx@@YA_NAEBVBox@12@0AEBVPxVec3@2@MV?$PxFlags@W4Enum@PxHitFlag@physx@@G@2@AEAUPxSweepHit@2@@Z 000000018005d380 f   GuSweepBoxBox.obj
 0001:0005dfd0       ?sweepBoxSphere@Gu@physx@@YA_NAEBVBox@12@MAEBVPxVec3@2@1MAEAMAEAV42@V?$PxFlags@W4Enum@PxHitFlag@physx@@G@2@@Z 000000018005efd0 f   GuSweepBoxSphere.obj
 0001:0005ec60       ?sweepBoxTriangle@Gu@physx@@YA_NAEBVPxTriangle@2@AEBVPxBounds3@2@AEBVPxVec3@2@2AEAV52@3AEAM_N@Z 000000018005fc60 f   GuSweepBoxTriangle_FeatureBased.obj
 0001:000608c0       ?triBoxSweepTestBoxSpace@Gu@physx@@YAHAEBVPxTriangle@2@AEBVPxVec3@2@11MAEAM_N@Z 00000001800618c0 f   GuSweepBoxTriangle_SAT.obj
 0001:00061580       ?sweepCapsuleBox@Gu@physx@@YA_NAEBVCapsule@12@AEBVPxTransform@2@AEBVPxVec3@2@2MAEAV52@AEAM3V?$PxFlags@W4Enum@PxHitFlag@physx@@G@2@@Z 0000000180062580 f   GuSweepCapsuleBox.obj
 0001:000619f0       ??0PxTriangle@physx@@QEAA@XZ 00000001800629f0 f i GuSweepCapsuleBox.obj
 0001:00061a00       ??1PxTriangle@physx@@QEAA@XZ 0000000180062a00 f i GuSweepCapsuleBox.obj
 0001:00062e30       ?sweepCapsuleCapsule@Gu@physx@@YA_NAEBVCapsule@12@0AEBVPxVec3@2@MAEAMAEAV42@3IAEAG@Z 0000000180063e30 f   GuSweepCapsuleCapsule.obj
 0001:00063fa0       ??0Capsule@Gu@physx@@QEAA@XZ 0000000180064fa0 f i GuSweepCapsuleCapsule.obj
 0001:00063fb0       ??1Capsule@Gu@physx@@QEAA@XZ 0000000180064fb0 f i GuSweepCapsuleCapsule.obj
 0001:00064310       ?sweepCapsuleTriangles_Precise@Gu@physx@@YA_NIPEIBVPxTriangle@2@AEBVCapsule@12@AEBVPxVec3@2@MPEIBIAEAUPxSweepHit@2@AEAV52@V?$PxFlags@W4Enum@PxHitFlag@physx@@G@2@_NPEBVBoxPadded@12@@Z 0000000180065310 f   GuSweepCapsuleTriangle.obj
 0001:00066ae0       ?sweepSphereCapsule@Gu@physx@@YA_NAEBVSphere@12@AEBVCapsule@12@AEBVPxVec3@2@MAEAMAEAV52@4V?$PxFlags@W4Enum@PxHitFlag@physx@@G@2@@Z 0000000180067ae0 f   GuSweepSphereCapsule.obj
 0001:00067300       ?sweepSphereSphere@Gu@physx@@YA_NAEBVPxVec3@2@M0M0AEAMAEAV32@@Z 0000000180068300 f   GuSweepSphereSphere.obj
 0001:000677a0       ?sweepSphereVSTri@Gu@physx@@YA_NPEIBVPxVec3@2@AEBV32@1M1AEAMAEA_N_N@Z 00000001800687a0 f   GuSweepSphereTriangle.obj
 0001:00068610       ?sweepSphereVSQuad@Gu@physx@@YA_NPEIBVPxVec3@2@AEBV32@1M1AEAM@Z 0000000180069610 f   GuSweepSphereTriangle.obj
 0001:00069a20       ?sweepSphereTriangles@Gu@physx@@YA_NIPEIBVPxTriangle@2@AEBVPxVec3@2@M1MPEIBIAEAUPxSweepHit@2@AEAV42@_N555@Z 000000018006aa20 f   GuSweepSphereTriangle.obj
 0001:0006ad10       ?computeSphereTriImpactData@Gu@physx@@YAXAEAVPxVec3@2@0AEBV32@1MAEBVPxTriangle@2@@Z 000000018006bd10 f   GuSweepTriangleUtils.obj
 0001:0006afa0       ?computeBoxTriImpactData@Gu@physx@@YAXAEAVPxVec3@2@0AEBV32@1AEBVPxTriangle@2@M@Z 000000018006bfa0 f   GuSweepTriangleUtils.obj
 0001:0006b2c0       ?computeEdgeEdgeNormal@Gu@physx@@YAXAEAVPxVec3@2@AEBV32@1111M@Z 000000018006c2c0 f   GuSweepTriangleUtils.obj
 0001:0006b7b0       ??$gjk@U?$LocalConvex@VTriangleV@Gu@physx@@@Gu@physx@@U?$LocalConvex@VBoxV@Gu@physx@@@23@@Gu@physx@@YA?AW4GjkStatus@01@AEBU?$LocalConvex@VTriangleV@Gu@physx@@@01@AEBU?$LocalConvex@VBoxV@Gu@physx@@@01@AEBT__m128@@2AEAT5@333@Z 000000018006c7b0 f i GuSweepTriangleUtils.obj
 0001:0006c930       ??_E?$LocalConvex@VBoxV@Gu@physx@@@Gu@physx@@UEAAPEAXI@Z 000000018006d930 f i GuSweepTriangleUtils.obj
 0001:0006c930       ??_G?$LocalConvex@VBoxV@Gu@physx@@@Gu@physx@@UEAAPEAXI@Z 000000018006d930 f i GuSweepTriangleUtils.obj
 0001:0006c970       ??_E?$LocalConvex@VTriangleV@Gu@physx@@@Gu@physx@@UEAAPEAXI@Z 000000018006d970 f i GuSweepTriangleUtils.obj
 0001:0006c970       ??_G?$LocalConvex@VTriangleV@Gu@physx@@@Gu@physx@@UEAAPEAXI@Z 000000018006d970 f i GuSweepTriangleUtils.obj
 0001:0006c9b0       ?getSweepMargin@?$LocalConvex@VBoxV@Gu@physx@@@Gu@physx@@UEBA?AT__m128@@XZ 000000018006d9b0 f i GuSweepTriangleUtils.obj
 0001:0006c9e0       ?getSweepMargin@?$LocalConvex@VTriangleV@Gu@physx@@@Gu@physx@@UEBA?AT__m128@@XZ 000000018006d9e0 f i GuSweepTriangleUtils.obj
 0001:0006cd90       ?support@?$LocalConvex@VBoxV@Gu@physx@@@Gu@physx@@UEBA?AT__m128@@AEBT4@@Z 000000018006dd90 f i GuSweepTriangleUtils.obj
 0001:0006cdd0       ?support@?$LocalConvex@VBoxV@Gu@physx@@@Gu@physx@@UEBA?AT__m128@@AEBT4@AEAHPEAT4@@Z 000000018006ddd0 f i GuSweepTriangleUtils.obj
 0001:0006ce10       ?support@?$LocalConvex@VTriangleV@Gu@physx@@@Gu@physx@@UEBA?AT__m128@@AEBT4@@Z 000000018006de10 f i GuSweepTriangleUtils.obj
 0001:0006cec0       ?support@?$LocalConvex@VTriangleV@Gu@physx@@@Gu@physx@@UEBA?AT__m128@@AEBT4@AEAHPEAT4@@Z 000000018006dec0 f i GuSweepTriangleUtils.obj
 0001:0006d010       ?supportPoint@?$LocalConvex@VBoxV@Gu@physx@@@Gu@physx@@UEBA?AT__m128@@HPEAT4@@Z 000000018006e010 f i GuSweepTriangleUtils.obj
 0001:0006d050       ?supportPoint@?$LocalConvex@VTriangleV@Gu@physx@@@Gu@physx@@UEBA?AT__m128@@HPEAT4@@Z 000000018006e050 f i GuSweepTriangleUtils.obj
 0001:0006d070       ?epaPenetration@Gu@physx@@YA?AW4GjkStatus@12@AEBUGjkConvex@12@0PEIAE1EAEAT__m128@@222_N@Z 000000018006e070 f   GuEPA.obj
 0001:0006e0e0       ?silhouette@Facet@Gu@physx@@QEAAXAEBT__m128@@PEIBT4@1AEAVEdgeBuffer@23@AEAV?$InlineDeferredIDPool@$0EA@@Cm@3@@Z 000000018006f0e0 f   GuEPA.obj
 0001:0006e2b0       ?PenetrationDepth@EPA@Gu@physx@@QEAA?AW4GjkStatus@23@AEBUGjkConvex@23@0PEIBT__m128@@11HAEAT6@222_N@Z 000000018006f2b0 f   GuEPA.obj
 0001:0006ee70       ?expandPoint@EPA@Gu@physx@@QEAA_NAEBUGjkConvex@23@0AEAHAEBT__m128@@2@Z 000000018006fe70 f   GuEPA.obj
 0001:0006ef70       ?expandSegment@EPA@Gu@physx@@QEAA_NAEBUGjkConvex@23@0AEAHAEBT__m128@@2@Z 000000018006ff70 f   GuEPA.obj
 0001:0006f0d0       ?expandTriangle@EPA@Gu@physx@@QEAA_NAEAHAEBT__m128@@1@Z 00000001800700d0 f   GuEPA.obj
 0001:0006f190       ?addFacet@EPA@Gu@physx@@QEAAPEAVFacet@23@IIIAEBT__m128@@0@Z 0000000180070190 f   GuEPA.obj
 0001:0006fcf0       ??0Edge@Gu@physx@@QEAA@XZ  0000000180070cf0 f i GuEPA.obj
 0001:0006fd00       ??0Facet@Gu@physx@@QEAA@XZ 0000000180070d00 f i GuEPA.obj
 0001:00070210       ?closestPtPointTetrahedron@Gu@physx@@YA?AT__m128@@PEIAT3@00AEAI@Z 0000000180071210 f   GuGJKSimplex.obj
 0001:00070ad0       ?closestPtPointTetrahedron@Gu@physx@@YA?AT__m128@@PEIAT3@00PEIAH1AEAI@Z 0000000180071ad0 f   GuGJKSimplex.obj
 0001:00073030       ?testGjk@Gu@physx@@YA?AW4GjkStatus@12@AEAUGjkConvex@12@0AEBT__m128@@1AEAT5@222@Z 0000000180074030 f   GuGJKTest.obj
 0001:00073040       ?testGjkPenetration@Gu@physx@@YA?AW4GjkStatus@12@AEAUGjkConvex@12@0AEBT__m128@@1AEAT5@222@Z 0000000180074040 f   GuGJKTest.obj
 0001:000730d0       ?testGjkPenetration@Gu@physx@@YA?AW4GjkStatus@12@AEAUGjkConvex@12@0AEBT__m128@@1AEAT5@222PEAE3E@Z 00000001800740d0 f   GuGJKTest.obj
 0001:00073160       ?testEpaPenetration@Gu@physx@@YA?AW4GjkStatus@12@AEAUGjkConvex@12@0AEAT__m128@@111@Z 0000000180074160 f   GuGJKTest.obj
 0001:000731d0       ?testEpaPenetration@Gu@physx@@YA?AW4GjkStatus@12@AEAUGjkConvex@12@0AEAT__m128@@111PEAE2E@Z 00000001800741d0 f   GuGJKTest.obj
 0001:00073250       ?testGjkRaycast@Gu@physx@@YA_NAEAUGjkConvex@12@0AEBT__m128@@111AEAT4@22M@Z 0000000180074250 f   GuGJKTest.obj
 0001:000732e0       ??$gjk@UGjkConvex@Gu@physx@@U123@@Gu@physx@@YA?AW4GjkStatus@01@AEBUGjkConvex@01@0AEBT__m128@@1AEAT4@222@Z 00000001800742e0 f i GuGJKTest.obj
 0001:000743a0       ??$gjkPenetration@UGjkConvex@Gu@physx@@U123@@Gu@physx@@YA?AW4GjkStatus@01@AEBUGjkConvex@01@0AEBT__m128@@1AEAT4@222PEIAE3AEAE_N@Z 00000001800753a0 f i GuGJKTest.obj
 0001:00076230       ??$gjkRaycast@UGjkConvex@Gu@physx@@U123@@Gu@physx@@YA_NAEBUGjkConvex@01@0AEBT__m128@@111AEAT3@22M@Z 0000000180077230 f i GuGJKTest.obj
 0001:00077270       ?intersectOBBOBB@Gu@physx@@YA_NAEBVPxVec3@2@0AEBVPxMat33@2@001_N@Z 0000000180078270 f   GuIntersectionBoxBox.obj
 0001:00077ab0       ?intersectCapsuleTriangle@Gu@physx@@YA_NAEBVPxVec3@2@000AEBVCapsule@12@AEBUCapsuleTriangleOverlapData@12@@Z 0000000180078ab0 f   GuIntersectionCapsuleTriangle.obj
 0001:00078950       ?intersectEdgeEdge@Gu@physx@@YA_NAEBVPxVec3@2@0000AEAMAEAV32@@Z 0000000180079950 f   GuIntersectionEdgeEdge.obj
 0001:00078d50       ?rayAABBIntersect@Gu@physx@@YA_NAEBVPxVec3@2@000AEAV32@@Z 0000000180079d50 f   GuIntersectionRayBox.obj
 0001:00078f50       ?rayAABBIntersect2@Gu@physx@@YAIAEBVPxVec3@2@000AEAV32@AEAM@Z 0000000180079f50 f   GuIntersectionRayBox.obj
 0001:00079160       ?intersectRayAABB@Gu@physx@@YAHAEBVPxVec3@2@000AEAM1@Z 000000018007a160 f   GuIntersectionRayBox.obj
 0001:00079280       ?intersectRayAABB@Gu@physx@@YAHAEBVPxVec3@2@0000AEAM1@Z 000000018007a280 f   GuIntersectionRayBox.obj
 0001:00079440       ?intersectRayAABB2@Gu@physx@@YA_NAEBVPxVec3@2@000MAEAM1@Z 000000018007a440 f   GuIntersectionRayBox.obj
 0001:00079600       ?intersectRayAABB2@Gu@physx@@YA_NAEBT__m128@@0000AEAT3@1@Z 000000018007a600 f   GuIntersectionRayBox.obj
 0001:00079930       ?intersectRayCapsuleInternal@Gu@physx@@YAIAEBVPxVec3@2@000MQEAM@Z 000000018007a930 f   GuIntersectionRayCapsule.obj
 0001:0007a3d0       ?intersectRaySphereBasic@Gu@physx@@YA_NAEBVPxVec3@2@0M0MAEAMPEAV32@@Z 000000018007b3d0 f   GuIntersectionRaySphere.obj
 0001:0007a530       ?intersectRaySphere@Gu@physx@@YA_NAEBVPxVec3@2@0M0MAEAMPEAV32@@Z 000000018007b530 f   GuIntersectionRaySphere.obj
 0001:0007a6e0       ?intersectSphereBox@Gu@physx@@YA_NAEBVSphere@12@AEBVBox@12@@Z 000000018007b6e0 f   GuIntersectionSphereBox.obj
 0001:0007a950       ?intersectTriangleBox_ReferenceCode@Gu@physx@@YAHAEBVPxVec3@2@0000@Z 000000018007b950 f   GuIntersectionTriangleBox.obj
 0001:0007b170       ?intersectTriangleBox_Unsafe@Gu@physx@@YAHAEBVPxVec3@2@0000@Z 000000018007c170 f   GuIntersectionTriangleBox.obj
 0001:0007b530       ?intersectTriangleBox@Gu@physx@@YAHAEBVBoxPadded@12@AEBVPxVec3@2@11@Z 000000018007c530 f   GuIntersectionTriangleBox.obj
 0001:0007ba80       ?intersectTriangleBoxBV4@@YAHAEBVPxVec3@physx@@00AEBVPxMat33@2@00@Z 000000018007ca80 f   GuIntersectionTriangleBox.obj
 0001:0007c420       ??0BV32Tree@Gu@physx@@QEAA@W4PxEMPTY@2@@Z 000000018007d420 f   GuBV32.obj
 0001:0007c440       ?exportExtraData@BV32Tree@Gu@physx@@QEAAXAEAVPxSerializationContext@3@@Z 000000018007d440 f   GuBV32.obj
 0001:0007c490       ?importExtraData@BV32Tree@Gu@physx@@QEAAXAEAVPxDeserializationContext@3@@Z 000000018007d490 f   GuBV32.obj
 0001:0007c4c0       ??0BV32Tree@Gu@physx@@QEAA@XZ 000000018007d4c0 f   GuBV32.obj
 0001:0007c4f0       ??0BV32Tree@Gu@physx@@QEAA@PEAVSourceMesh@12@AEBVPxBounds3@2@@Z 000000018007d4f0 f   GuBV32.obj
 0001:0007c5b0       ??1BV32Tree@Gu@physx@@QEAA@XZ 000000018007d5b0 f   GuBV32.obj
 0001:0007c5c0       ?load@BV32Tree@Gu@physx@@QEAA_NAEAVPxInputStream@3@I@Z 000000018007d5c0 f   GuBV32.obj
 0001:0007c7a0       ?calculateLeafNode@BV32Tree@Gu@physx@@QEAAXAEAUBV32Data@23@@Z 000000018007d7a0 f   GuBV32.obj
 0001:0007c9d0       ?createSOAformatNode@BV32Tree@Gu@physx@@QEAAXAEAUBV32DataPacked@23@AEBUBV32Data@23@IAEAI2@Z 000000018007d9d0 f   GuBV32.obj
 0001:0007ce40       ?reset@BV32Tree@Gu@physx@@QEAAXXZ 000000018007de40 f   GuBV32.obj
 0001:0007ce60       ??4BV32Tree@Gu@physx@@QEAAXAEAV012@@Z 000000018007de60 f   GuBV32.obj
 0001:0007cec0       ?init@BV32Tree@Gu@physx@@QEAA_NPEAVSourceMesh@23@AEBVPxBounds3@3@@Z 000000018007dec0 f   GuBV32.obj
 0001:0007cf70       ?release@BV32Tree@Gu@physx@@QEAAXXZ 000000018007df70 f   GuBV32.obj
 0001:0007d2f0       ?BuildBV32Ex@Gu@physx@@YA_NAEAVBV32Tree@12@AEAVSourceMesh@12@MI@Z 000000018007e2f0 f   GuBV32Build.obj
 0001:0007d4f0       ??0BV32Data@Gu@physx@@QEAA@XZ 000000018007e4f0 f i GuBV32Build.obj
 0001:0007d530       ??0BV32Node@@QEAA@XZ       000000018007e530 f i GuBV32Build.obj
 0001:0007e6a0       ??0SourceMesh@Gu@physx@@QEAA@XZ 000000018007f6a0 f   GuBV4.obj
 0001:0007e6d0       ??1SourceMesh@Gu@physx@@QEAA@XZ 000000018007f6d0 f   GuBV4.obj
 0001:0007e730       ?reset@SourceMesh@Gu@physx@@QEAAXXZ 000000018007f730 f   GuBV4.obj
 0001:0007e750       ??4SourceMesh@Gu@physx@@QEAAXAEAV012@@Z 000000018007f750 f   GuBV4.obj
 0001:0007e7a0       ?remapTopology@SourceMesh@Gu@physx@@QEAAXPEBI@Z 000000018007f7a0 f   GuBV4.obj
 0001:0007eaa0       ?isValid@SourceMesh@Gu@physx@@QEBA_NXZ 000000018007faa0 f   GuBV4.obj
 0001:0007ead0       ??0BV4Tree@Gu@physx@@QEAA@W4PxEMPTY@2@@Z 000000018007fad0 f   GuBV4.obj
 0001:0007eaf0       ?exportExtraData@BV4Tree@Gu@physx@@QEAAXAEAVPxSerializationContext@3@@Z 000000018007faf0 f   GuBV4.obj
 0001:0007eb40       ?importExtraData@BV4Tree@Gu@physx@@QEAAXAEAVPxDeserializationContext@3@@Z 000000018007fb40 f   GuBV4.obj
 0001:0007eb70       ??0BV4Tree@Gu@physx@@QEAA@XZ 000000018007fb70 f   GuBV4.obj
 0001:0007eba0       ??0BV4Tree@Gu@physx@@QEAA@PEAVSourceMesh@12@AEBVPxBounds3@2@@Z 000000018007fba0 f   GuBV4.obj
 0001:0007ec70       ??1BV4Tree@Gu@physx@@QEAA@XZ 000000018007fc70 f   GuBV4.obj
 0001:0007ecd0       ?load@BV4Tree@Gu@physx@@QEAA_NAEAVPxInputStream@3@I@Z 000000018007fcd0 f   GuBV4.obj
 0001:0007ef10       ?reset@BV4Tree@Gu@physx@@QEAAXXZ 000000018007ff10 f   GuBV4.obj
 0001:0007ef40       ??4BV4Tree@Gu@physx@@QEAAXAEAV012@@Z 000000018007ff40 f   GuBV4.obj
 0001:0007efd0       ?init@BV4Tree@Gu@physx@@QEAA_NPEAVSourceMesh@23@AEBVPxBounds3@3@@Z 000000018007ffd0 f   GuBV4.obj
 0001:0007f080       ?release@BV4Tree@Gu@physx@@QEAAXXZ 0000000180080080 f   GuBV4.obj
 0001:0007f360       ??0IndTri16@Gu@physx@@QEAA@XZ 0000000180080360 f i GuBV4.obj
 0001:0007f370       ??0IndTri32@Gu@physx@@QEAA@XZ 0000000180080370 f i GuBV4.obj
 0001:0007f380       ??1IndTri16@Gu@physx@@QEAA@XZ 0000000180080380 f i GuBV4.obj
 0001:0007f390       ??1IndTri32@Gu@physx@@QEAA@XZ 0000000180080390 f i GuBV4.obj
 0001:0007f3a0       ??_EIndTri16@Gu@physx@@QEAAPEAXI@Z 00000001800803a0 f i GuBV4.obj
 0001:0007f440       ??_EIndTri32@Gu@physx@@QEAAPEAXI@Z 0000000180080440 f i GuBV4.obj
 0001:0007f4e0       ??0AABBTree@Gu@physx@@QEAA@XZ 00000001800804e0 f   GuBV4Build.obj
 0001:0007f500       ??1AABBTree@Gu@physx@@QEAA@XZ 0000000180080500 f   GuBV4Build.obj
 0001:0007f510       ?buildFromMesh@AABBTree@Gu@physx@@QEAA_NAEAVSourceMesh@23@I@Z 0000000180080510 f   GuBV4Build.obj
 0001:0007f910       ?release@AABBTree@Gu@physx@@QEAAXXZ 0000000180080910 f   GuBV4Build.obj
 0001:0007f9c0       ?walk@AABBTree@Gu@physx@@QEBAIP6A_NPEBVAABBTreeNode@23@IPEAX@Z1@Z 00000001800809c0 f   GuBV4Build.obj
 0001:0007fa90       ?BuildBV4Ex@Gu@physx@@YA_NAEAVBV4Tree@12@AEAVSourceMesh@12@MI@Z 0000000180080a90 f   GuBV4Build.obj
 0001:0007fd40       ??0BVData@@QEAA@XZ         0000000180080d40 f   GuBV4Build.obj
 0001:0007fd80       ??1BV4BuildParams@@QEAA@XZ 0000000180080d80 f   GuBV4Build.obj
 0001:0007fd90       ?allocateNode@BV4BuildParams@@QEAAPEAUBV4Node@@XZ 0000000180080d90 f   GuBV4Build.obj
 0001:0007fe70       ?releaseNodes@BV4BuildParams@@QEAAXXZ 0000000180080e70 f   GuBV4Build.obj
 0001:00080220       ??0AABBTreeNode@Gu@physx@@QEAA@XZ 0000000180081220 f i GuBV4Build.obj
 0001:00080240       ??0BV4Node@@QEAA@XZ        0000000180081240 f i GuBV4Build.obj
 0001:000802a0       ??0Slab@BV4BuildParams@@QEAA@XZ 00000001800812a0 f i GuBV4Build.obj
 0001:00080310       ??1AABBTreeNode@Gu@physx@@QEAA@XZ 0000000180081310 f i GuBV4Build.obj
 0001:00080330       ??1BV4Node@@QEAA@XZ        0000000180081330 f i GuBV4Build.obj
 0001:00080340       ??1BVData@@QEAA@XZ         0000000180081340 f i GuBV4Build.obj
 0001:00080350       ??_EAABBTreeNode@Gu@physx@@QEAAPEAXI@Z 0000000180081350 f i GuBV4Build.obj
 0001:000827a0       ?Sweep_AABB_BV4@@YAHAEBVBox@Gu@physx@@AEBVPxVec3@3@MAEBVBV4Tree@23@PEIAVSweepHit@23@I@Z 00000001800837a0 f   GuBV4_AABBSweep.obj
 0001:00082cd0       ?Sweep_AABB_BV4_CB@@YAXAEBVBox@Gu@physx@@AEBVPxVec3@3@MAEBVBV4Tree@23@PEIBVPxMat44@3@P6A_NPEAXAEBVSweepHit@23@@Z4I_N@Z 0000000180083cd0 f   GuBV4_AABBSweep.obj
 0001:00082e80       ?GenericSweep_AABB_CB@@YAXAEBVBox@Gu@physx@@AEBVPxVec3@3@MAEBVBV4Tree@23@P6A_NPEAX111IAEAM@Z3I@Z 0000000180083e80 f   GuBV4_AABBSweep.obj
 0001:0008aad0       ??DPxMat33@physx@@QEBA?BVPxVec3@1@AEBV21@@Z 000000018008bad0 f i GuBV4_AABBSweep.obj
 0001:0008b4b0       ?rotate@PxMat44@physx@@QEBA?BVPxVec3@2@AEBV32@@Z 000000018008c4b0 f i GuBV4_AABBSweep.obj
 0001:0008b580       ?rotate@PxMat44@physx@@QEBA?BVPxVec4@2@AEBV32@@Z 000000018008c580 f i GuBV4_AABBSweep.obj
 0001:0008c790       ?BV4_OverlapBoxAny@@YAHAEBVBox@Gu@physx@@AEBVBV4Tree@23@PEIBVPxMat44@3@@Z 000000018008d790 f   GuBV4_BoxOverlap.obj
 0001:0008cf80       ?BV4_OverlapBoxAll@@YAIAEBVBox@Gu@physx@@AEBVBV4Tree@23@PEIBVPxMat44@3@PEAIIAEA_N@Z 000000018008df80 f   GuBV4_BoxOverlap.obj
[...]
 0003:00001c70       ??_R0?AVRTreeTriangleData@Gu@physx@@@8 000000018024ec70     GuMeshFactory.obj
 0003:00001cb0       ??_R0E@8                   000000018024ecb0     GuMeshFactory.obj
 0003:00001cc8       ??_R0I@8                   000000018024ecc8     GuMeshFactory.obj
 0003:00001ce0       ??_R0G@8                   000000018024ece0     GuMeshFactory.obj
 0003:00001cf8       ??_R0?AVtype_info@@@8      000000018024ecf8     LIBCMT:std_type_info_static.obj
 0003:00001d20       ??_R0?AVDNameNode@@@8      000000018024ed20     libvcruntime:undname.obj
 0003:00001d48       ??_R0?AVcharNode@@@8       000000018024ed48     libvcruntime:undname.obj
 0003:00001d70       ??_R0?AVpcharNode@@@8      000000018024ed70     libvcruntime:undname.obj
 0003:00001d98       ??_R0?AVpDNameNode@@@8     000000018024ed98     libvcruntime:undname.obj
 0003:00001dc0       ??_R0?AVDNameStatusNode@@@8 000000018024edc0     libvcruntime:undname.obj
 0003:00001df0       ??_R0?AVpairNode@@@8       000000018024edf0     libvcruntime:undname.obj
 0003:00002a20       ?boxVertexTable@physx@@3QBT__m128@@B 000000018024fa20     GuConvexSupportTable.obj
 0003:000055b8       __hmod__PxFoundationCHECKED_x64_dll 00000001802525b8     PxFoundationCHECKED_x64:PxFoundationCHECKED_x64.dll
 0003:000055c0       ?DloadKernel32@@3PEAUHINSTANCE__@@EA 00000001802525c0     delayimp:delayhlp.obj
 0003:000055c8       ?DloadAcquireSRWLockExclusive@@3P6AXPEA_K@ZEA 00000001802525c8     delayimp:delayhlp.obj
 0003:000055d0       ?DloadReleaseSRWLockExclusive@@3P6AXPEA_K@ZEA 00000001802525d0     delayimp:delayhlp.obj
 0003:000055d8       ?DloadSrwLock@@3_KA        00000001802525d8     delayimp:delayhlp.obj
 0003:000055e0       ?DloadSectionLockCount@@3KA 00000001802525e0     delayimp:delayhlp.obj
 0003:000055e4       ?DloadSectionOldProtection@@3KA 00000001802525e4     delayimp:delayhlp.obj
 0003:000055e8       ?DloadSectionCommitPermanent@@3KA 00000001802525e8     delayimp:delayhlp.obj
 0003:00005600       ?__type_info_root_node@@3U__type_info_node@@A 0000000180252600     LIBCMT:tncleanup.obj
 0003:00005618       __scrt_current_native_startup_state 0000000180252618     LIBCMT:utility.obj
 0003:00005620       __scrt_native_startup_lock 0000000180252620     LIBCMT:utility.obj
 0003:00005668       ?_OptionsStorage@?1??__local_stdio_printf_options@@9@4_KA 0000000180252668     LIBCMT:default_local_stdio_options.obj
 0003:00005678       ?_OptionsStorage@?1??__local_stdio_scanf_options@@9@4_KA 0000000180252678     LIBCMT:default_local_stdio_options.obj
 0003:00005684       __scrt_debugger_hook_flag  0000000180252684     LIBCMT:utility_desktop.obj
 0003:00005688       __favor                    0000000180252688     LIBCMT:_cpu_disp_.obj
 0003:00005690       __pPurecall                0000000180252690     libvcruntime:purevirt_data.obj
 0003:000056a0       ?pArgList@UnDecorator@@0PEAVReplicator@@EA 00000001802526a0     libvcruntime:undname.obj
 0003:000056a8       ?pZNameList@UnDecorator@@0PEAVReplicator@@EA 00000001802526a8     libvcruntime:undname.obj
 0003:000056b0       ?pTemplateArgList@UnDecorator@@0PEAVReplicator@@EA 00000001802526b0     libvcruntime:undname.obj
 0003:000056b8       ?gName@UnDecorator@@0PEBDEB 00000001802526b8     libvcruntime:undname.obj
 0003:000056c0       ?name@UnDecorator@@0PEBDEB 00000001802526c0     libvcruntime:undname.obj
 0003:000056c8       ?outputString@UnDecorator@@0PEADEA 00000001802526c8     libvcruntime:undname.obj
 0003:000056d0       ?maxStringLength@UnDecorator@@0HA 00000001802526d0     libvcruntime:undname.obj
 0003:000056d4       ?disableFlags@UnDecorator@@0KA 00000001802526d4     libvcruntime:undname.obj
 0003:000056d8       ?fExplicitTemplateParams@UnDecorator@@0_NA 00000001802526d8     libvcruntime:undname.obj
 0003:000056d9       ?fGetTemplateArgumentList@UnDecorator@@0_NA 00000001802526d9     libvcruntime:undname.obj
 0003:000056e0       ?m_pGetParameter@UnDecorator@@0P6APEADJ@ZEA 00000001802526e0     libvcruntime:undname.obj
 0003:00005730       ?nodes@?1??make@DNameStatusNode@@SAPEAV2@W4DNameStatus@@@Z@4PAV2@A 0000000180252730     libvcruntime:undname.obj
 0003:0000577c       ??_B?1??make@DNameStatusNode@@SAPEAV1@W4DNameStatus@@@Z@51 000000018025277c     libvcruntime:undname.obj
 0003:00005c98       _environ_table             0000000180252c98     libucrt:environment_initialization.obj
 0003:00005ca0       _wenviron_table            0000000180252ca0     libucrt:environment_initialization.obj
 0003:00005cb0       __dcrt_initial_wide_environment 0000000180252cb0     libucrt:environment_initialization.obj
 0003:00005cc0       __dcrt_initial_narrow_environment 0000000180252cc0     libucrt:environment_initialization.obj
 0003:00005cd0       __acrt_atexit_table        0000000180252cd0     libucrt:onexit.obj
 0003:00005cf0       __acrt_at_quick_exit_table 0000000180252cf0     libucrt:onexit.obj
 0003:00005d0c       __fma3_is_available        0000000180252d0c     libucrt:fma3_available.obj
 0003:00005d10       __use_fma3_lib             0000000180252d10     libucrt:fma3_available.obj
 0003:000061b4       __mbcodepage               00000001802531b4     libucrt:mbctype.obj
 0003:000061b8       __ismbcodepage             00000001802531b8     libucrt:mbctype.obj
 0003:000061c0       __mbulinfo                 00000001802531c0     libucrt:mbctype.obj
 0003:000061d8       __mblocalename             00000001802531d8     libucrt:mbctype.obj
 0003:000061e4       __argc                     00000001802531e4     libucrt:argv_data.obj
 0003:000061e8       __argv                     00000001802531e8     libucrt:argv_data.obj
 0003:000061f8       __wargv                    00000001802531f8     libucrt:argv_data.obj
 0003:00006208       _acmdln                    0000000180253208     libucrt:argv_data.obj
 0003:00006218       _wcmdln                    0000000180253218     libucrt:argv_data.obj
 0003:00006228       _pgmptr                    0000000180253228     libucrt:argv_data.obj
 0003:00006238       _wpgmptr                   0000000180253238     libucrt:argv_data.obj
 0003:00006248       __acrt_heap                0000000180253248     libucrt:heap_handle.obj
 0003:00006260       __pioinfo                  0000000180253260     libucrt:ioinit.obj
 0003:0000672c       _nhandle                   000000018025372c     libucrt:ioinit.obj
 0003:00006778       __acrt_current_locale_data 0000000180253778     libucrt:nlsdata.obj
 0003:00006788       __acrt_stdout_buffer       0000000180253788     libucrt:_sftbuf.obj
 0003:00006798       __acrt_stderr_buffer       0000000180253798     libucrt:_sftbuf.obj
 0003:000067a8       _nstream                   00000001802537a8     libucrt:_file.obj
 0003:000067b0       __piob                     00000001802537b0     libucrt:_file.obj
 0003:000067bc       _cflush                    00000001802537bc     libucrt:_file.obj
 0003:000067cc       __acrt_locale_changed_data 00000001802537cc     libucrt:wsetlocale.obj
 0003:000067d0       __acrt_lconv_static_null   00000001802537d0     libucrt:localeconv.obj
 0003:000067d4       __acrt_lconv_static_W_null 00000001802537d4     libucrt:localeconv.obj
 0003:000075d8       __scrt_ucrt_dll_is_in_use  00000001802545d8     <common>
 0003:000075e8       __dyn_tls_init_callback    00000001802545e8     <common>
 0003:00007600       _pDestructExceptionObject  0000000180254600     <common>
 0005:00000000       __imp_LoadLibraryA         0000000180261000     kernel32:KERNEL32.dll
 0005:00000008       __imp_FreeLibrary          0000000180261008     kernel32:KERNEL32.dll
 0005:00000010       __imp_GetProcAddress       0000000180261010     kernel32:KERNEL32.dll
 0005:00000018       __imp_RaiseException       0000000180261018     kernel32:KERNEL32.dll
 0005:00000020       __imp_GetLastError         0000000180261020     kernel32:KERNEL32.dll
 0005:00000028       __imp_GetSystemInfo        0000000180261028     kernel32:KERNEL32.dll
 0005:00000030       __imp_VirtualProtect       0000000180261030     kernel32:KERNEL32.dll
 0005:00000038       __imp_VirtualQuery         0000000180261038     kernel32:KERNEL32.dll
 0005:00000040       __imp_GetModuleHandleW     0000000180261040     kernel32:KERNEL32.dll
 0005:00000048       __imp_LoadLibraryExA       0000000180261048     kernel32:KERNEL32.dll
 0005:00000050       __imp_InitializeSListHead  0000000180261050     kernel32:KERNEL32.dll
 0005:00000058       __imp_QueryPerformanceCounter 0000000180261058     kernel32:KERNEL32.dll
 0005:00000060       __imp_GetCurrentProcessId  0000000180261060     kernel32:KERNEL32.dll
 0005:00000068       __imp_GetCurrentThreadId   0000000180261068     kernel32:KERNEL32.dll
 0005:00000070       __imp_GetSystemTimeAsFileTime 0000000180261070     kernel32:KERNEL32.dll
 0005:00000078       __imp_RtlCaptureContext    0000000180261078     kernel32:KERNEL32.dll
 0005:00000080       __imp_RtlLookupFunctionEntry 0000000180261080     kernel32:KERNEL32.dll
 0005:00000088       __imp_RtlVirtualUnwind     0000000180261088     kernel32:KERNEL32.dll
 0005:00000090       __imp_IsDebuggerPresent    0000000180261090     kernel32:KERNEL32.dll
 0005:00000098       __imp_UnhandledExceptionFilter 0000000180261098     kernel32:KERNEL32.dll
 0005:000000a0       __imp_SetUnhandledExceptionFilter 00000001802610a0     kernel32:KERNEL32.dll
 0005:000000a8       __imp_GetStartupInfoW      00000001802610a8     kernel32:KERNEL32.dll
 0005:000000b0       __imp_IsProcessorFeaturePresent 00000001802610b0     kernel32:KERNEL32.dll
 0005:000000b8       __imp_InterlockedPushEntrySList 00000001802610b8     kernel32:KERNEL32.dll
 0005:000000c0       __imp_InterlockedFlushSList 00000001802610c0     kernel32:KERNEL32.dll
 0005:000000c8       __imp_RtlUnwindEx          00000001802610c8     kernel32:KERNEL32.dll
 0005:000000d0       __imp_SetLastError         00000001802610d0     kernel32:KERNEL32.dll
 0005:000000d8       __imp_EnterCriticalSection 00000001802610d8     kernel32:KERNEL32.dll
 0005:000000e0       __imp_LeaveCriticalSection 00000001802610e0     kernel32:KERNEL32.dll
 0005:000000e8       __imp_DeleteCriticalSection 00000001802610e8     kernel32:KERNEL32.dll
 0005:000000f0       __imp_InitializeCriticalSectionAndSpinCount 00000001802610f0     kernel32:KERNEL32.dll
 0005:000000f8       __imp_TlsAlloc             00000001802610f8     kernel32:KERNEL32.dll
 0005:00000100       __imp_TlsGetValue          0000000180261100     kernel32:KERNEL32.dll
 0005:00000108       __imp_TlsSetValue          0000000180261108     kernel32:KERNEL32.dll
 0005:00000110       __imp_TlsFree              0000000180261110     kernel32:KERNEL32.dll
 0005:00000118       __imp_LoadLibraryExW       0000000180261118     kernel32:KERNEL32.dll
 0005:00000120       __imp_GetCurrentProcess    0000000180261120     kernel32:KERNEL32.dll
 0005:00000128       __imp_ExitProcess          0000000180261128     kernel32:KERNEL32.dll
 0005:00000130       __imp_TerminateProcess     0000000180261130     kernel32:KERNEL32.dll
 0005:00000138       __imp_GetModuleHandleExW   0000000180261138     kernel32:KERNEL32.dll
 0005:00000140       __imp_GetModuleFileNameA   0000000180261140     kernel32:KERNEL32.dll
 0005:00000148       __imp_GetModuleFileNameW   0000000180261148     kernel32:KERNEL32.dll
 0005:00000150       __imp_MultiByteToWideChar  0000000180261150     kernel32:KERNEL32.dll
 0005:00000158       __imp_WideCharToMultiByte  0000000180261158     kernel32:KERNEL32.dll
 0005:00000160       __imp_HeapFree             0000000180261160     kernel32:KERNEL32.dll
 0005:00000168       __imp_HeapAlloc            0000000180261168     kernel32:KERNEL32.dll
 0005:00000170       __imp_GetCurrentThread     0000000180261170     kernel32:KERNEL32.dll
 0005:00000178       __imp_GetDateFormatW       0000000180261178     kernel32:KERNEL32.dll
 0005:00000180       __imp_GetTimeFormatW       0000000180261180     kernel32:KERNEL32.dll
 0005:00000188       __imp_CompareStringW       0000000180261188     kernel32:KERNEL32.dll
 0005:00000190       __imp_LCMapStringW         0000000180261190     kernel32:KERNEL32.dll
 0005:00000198       __imp_GetLocaleInfoW       0000000180261198     kernel32:KERNEL32.dll
 0005:000001a0       __imp_IsValidLocale        00000001802611a0     kernel32:KERNEL32.dll
 0005:000001a8       __imp_GetUserDefaultLCID   00000001802611a8     kernel32:KERNEL32.dll
 0005:000001b0       __imp_EnumSystemLocalesW   00000001802611b0     kernel32:KERNEL32.dll
 0005:000001b8       __imp_FindClose            00000001802611b8     kernel32:KERNEL32.dll
 0005:000001c0       __imp_FindFirstFileExA     00000001802611c0     kernel32:KERNEL32.dll
 0005:000001c8       __imp_FindFirstFileExW     00000001802611c8     kernel32:KERNEL32.dll
 0005:000001d0       __imp_FindNextFileA        00000001802611d0     kernel32:KERNEL32.dll
 0005:000001d8       __imp_FindNextFileW        00000001802611d8     kernel32:KERNEL32.dll
 0005:000001e0       __imp_IsValidCodePage      00000001802611e0     kernel32:KERNEL32.dll
 0005:000001e8       __imp_GetACP               00000001802611e8     kernel32:KERNEL32.dll
 0005:000001f0       __imp_GetOEMCP             00000001802611f0     kernel32:KERNEL32.dll
 0005:000001f8       __imp_GetCPInfo            00000001802611f8     kernel32:KERNEL32.dll
 0005:00000200       __imp_GetCommandLineA      0000000180261200     kernel32:KERNEL32.dll
 0005:00000208       __imp_GetCommandLineW      0000000180261208     kernel32:KERNEL32.dll
 0005:00000210       __imp_GetEnvironmentStringsW 0000000180261210     kernel32:KERNEL32.dll
 0005:00000218       __imp_FreeEnvironmentStringsW 0000000180261218     kernel32:KERNEL32.dll
 0005:00000220       __imp_SetEnvironmentVariableA 0000000180261220     kernel32:KERNEL32.dll
 0005:00000228       __imp_SetEnvironmentVariableW 0000000180261228     kernel32:KERNEL32.dll
 0005:00000230       __imp_GetProcessHeap       0000000180261230     kernel32:KERNEL32.dll
 0005:00000238       __imp_GetStdHandle         0000000180261238     kernel32:KERNEL32.dll
 0005:00000240       __imp_GetFileType          0000000180261240     kernel32:KERNEL32.dll
 0005:00000248       __imp_SetConsoleCtrlHandler 0000000180261248     kernel32:KERNEL32.dll
 0005:00000250       __imp_GetStringTypeW       0000000180261250     kernel32:KERNEL32.dll
 0005:00000258       __imp_HeapSize             0000000180261258     kernel32:KERNEL32.dll
 0005:00000260       __imp_HeapReAlloc          0000000180261260     kernel32:KERNEL32.dll
 0005:00000268       __imp_SetStdHandle         0000000180261268     kernel32:KERNEL32.dll
 0005:00000270       __imp_WriteFile            0000000180261270     kernel32:KERNEL32.dll
 0005:00000278       __imp_FlushFileBuffers     0000000180261278     kernel32:KERNEL32.dll
 0005:00000280       __imp_GetConsoleCP         0000000180261280     kernel32:KERNEL32.dll
 0005:00000288       __imp_GetConsoleMode       0000000180261288     kernel32:KERNEL32.dll
 0005:00000290       __imp_SetFilePointerEx     0000000180261290     kernel32:KERNEL32.dll
 0005:00000298       __imp_OutputDebugStringA   0000000180261298     kernel32:KERNEL32.dll
 0005:000002a0       __imp_OutputDebugStringW   00000001802612a0     kernel32:KERNEL32.dll
 0005:000002a8       __imp_CloseHandle          00000001802612a8     kernel32:KERNEL32.dll
 0005:000002b0       __imp_WaitForSingleObjectEx 00000001802612b0     kernel32:KERNEL32.dll
 0005:000002b8       __imp_CreateThread         00000001802612b8     kernel32:KERNEL32.dll
 0005:000002c0       __imp_WriteConsoleW        00000001802612c0     kernel32:KERNEL32.dll
 0005:000002c8       __imp_CreateFileW          00000001802612c8     kernel32:KERNEL32.dll
 0005:000002d0       \177KERNEL32_NULL_THUNK_DATA 00000001802612d0     kernel32:KERNEL32.dll
 0005:000003b8       __IMPORT_DESCRIPTOR_KERNEL32 00000001802613b8     kernel32:KERNEL32.dll
 0005:000003cc       __NULL_IMPORT_DESCRIPTOR   00000001802613cc     kernel32:KERNEL32.dll
 0006:00000000       __DELAY_IMPORT_DESCRIPTOR_PxFoundationCHECKED_x64_dll 0000000180263000     PxFoundationCHECKED_x64:PxFoundationCHECKED_x64.dll
 0006:00000020       __NULL_DELAY_IMPORT_DESCRIPTOR 0000000180263020     PxFoundationCHECKED_x64:PxFoundationCHECKED_x64.dll
 0006:000000f0       \177PxFoundationCHECKED_x64_NULL_THUNK_DATA_DLN 00000001802630f0     PxFoundationCHECKED_x64:PxFoundationCHECKED_x64.dll
 0006:00000168       __imp_??0NamedAllocator@shdfnd@physx@@QEAA@PEBD@Z 0000000180263168     PxFoundationCHECKED_x64:PxFoundationCHECKED_x64.dll
 0006:00000170       __imp_?getAllocator@shdfnd@physx@@YAAEAVPxAllocatorCallback@2@XZ 0000000180263170     PxFoundationCHECKED_x64:PxFoundationCHECKED_x64.dll
 0006:00000178       __imp_??1NamedAllocator@shdfnd@physx@@QEAA@XZ 0000000180263178     PxFoundationCHECKED_x64:PxFoundationCHECKED_x64.dll
 0006:00000180       __imp_?allocate@NamedAllocator@shdfnd@physx@@QEAAPEAX_KPEBDH@Z 0000000180263180     PxFoundationCHECKED_x64:PxFoundationCHECKED_x64.dll
 0006:00000188       __imp_?deallocate@NamedAllocator@shdfnd@physx@@QEAAXPEAX@Z 0000000180263188     PxFoundationCHECKED_x64:PxFoundationCHECKED_x64.dll
 0006:00000190       __imp_PxGetFoundation      0000000180263190     PxFoundationCHECKED_x64:PxFoundationCHECKED_x64.dll
 0006:00000198       __imp_?getInstance@Foundation@shdfnd@physx@@SAAEAV123@XZ 0000000180263198     PxFoundationCHECKED_x64:PxFoundationCHECKED_x64.dll
 0006:000001a0       __imp_?error@Foundation@shdfnd@physx@@QEAAXW4Enum@PxErrorCode@3@PEBDH1ZZ 00000001802631a0     PxFoundationCHECKED_x64:PxFoundationCHECKED_x64.dll
 0006:000001a8       __imp_?PxShortestRotation@physx@@YA?AVPxQuat@1@AEBVPxVec3@1@0@Z 00000001802631a8     PxFoundationCHECKED_x64:PxFoundationCHECKED_x64.dll
 0006:000001b0       __imp_?vsnprintf@shdfnd@physx@@YAHPEAD_KPEBD0@Z 00000001802631b0     PxFoundationCHECKED_x64:PxFoundationCHECKED_x64.dll
 0006:000001b8       __imp_?optimizeBoundingBox@shdfnd@physx@@YA?AVPxVec3@2@AEAVPxMat33@2@@Z 00000001802631b8     PxFoundationCHECKED_x64:PxFoundationCHECKED_x64.dll
 0006:000001c0       __imp_??0NamedAllocator@shdfnd@physx@@QEAA@AEBV012@@Z 00000001802631c0     PxFoundationCHECKED_x64:PxFoundationCHECKED_x64.dll
 0006:000001c8       __imp_?allocate@TempAllocator@shdfnd@physx@@QEAAPEAX_KPEBDH@Z 00000001802631c8     PxFoundationCHECKED_x64:PxFoundationCHECKED_x64.dll
 0006:000001d0       __imp_?deallocate@TempAllocator@shdfnd@physx@@QEAAXPEAX@Z 00000001802631d0     PxFoundationCHECKED_x64:PxFoundationCHECKED_x64.dll
 0006:000001d8       __imp_?atomicIncrement@shdfnd@physx@@YAHPECH@Z 00000001802631d8     PxFoundationCHECKED_x64:PxFoundationCHECKED_x64.dll
 0006:000001e0       __imp_?atomicDecrement@shdfnd@physx@@YAHPECH@Z 00000001802631e0     PxFoundationCHECKED_x64:PxFoundationCHECKED_x64.dll
 0006:000001e8       __imp_PxGetProfilerCallback 00000001802631e8     PxFoundationCHECKED_x64:PxFoundationCHECKED_x64.dll
 0006:000001f0       __imp_??0MutexImpl@shdfnd@physx@@QEAA@XZ 00000001802631f0     PxFoundationCHECKED_x64:PxFoundationCHECKED_x64.dll
 0006:000001f8       __imp_??1MutexImpl@shdfnd@physx@@QEAA@XZ 00000001802631f8     PxFoundationCHECKED_x64:PxFoundationCHECKED_x64.dll
 0006:00000200       __imp_?lock@MutexImpl@shdfnd@physx@@QEAAXXZ 0000000180263200     PxFoundationCHECKED_x64:PxFoundationCHECKED_x64.dll
 0006:00000208       __imp_?unlock@MutexImpl@shdfnd@physx@@QEAAXXZ 0000000180263208     PxFoundationCHECKED_x64:PxFoundationCHECKED_x64.dll
 0006:00000210       __imp_?getSize@MutexImpl@shdfnd@physx@@SAAEBIXZ 0000000180263210     PxFoundationCHECKED_x64:PxFoundationCHECKED_x64.dll
 0006:00000218       \177PxFoundationCHECKED_x64_NULL_THUNK_DATA_DLA 0000000180263218     PxFoundationCHECKED_x64:PxFoundationCHECKED_x64.dll
 0006:00000828       \177PxFoundationCHECKED_x64_NULL_THUNK_DATA_DLB 0000000180263828     PxFoundationCHECKED_x64:PxFoundationCHECKED_x64.dll
 0008:00000000       __guard_check_icall_fptr   0000000180265000     LIBCMT:guard_support.obj
 0008:00000010       __guard_dispatch_icall_fptr 0000000180265010     LIBCMT:guard_support.obj
